Archive member included because of file (symbol)

c:/microsemi/softconsole_v4.0/arm-none-eabi-gcc/bin/../lib/gcc/arm-none-eabi/4.9.3/../../../../arm-none-eabi/lib/armv7-m\libg_nano.a(lib_a-errno.o)
                              ./firmware/CMSIS/startup_gcc/newlib_stubs.o (__errno)
c:/microsemi/softconsole_v4.0/arm-none-eabi-gcc/bin/../lib/gcc/arm-none-eabi/4.9.3/../../../../arm-none-eabi/lib/armv7-m\libg_nano.a(lib_a-exit.o)
                              c:/microsemi/softconsole_v4.0/arm-none-eabi-gcc/bin/../lib/gcc/arm-none-eabi/4.9.3/../../../../arm-none-eabi/lib/armv7-m/crt0.o (exit)
c:/microsemi/softconsole_v4.0/arm-none-eabi-gcc/bin/../lib/gcc/arm-none-eabi/4.9.3/../../../../arm-none-eabi/lib/armv7-m\libg_nano.a(lib_a-impure.o)
                              c:/microsemi/softconsole_v4.0/arm-none-eabi-gcc/bin/../lib/gcc/arm-none-eabi/4.9.3/../../../../arm-none-eabi/lib/armv7-m\libg_nano.a(lib_a-exit.o) (_global_impure_ptr)
c:/microsemi/softconsole_v4.0/arm-none-eabi-gcc/bin/../lib/gcc/arm-none-eabi/4.9.3/../../../../arm-none-eabi/lib/armv7-m\libg_nano.a(lib_a-init.o)
                              c:/microsemi/softconsole_v4.0/arm-none-eabi-gcc/bin/../lib/gcc/arm-none-eabi/4.9.3/../../../../arm-none-eabi/lib/armv7-m/crt0.o (__libc_init_array)
c:/microsemi/softconsole_v4.0/arm-none-eabi-gcc/bin/../lib/gcc/arm-none-eabi/4.9.3/../../../../arm-none-eabi/lib/armv7-m\libg_nano.a(lib_a-memcpy.o)
                              ./firmware/drivers/mss_sys_services/mss_sys_services.o (memcpy)
c:/microsemi/softconsole_v4.0/arm-none-eabi-gcc/bin/../lib/gcc/arm-none-eabi/4.9.3/../../../../arm-none-eabi/lib/armv7-m\libg_nano.a(lib_a-memset.o)
                              c:/microsemi/softconsole_v4.0/arm-none-eabi-gcc/bin/../lib/gcc/arm-none-eabi/4.9.3/../../../../arm-none-eabi/lib/armv7-m/crt0.o (memset)

Allocating common symbols
Common symbol       size              file

_rx_buffer_         0x20              ./inc/HM11/hm11.o
g_uart_0            0x8               ./inc/HM11/hm11.o

Discarded input sections

 .text          0x00000000        0x0 c:/microsemi/softconsole_v4.0/arm-none-eabi-gcc/bin/../lib/gcc/arm-none-eabi/4.9.3/armv7-m/crti.o
 .data          0x00000000        0x0 c:/microsemi/softconsole_v4.0/arm-none-eabi-gcc/bin/../lib/gcc/arm-none-eabi/4.9.3/armv7-m/crti.o
 .bss           0x00000000        0x0 c:/microsemi/softconsole_v4.0/arm-none-eabi-gcc/bin/../lib/gcc/arm-none-eabi/4.9.3/armv7-m/crti.o
 .data          0x00000000        0x4 c:/microsemi/softconsole_v4.0/arm-none-eabi-gcc/bin/../lib/gcc/arm-none-eabi/4.9.3/armv7-m/crtbegin.o
 .text          0x00000000       0x74 c:/microsemi/softconsole_v4.0/arm-none-eabi-gcc/bin/../lib/gcc/arm-none-eabi/4.9.3/../../../../arm-none-eabi/lib/armv7-m/crt0.o
 .data          0x00000000        0x0 c:/microsemi/softconsole_v4.0/arm-none-eabi-gcc/bin/../lib/gcc/arm-none-eabi/4.9.3/../../../../arm-none-eabi/lib/armv7-m/crt0.o
 .bss           0x00000000        0x0 c:/microsemi/softconsole_v4.0/arm-none-eabi-gcc/bin/../lib/gcc/arm-none-eabi/4.9.3/../../../../arm-none-eabi/lib/armv7-m/crt0.o
 .ARM.extab     0x00000000        0x0 c:/microsemi/softconsole_v4.0/arm-none-eabi-gcc/bin/../lib/gcc/arm-none-eabi/4.9.3/../../../../arm-none-eabi/lib/armv7-m/crt0.o
 .ARM.exidx     0x00000000        0x8 c:/microsemi/softconsole_v4.0/arm-none-eabi-gcc/bin/../lib/gcc/arm-none-eabi/4.9.3/../../../../arm-none-eabi/lib/armv7-m/crt0.o
 .group         0x00000000        0x8 ./src/main.o
 .text          0x00000000        0x0 ./src/main.o
 .data          0x00000000        0x0 ./src/main.o
 .bss           0x00000000        0x0 ./src/main.o
 .group         0x00000000        0x8 ./inc/HM11/hm11.o
 .group         0x00000000        0x8 ./inc/HM11/hm11.o
 .group         0x00000000        0x8 ./inc/HM11/hm11.o
 .group         0x00000000        0x8 ./inc/HM11/hm11.o
 .group         0x00000000        0x8 ./inc/HM11/hm11.o
 .group         0x00000000        0x8 ./inc/HM11/hm11.o
 .group         0x00000000        0x8 ./inc/HM11/hm11.o
 .group         0x00000000        0x8 ./inc/HM11/hm11.o
 .group         0x00000000        0x8 ./inc/HM11/hm11.o
 .group         0x00000000        0x8 ./inc/HM11/hm11.o
 .group         0x00000000        0x8 ./inc/HM11/hm11.o
 .group         0x00000000        0x8 ./inc/HM11/hm11.o
 .group         0x00000000        0x8 ./inc/HM11/hm11.o
 .group         0x00000000        0x8 ./inc/HM11/hm11.o
 .group         0x00000000        0x8 ./inc/HM11/hm11.o
 .group         0x00000000        0x8 ./inc/HM11/hm11.o
 .group         0x00000000        0x8 ./inc/HM11/hm11.o
 .group         0x00000000        0x8 ./inc/HM11/hm11.o
 .group         0x00000000        0x8 ./inc/HM11/hm11.o
 .group         0x00000000        0x8 ./inc/HM11/hm11.o
 .group         0x00000000        0x8 ./inc/HM11/hm11.o
 .group         0x00000000        0x8 ./inc/HM11/hm11.o
 .group         0x00000000        0x8 ./inc/HM11/hm11.o
 .group         0x00000000        0x8 ./inc/HM11/hm11.o
[...]
Memory Configuration

Name             Origin             Length             Attributes
ram              0x20000000         0x00010000         xrw
*default*        0x00000000         0xffffffff

Linker script and memory map

LOAD c:/microsemi/softconsole_v4.0/arm-none-eabi-gcc/bin/../lib/gcc/arm-none-eabi/4.9.3/armv7-m/crti.o
LOAD c:/microsemi/softconsole_v4.0/arm-none-eabi-gcc/bin/../lib/gcc/arm-none-eabi/4.9.3/armv7-m/crtbegin.o
LOAD c:/microsemi/softconsole_v4.0/arm-none-eabi-gcc/bin/../lib/gcc/arm-none-eabi/4.9.3/../../../../arm-none-eabi/lib/armv7-m/crt0.o
LOAD ./src/main.o
LOAD ./inc/HM11/hm11.o
LOAD ./inc/HM11/hm11_ut.o
LOAD ./firmware/hal/CortexM3/GNU/hal.o
LOAD ./firmware/hal/CortexM3/GNU/hw_reg_access.o
LOAD ./firmware/hal/CortexM3/cortex_nvic.o
LOAD ./firmware/drivers_config/sys_config/sys_config.o
LOAD ./firmware/drivers/mss_sys_services/mss_comblk.o
LOAD ./firmware/drivers/mss_sys_services/mss_sys_services.o
LOAD ./firmware/drivers/mss_rtc/mss_rtc.o
LOAD ./firmware/drivers/mss_pdma/mss_pdma.o
LOAD ./firmware/drivers/mss_nvm/mss_nvm.o
LOAD ./firmware/drivers/mss_hpdma/mss_hpdma.o
LOAD ./firmware/drivers/CoreUARTapb/core_uart_apb.o
LOAD ./firmware/drivers/CoreI2C/core_i2c.o
LOAD ./firmware/drivers/CoreI2C/i2c_interrupt.o
LOAD ./firmware/CMSIS/startup_gcc/newlib_stubs.o
LOAD ./firmware/CMSIS/startup_gcc/startup_m2sxxx.o
LOAD ./firmware/CMSIS/system_m2sxxx.o
START GROUP
LOAD c:/microsemi/softconsole_v4.0/arm-none-eabi-gcc/bin/../lib/gcc/arm-none-eabi/4.9.3/armv7-m\libgcc.a
LOAD c:/microsemi/softconsole_v4.0/arm-none-eabi-gcc/bin/../lib/gcc/arm-none-eabi/4.9.3/../../../../arm-none-eabi/lib/armv7-m\libg_nano.a
LOAD c:/microsemi/softconsole_v4.0/arm-none-eabi-gcc/bin/../lib/gcc/arm-none-eabi/4.9.3/../../../../arm-none-eabi/lib/armv7-m\libc_nano.a
END GROUP
START GROUP
LOAD c:/microsemi/softconsole_v4.0/arm-none-eabi-gcc/bin/../lib/gcc/arm-none-eabi/4.9.3/armv7-m\libgcc.a
LOAD c:/microsemi/softconsole_v4.0/arm-none-eabi-gcc/bin/../lib/gcc/arm-none-eabi/4.9.3/../../../../arm-none-eabi/lib/armv7-m\libc_nano.a
END GROUP
LOAD c:/microsemi/softconsole_v4.0/arm-none-eabi-gcc/bin/../lib/gcc/arm-none-eabi/4.9.3/armv7-m/crtend.o
LOAD c:/microsemi/softconsole_v4.0/arm-none-eabi-gcc/bin/../lib/gcc/arm-none-eabi/4.9.3/armv7-m/crtn.o
START GROUP
LOAD c:/microsemi/softconsole_v4.0/arm-none-eabi-gcc/bin/../lib/gcc/arm-none-eabi/4.9.3/../../../../arm-none-eabi/lib/armv7-m\libc.a
LOAD c:/microsemi/softconsole_v4.0/arm-none-eabi-gcc/bin/../lib/gcc/arm-none-eabi/4.9.3/armv7-m\libgcc.a
LOAD c:/microsemi/softconsole_v4.0/arm-none-eabi-gcc/bin/../lib/gcc/arm-none-eabi/4.9.3/../../../../arm-none-eabi/lib/armv7-m\libm.a
END GROUP
                0x00000000                __DYNAMIC = 0x0
                0x20000000                RAM_START_ADDRESS = 0x20000000
                0x00010000                RAM_SIZE = 0x10000
                0x00001000                MAIN_STACK_SIZE = 0x1000
                0x00001000                MIN_SIZE_HEAP = 0x1000
                0x20010000                PROVIDE (__main_stack_start, (RAM_START_ADDRESS + RAM_SIZE))
                0x20010000                PROVIDE (_estack, __main_stack_start)
                0x00000000                PROVIDE (__mirrored_nvm, 0x0)
                0x00000000                PROVIDE (__smartfusion2_memory_remap, 0x0)

.vector_table   0x20000000      0x190
                0x20000000                __vector_table_load = LOADADDR (.vector_table)
                0x20000000                __vector_table_start = .
                0x20000000                __vector_table_vma_base_address = .
 *(.isr_vector)
 .isr_vector    0x20000000      0x190 ./firmware/CMSIS/startup_gcc/startup_m2sxxx.o
                0x20000000                g_pfnVectors
                0x20000190                . = ALIGN (0x10)
                0x20000190                _evector_table = .

.boot_code      0x20000190      0x330
 *(.boot_code)
 .boot_code     0x20000190      0x324 ./firmware/CMSIS/startup_gcc/startup_m2sxxx.o
                0x20000190                Reset_Handler
                0x2000037e                NMI_Handler
                0x20000380                HardFault_Handler
                0x20000382                MemManage_Handler
                0x20000384                BusFault_Handler
                0x20000386                UsageFault_Handler
                0x20000388                SVC_Handler
                0x2000038a                DebugMon_Handler
                0x2000038c                PendSV_Handler
                0x2000038e                SysTick_Handler
                0x20000390                WdogWakeup_IRQHandler
                0x20000392                RTC_Wakeup_IRQHandler
                0x20000394                SPI0_IRQHandler
                0x20000396                SPI1_IRQHandler
                0x20000398                I2C0_IRQHandler
                0x2000039a                I2C0_SMBAlert_IRQHandler
                0x2000039c                I2C0_SMBus_IRQHandler
                0x2000039e                I2C1_IRQHandler
                0x200003a0                I2C1_SMBAlert_IRQHandler
                0x200003a2                I2C1_SMBus_IRQHandler
                0x200003a4                UART0_IRQHandler
                0x200003a6                UART1_IRQHandler
                0x200003a8                EthernetMAC_IRQHandler
                0x200003ac                Timer1_IRQHandler
                0x200003ae                Timer2_IRQHandler
                0x200003b0                CAN_IRQHandler
                0x200003b2                ENVM0_IRQHandler
                0x200003b4                ENVM1_IRQHandler
                0x200003b8                USB_IRQHandler
                0x200003ba                USB_DMA_IRQHandler
                0x200003bc                PLL_Lock_IRQHandler
                0x200003be                PLL_LockLost_IRQHandler
                0x200003c0                CommSwitchError_IRQHandler
                0x200003c2                CacheError_IRQHandler
                0x200003c4                DDR_IRQHandler
                0x200003ca                ECC_Error_IRQHandler
                0x200003cc                MDDR_IOCalib_IRQHandler
                0x200003ce                FAB_PLL_Lock_IRQHandler
                0x200003d0                FAB_PLL_LockLost_IRQHandler
                0x200003d2                FIC64_IRQHandler
                0x200003d4                FabricIrq0_IRQHandler
                0x200003d8                FabricIrq2_IRQHandler
                0x200003da                FabricIrq3_IRQHandler
                0x200003dc                FabricIrq4_IRQHandler
                0x200003de                FabricIrq5_IRQHandler
                0x200003e0                FabricIrq6_IRQHandler
                0x200003e2                FabricIrq7_IRQHandler
                0x200003e4                FabricIrq8_IRQHandler
                0x200003e6                FabricIrq9_IRQHandler
                0x200003e8                FabricIrq10_IRQHandler
                0x200003ea                FabricIrq11_IRQHandler
                0x200003ec                FabricIrq12_IRQHandler
                0x200003ee                FabricIrq13_IRQHandler
                0x200003f0                FabricIrq14_IRQHandler
                0x200003f2                FabricIrq15_IRQHandler
                0x200003f4                GPIO0_IRQHandler
                0x200003f6                GPIO1_IRQHandler
                0x200003f8                GPIO2_IRQHandler
                0x200003fa                GPIO3_IRQHandler
                0x200003fc                GPIO4_IRQHandler
                0x200003fe                GPIO5_IRQHandler
                0x20000400                GPIO6_IRQHandler
                0x20000402                GPIO7_IRQHandler
                0x20000404                GPIO8_IRQHandler
                0x20000406                GPIO9_IRQHandler
                0x20000408                GPIO10_IRQHandler
                0x2000040a                GPIO11_IRQHandler
                0x2000040c                GPIO12_IRQHandler
                0x2000040e                GPIO13_IRQHandler
                0x20000410                GPIO14_IRQHandler
                0x20000412                GPIO15_IRQHandler
                0x20000414                GPIO16_IRQHandler
                0x20000416                GPIO17_IRQHandler
                0x20000418                GPIO18_IRQHandler
                0x2000041a                GPIO19_IRQHandler
                0x2000041c                GPIO20_IRQHandler
                0x2000041e                GPIO21_IRQHandler
                0x20000420                GPIO22_IRQHandler
                0x20000422                GPIO23_IRQHandler
                0x20000424                GPIO24_IRQHandler
                0x20000426                GPIO25_IRQHandler
                0x20000428                GPIO26_IRQHandler
                0x2000042a                GPIO27_IRQHandler
                0x2000042c                GPIO28_IRQHandler
                0x2000042e                GPIO29_IRQHandler
                0x20000430                GPIO30_IRQHandler
                0x20000432                GPIO31_IRQHandler
                0x20000434                mscc_post_hw_cfg_init
                0x200004c0                . = ALIGN (0x10)
 *fill*         0x200004b4        0xc 

.text           0x200004c0      0xcf0
 CREATE_OBJECT_SYMBOLS
                0x200004c0                __text_load = LOADADDR (.text)
                0x200004c0                __text_start = .
 *(.text .text.* .gnu.linkonce.t.*)
 .text          0x200004c0       0x5c c:/microsemi/softconsole_v4.0/arm-none-eabi-gcc/bin/../lib/gcc/arm-none-eabi/4.9.3/armv7-m/crtbegin.o
 .text.FabricIrq1_IRQHandler
                0x2000051c       0x2c ./inc/HM11/hm11.o
                0x2000051c                FabricIrq1_IRQHandler
 .text.main     0x20000548       0x24 ./inc/HM11/hm11_ut.o
                0x20000548                main
 .text          0x2000056c       0x90 ./firmware/hal/CortexM3/GNU/hw_reg_access.o
                0x2000056c                HW_set_32bit_reg
                0x20000570                HW_get_32bit_reg
                0x20000574                HW_set_32bit_reg_field
                0x20000590                HW_get_32bit_reg_field
                0x2000059c                HW_set_16bit_reg
                0x200005a0                HW_get_16bit_reg
                0x200005a4                HW_set_16bit_reg_field
                0x200005c0                HW_get_16bit_reg_field
                0x200005cc                HW_set_8bit_reg
                0x200005d0                HW_get_8bit_reg
                0x200005d4                HW_set_8bit_reg_field
                0x200005f0                HW_get_8bit_reg_field
 .text.ComBlk_IRQHandler
                0x200005fc       0x48 ./firmware/drivers/mss_sys_services/mss_comblk.o
                0x200005fc                ComBlk_IRQHandler
 .text.handle_tx_okay_irq
                0x20000644      0x1b0 ./firmware/drivers/mss_sys_services/mss_comblk.o
 .text.handle_rx_okay_irq
                0x200007f4      0x204 ./firmware/drivers/mss_sys_services/mss_comblk.o
 .text.complete_request
                0x200009f8       0x40 ./firmware/drivers/mss_sys_services/mss_comblk.o
 .text.abort_current_cmd
                0x20000a38       0x4c ./firmware/drivers/mss_sys_services/mss_comblk.o
 .text.fill_tx_fifo
                0x20000a84       0x64 ./firmware/drivers/mss_sys_services/mss_comblk.o
 .text.process_sys_ctrl_command
                0x20000ae8       0x28 ./firmware/drivers/mss_sys_services/mss_comblk.o
 .text.get_channel_id_from_status
                0x20000b10       0xa0 ./firmware/drivers/mss_pdma/mss_pdma.o
 .text.DMA_IRQHandler
                0x20000bb0       0x7c ./firmware/drivers/mss_pdma/mss_pdma.o
                0x20000bb0                DMA_IRQHandler
 .text.start_transfer
                0x20000c2c      0x14c ./firmware/drivers/mss_hpdma/mss_hpdma.o
 .text.HPDMA_Complete_IRQHandler
                0x20000d78       0xf4 ./firmware/drivers/mss_hpdma/mss_hpdma.o
                0x20000d78                HPDMA_Complete_IRQHandler
 .text.HPDMA_Error_IRQHandler
                0x20000e6c      0x100 ./firmware/drivers/mss_hpdma/mss_hpdma.o
                0x20000e6c                HPDMA_Error_IRQHandler
 .text.UART_get_rx
                0x20000f6c       0xc0 ./firmware/drivers/CoreUARTapb/core_uart_apb.o
                0x20000f6c                UART_get_rx
 .text.SystemInit
                0x2000102c       0x20 ./firmware/CMSIS/system_m2sxxx.o
                0x2000102c                SystemInit
 .text.get_silicon_revision
                0x2000104c       0x48 ./firmware/CMSIS/system_m2sxxx.o
 .text.silicon_workarounds
                0x20001094       0x20 ./firmware/CMSIS/system_m2sxxx.o
 .text.m2s050_rev_a_workarounds
                0x200010b4       0x30 ./firmware/CMSIS/system_m2sxxx.o
 .text.__libc_init_array
                0x200010e4       0x4c c:/microsemi/softconsole_v4.0/arm-none-eabi-gcc/bin/../lib/gcc/arm-none-eabi/4.9.3/../../../../arm-none-eabi/lib/armv7-m\libg_nano.a(lib_a-init.o)
                0x200010e4                __libc_init_array
 *(.plt)
 *(.gnu.warning)
 *(.glue_7t)
 .glue_7t       0x00000000        0x0 linker stubs
 *(.glue_7)
 .glue_7        0x00000000        0x0 linker stubs
 *(.vfp11_veneer)
 .vfp11_veneer  0x00000000        0x0 linker stubs
                0x20001130                . = ALIGN (0x4)
 *crtbegin.o(.ctors)
 *(EXCLUDE_FILE(*crtend.o) .ctors)
 *(SORT(.ctors.*))
 *crtend.o(.ctors)
 *crtbegin.o(.dtors)
 *(EXCLUDE_FILE(*crtend.o) .dtors)
 *(SORT(.dtors.*))
 *crtend.o(.dtors)
 *(.rodata .rodata.* .gnu.linkonce.r.*)
 .rodata        0x20001130       0x60 ./firmware/drivers/mss_pdma/mss_pdma.o
 *(.ARM.extab* .gnu.linkonce.armextab.*)
 *(.gcc_except_table)
 *(.eh_frame_hdr)
 *(.eh_frame)
 .eh_frame      0x20001190        0x0 c:/microsemi/softconsole_v4.0/arm-none-eabi-gcc/bin/../lib/gcc/arm-none-eabi/4.9.3/armv7-m/crtbegin.o
 *(.vector_table)
 *(.init)
 .init          0x20001190        0x4 c:/microsemi/softconsole_v4.0/arm-none-eabi-gcc/bin/../lib/gcc/arm-none-eabi/4.9.3/armv7-m/crti.o
                0x20001190                _init
 .init          0x20001194        0x8 c:/microsemi/softconsole_v4.0/arm-none-eabi-gcc/bin/../lib/gcc/arm-none-eabi/4.9.3/armv7-m/crtn.o
 *(.fini)
 .fini          0x2000119c        0x4 c:/microsemi/softconsole_v4.0/arm-none-eabi-gcc/bin/../lib/gcc/arm-none-eabi/4.9.3/armv7-m/crti.o
                0x2000119c                _fini
 .fini          0x200011a0        0x8 c:/microsemi/softconsole_v4.0/arm-none-eabi-gcc/bin/../lib/gcc/arm-none-eabi/4.9.3/armv7-m/crtn.o
                0x200011a8                PROVIDE (__preinit_array_start, .)
 *(.preinit_array)
                0x200011a8                PROVIDE (__preinit_array_end, .)
                0x200011a8                PROVIDE (__init_array_start, .)
 *(SORT(.init_array.*))
 *(.init_array)
 .init_array    0x200011a8        0x4 c:/microsemi/softconsole_v4.0/arm-none-eabi-gcc/bin/../lib/gcc/arm-none-eabi/4.9.3/armv7-m/crtbegin.o
                0x200011ac                PROVIDE (__init_array_end, .)
                0x200011ac                PROVIDE (__fini_array_start, .)
 *(.fini_array)
 .fini_array    0x200011ac        0x4 c:/microsemi/softconsole_v4.0/arm-none-eabi-gcc/bin/../lib/gcc/arm-none-eabi/4.9.3/armv7-m/crtbegin.o
 *(SORT(.fini_array.*))
                0x200011b0                PROVIDE (__fini_array_end, .)
                0x200011b0                . = ALIGN (0x10)
                0x200011b0                __exidx_start = .

.v4_bx          0x200011b0        0x0
 .v4_bx         0x00000000        0x0 linker stubs

.iplt           0x200011b0        0x0
 .iplt          0x00000000        0x0 c:/microsemi/softconsole_v4.0/arm-none-eabi-gcc/bin/../lib/gcc/arm-none-eabi/4.9.3/armv7-m/crtbegin.o

.rel.dyn        0x200011b0        0x0
 .rel.iplt      0x00000000        0x0 c:/microsemi/softconsole_v4.0/arm-none-eabi-gcc/bin/../lib/gcc/arm-none-eabi/4.9.3/armv7-m/crtbegin.o

.ARM.exidx
 *(.ARM.exidx* .gnu.linkonce.armexidx.*)
                0x200011b0                __exidx_end = .
                0x200011b0                _etext = .
                0x200011b0                PROVIDE (__text_end, .)

.data           0x200011b0       0x10
                0x200011b0                __data_load = LOADADDR (.data)
                0x200011b0                _sidata = LOADADDR (.data)
                0x200011b0                __data_start = .
                0x200011b0                _sdata = .
 *(.jcr)
 .jcr           0x200011b0        0x0 c:/microsemi/softconsole_v4.0/arm-none-eabi-gcc/bin/../lib/gcc/arm-none-eabi/4.9.3/armv7-m/crtbegin.o
 .jcr           0x200011b0        0x4 c:/microsemi/softconsole_v4.0/arm-none-eabi-gcc/bin/../lib/gcc/arm-none-eabi/4.9.3/armv7-m/crtend.o
 *(.got.plt)
 *(.got)
 *(.shdata)
 *(.data .data.* .gnu.linkonce.d.*)
                0x200011c0                . = ALIGN (0x10)
 *fill*         0x200011b4        0xc 
                0x200011c0                _edata = .

.igot.plt       0x200011c0        0x0
 .igot.plt      0x00000000        0x0 c:/microsemi/softconsole_v4.0/arm-none-eabi-gcc/bin/../lib/gcc/arm-none-eabi/4.9.3/armv7-m/crtbegin.o

.bss            0x200011c0       0xb0
                0x200011c0                __bss_start__ = .
                0x200011c0                _sbss = .
 *(.shbss)
 *(.bss .bss.* .gnu.linkonce.b.*)
 .bss           0x200011c0       0x1c c:/microsemi/softconsole_v4.0/arm-none-eabi-gcc/bin/../lib/gcc/arm-none-eabi/4.9.3/armv7-m/crtbegin.o
 .bss.g_comblk_cmd_opcode
                0x200011dc        0x1 ./firmware/drivers/mss_sys_services/mss_comblk.o
 *fill*         0x200011dd        0x3 
 .bss.g_comblk_p_cmd
                0x200011e0        0x4 ./firmware/drivers/mss_sys_services/mss_comblk.o
 .bss.g_comblk_cmd_size
                0x200011e4        0x2 ./firmware/drivers/mss_sys_services/mss_comblk.o
 *fill*         0x200011e6        0x2 
 .bss.g_comblk_p_data
                0x200011e8        0x4 ./firmware/drivers/mss_sys_services/mss_comblk.o
 .bss.g_comblk_data_size
                0x200011ec        0x4 ./firmware/drivers/mss_sys_services/mss_comblk.o
 .bss.g_comblk_p_response
                0x200011f0        0x4 ./firmware/drivers/mss_sys_services/mss_comblk.o
 .bss.g_comblk_response_size
                0x200011f4        0x2 ./firmware/drivers/mss_sys_services/mss_comblk.o
 .bss.g_comblk_response_idx
                0x200011f6        0x2 ./firmware/drivers/mss_sys_services/mss_comblk.o
 .bss.g_comblk_completion_handler
                0x200011f8        0x4 ./firmware/drivers/mss_sys_services/mss_comblk.o
 .bss.g_comblk_page_handler
                0x200011fc        0x4 ./firmware/drivers/mss_sys_services/mss_comblk.o
 .bss.g_request_in_progress
                0x20001200        0x1 ./firmware/drivers/mss_sys_services/mss_comblk.o
 .bss.g_comblk_state
                0x20001201        0x1 ./firmware/drivers/mss_sys_services/mss_comblk.o
 *fill*         0x20001202        0x2 
 .bss.g_async_event_handler
                0x20001204        0x4 ./firmware/drivers/mss_sys_services/mss_comblk.o
 .bss.g_pdma_isr_table
                0x20001208       0x20 ./firmware/drivers/mss_pdma/mss_pdma.o
 .bss.g_transfer
                0x20001228       0x18 ./firmware/drivers/mss_hpdma/mss_hpdma.o
 .bss.g_hpdma_end_desc
                0x20001240        0x4 ./firmware/drivers/mss_hpdma/mss_hpdma.o
 .bss.g_hpdma_current_desc
                0x20001244        0x4 ./firmware/drivers/mss_hpdma/mss_hpdma.o
 *(COMMON)
 COMMON         0x20001248       0x28 ./inc/HM11/hm11.o
                0x20001248                _rx_buffer_
                0x20001268                g_uart_0
                0x20001270                . = ALIGN (0x10)
                0x20001270                __bss_end__ = .
                0x20001270                _end = .
                0x20001270                __end = _end
                0x20001270                _ebss = .
                0x20001270                PROVIDE (end, .)

.heap           0x20001270     0xdd90
                0x20001270                __heap_start__ = .
                0x20002270                . = (. + MIN_SIZE_HEAP)
 *fill*         0x20001270     0x1000 
                0x2000f000                . = (. + (((ABSOLUTE (RAM_START_ADDRESS) + RAM_SIZE) - MAIN_STACK_SIZE) - .))
 *fill*         0x20002270     0xcd90 
                0x2000f000                _eheap = .

.stack          0x2000f000     0x1000
                0x2000f000                __stack_start__ = .
                0x20010000                . = (. + MAIN_STACK_SIZE)
 *fill*         0x2000f000     0x1000 
                0x20010000                _estack = .

.stab
 *(.stab)

.stabstr
 *(.stabstr)

.debug
 *(.debug)

.line
 *(.line)

.debug_srcinfo
 *(.debug_srcinfo)

.debug_sfnames
 *(.debug_sfnames)

.debug_aranges  0x00000000      0x850
 *(.debug_aranges)
 .debug_aranges
                0x00000000       0x18 ./src/main.o
 .debug_aranges
                0x00000018       0x30 ./inc/HM11/hm11.o
 .debug_aranges
                0x00000048       0x20 ./inc/HM11/hm11_ut.o
 .debug_aranges
                0x00000068       0x20 ./firmware/hal/CortexM3/GNU/hal.o
 .debug_aranges
                0x00000088       0x20 ./firmware/hal/CortexM3/GNU/hw_reg_access.o
 .debug_aranges
                0x000000a8       0x48 ./firmware/hal/CortexM3/cortex_nvic.o
 .debug_aranges
                0x000000f0       0x18 ./firmware/drivers_config/sys_config/sys_config.o
 .debug_aranges
                0x00000108       0x90 ./firmware/drivers/mss_sys_services/mss_comblk.o
 .debug_aranges
                0x00000198      0x1c8 ./firmware/drivers/mss_sys_services/mss_sys_services.o
 .debug_aranges
                0x00000360       0xc0 ./firmware/drivers/mss_rtc/mss_rtc.o
 .debug_aranges
                0x00000420       0x88 ./firmware/drivers/mss_pdma/mss_pdma.o
 .debug_aranges
                0x000004a8       0x80 ./firmware/drivers/mss_nvm/mss_nvm.o
 .debug_aranges
                0x00000528       0x80 ./firmware/drivers/mss_hpdma/mss_hpdma.o
 .debug_aranges
                0x000005a8       0x48 ./firmware/drivers/CoreUARTapb/core_uart_apb.o
 .debug_aranges
                0x000005f0      0x110 ./firmware/drivers/CoreI2C/core_i2c.o
 .debug_aranges
                0x00000700       0x38 ./firmware/drivers/CoreI2C/i2c_interrupt.o
 .debug_aranges
                0x00000738       0xa8 ./firmware/CMSIS/startup_gcc/newlib_stubs.o
 .debug_aranges
                0x000007e0       0x20 ./firmware/CMSIS/startup_gcc/startup_m2sxxx.o
 .debug_aranges
                0x00000800       0x50 ./firmware/CMSIS/system_m2sxxx.o

.debug_pubnames
 *(.debug_pubnames)

.debug_info     0x00000000     0xa0fc
 *(.debug_info .gnu.linkonce.wi.*)
 .debug_info    0x00000000       0x21 ./src/main.o
 .debug_info    0x00000021      0x529 ./inc/HM11/hm11.o
 .debug_info    0x0000054a      0x153 ./inc/HM11/hm11_ut.o
 .debug_info    0x0000069d       0x94 ./firmware/hal/CortexM3/GNU/hal.o
 .debug_info    0x00000731       0x9e ./firmware/hal/CortexM3/GNU/hw_reg_access.o
 .debug_info    0x000007cf      0x18b ./firmware/hal/CortexM3/cortex_nvic.o
 .debug_info    0x0000095a       0x96 ./firmware/drivers_config/sys_config/sys_config.o
 .debug_info    0x000009f0      0xb0d ./firmware/drivers/mss_sys_services/mss_comblk.o
 .debug_info    0x000014fd     0x1e16 ./firmware/drivers/mss_sys_services/mss_sys_services.o
 .debug_info    0x00003313     0x1165 ./firmware/drivers/mss_rtc/mss_rtc.o
 .debug_info    0x00004478     0x10bd ./firmware/drivers/mss_pdma/mss_pdma.o
 .debug_info    0x00005535     0x1158 ./firmware/drivers/mss_nvm/mss_nvm.o
 .debug_info    0x0000668d     0x1169 ./firmware/drivers/mss_hpdma/mss_hpdma.o
 .debug_info    0x000077f6      0x353 ./firmware/drivers/CoreUARTapb/core_uart_apb.o
 .debug_info    0x00007b49      0xc82 ./firmware/drivers/CoreI2C/core_i2c.o
 .debug_info    0x000087cb      0x75c ./firmware/drivers/CoreI2C/i2c_interrupt.o
 .debug_info    0x00008f27      0x692 ./firmware/CMSIS/startup_gcc/newlib_stubs.o
 .debug_info    0x000095b9       0xa0 ./firmware/CMSIS/startup_gcc/startup_m2sxxx.o
 .debug_info    0x00009659      0xaa3 ./firmware/CMSIS/system_m2sxxx.o

.debug_abbrev   0x00000000     0x1789
 *(.debug_abbrev)
 .debug_abbrev  0x00000000       0x13 ./src/main.o
 .debug_abbrev  0x00000013      0x15f ./inc/HM11/hm11.o
 .debug_abbrev  0x00000172       0xbc ./inc/HM11/hm11_ut.o
 .debug_abbrev  0x0000022e       0x14 ./firmware/hal/CortexM3/GNU/hal.o
 .debug_abbrev  0x00000242       0x14 ./firmware/hal/CortexM3/GNU/hw_reg_access.o
 .debug_abbrev  0x00000256       0xa3 ./firmware/hal/CortexM3/cortex_nvic.o
 .debug_abbrev  0x000002f9       0x4e ./firmware/drivers_config/sys_config/sys_config.o
 .debug_abbrev  0x00000347      0x1d2 ./firmware/drivers/mss_sys_services/mss_comblk.o
 .debug_abbrev  0x00000519      0x251 ./firmware/drivers/mss_sys_services/mss_sys_services.o
 .debug_abbrev  0x0000076a      0x268 ./firmware/drivers/mss_rtc/mss_rtc.o
 .debug_abbrev  0x000009d2      0x20e ./firmware/drivers/mss_pdma/mss_pdma.o
 .debug_abbrev  0x00000be0      0x1cb ./firmware/drivers/mss_nvm/mss_nvm.o
 .debug_abbrev  0x00000dab      0x246 ./firmware/drivers/mss_hpdma/mss_hpdma.o
 .debug_abbrev  0x00000ff1       0xfb ./firmware/drivers/CoreUARTapb/core_uart_apb.o
 .debug_abbrev  0x000010ec      0x1b9 ./firmware/drivers/CoreI2C/core_i2c.o
 .debug_abbrev  0x000012a5      0x183 ./firmware/drivers/CoreI2C/i2c_interrupt.o
 .debug_abbrev  0x00001428      0x1c4 ./firmware/CMSIS/startup_gcc/newlib_stubs.o
 .debug_abbrev  0x000015ec       0x14 ./firmware/CMSIS/startup_gcc/startup_m2sxxx.o
 .debug_abbrev  0x00001600      0x189 ./firmware/CMSIS/system_m2sxxx.o

.debug_line     0x00000000     0x5063
 *(.debug_line)
 .debug_line    0x00000000       0x2e ./src/main.o
 .debug_line    0x0000002e      0x3ae ./inc/HM11/hm11.o
 .debug_line    0x000003dc      0x38b ./inc/HM11/hm11_ut.o
 .debug_line    0x00000767       0x56 ./firmware/hal/CortexM3/GNU/hal.o
 .debug_line    0x000007bd       0x94 ./firmware/hal/CortexM3/GNU/hw_reg_access.o
 .debug_line    0x00000851      0x2c2 ./firmware/hal/CortexM3/cortex_nvic.o
 .debug_line    0x00000b13      0x2bc ./firmware/drivers_config/sys_config/sys_config.o
 .debug_line    0x00000dcf      0x54f ./firmware/drivers/mss_sys_services/mss_comblk.o
 .debug_line    0x0000131e      0xdc1 ./firmware/drivers/mss_sys_services/mss_sys_services.o
 .debug_line    0x000020df      0x688 ./firmware/drivers/mss_rtc/mss_rtc.o
 .debug_line    0x00002767      0x457 ./firmware/drivers/mss_pdma/mss_pdma.o
 .debug_line    0x00002bbe      0x69b ./firmware/drivers/mss_nvm/mss_nvm.o
 .debug_line    0x00003259      0x479 ./firmware/drivers/mss_hpdma/mss_hpdma.o
 .debug_line    0x000036d2      0x4f9 ./firmware/drivers/CoreUARTapb/core_uart_apb.o
 .debug_line    0x00003bcb      0x762 ./firmware/drivers/CoreI2C/core_i2c.o
 .debug_line    0x0000432d      0x414 ./firmware/drivers/CoreI2C/i2c_interrupt.o
 .debug_line    0x00004741      0x423 ./firmware/CMSIS/startup_gcc/newlib_stubs.o
 .debug_line    0x00004b64      0x199 ./firmware/CMSIS/startup_gcc/startup_m2sxxx.o
 .debug_line    0x00004cfd      0x366 ./firmware/CMSIS/system_m2sxxx.o

.debug_frame    0x00000000     0x1fb8
 *(.debug_frame)
 .debug_frame   0x00000000       0x78 ./inc/HM11/hm11.o
 .debug_frame   0x00000078       0x30 ./inc/HM11/hm11_ut.o
 .debug_frame   0x000000a8       0xf8 ./firmware/hal/CortexM3/cortex_nvic.o
 .debug_frame   0x000001a0      0x240 ./firmware/drivers/mss_sys_services/mss_comblk.o
 .debug_frame   0x000003e0      0x7e0 ./firmware/drivers/mss_sys_services/mss_sys_services.o
 .debug_frame   0x00000bc0      0x324 ./firmware/drivers/mss_rtc/mss_rtc.o
 .debug_frame   0x00000ee4      0x234 ./firmware/drivers/mss_pdma/mss_pdma.o
 .debug_frame   0x00001118      0x208 ./firmware/drivers/mss_nvm/mss_nvm.o
 .debug_frame   0x00001320      0x210 ./firmware/drivers/mss_hpdma/mss_hpdma.o
 .debug_frame   0x00001530       0xf0 ./firmware/drivers/CoreUARTapb/core_uart_apb.o
 .debug_frame   0x00001620      0x480 ./firmware/drivers/CoreI2C/core_i2c.o
 .debug_frame   0x00001aa0       0xa8 ./firmware/drivers/CoreI2C/i2c_interrupt.o
 .debug_frame   0x00001b48      0x2a8 ./firmware/CMSIS/startup_gcc/newlib_stubs.o
 .debug_frame   0x00001df0      0x10c ./firmware/CMSIS/system_m2sxxx.o
 .debug_frame   0x00001efc       0x20 c:/microsemi/softconsole_v4.0/arm-none-eabi-gcc/bin/../lib/gcc/arm-none-eabi/4.9.3/../../../../arm-none-eabi/lib/armv7-m\libg_nano.a(lib_a-errno.o)
 .debug_frame   0x00001f1c       0x28 c:/microsemi/softconsole_v4.0/arm-none-eabi-gcc/bin/../lib/gcc/arm-none-eabi/4.9.3/../../../../arm-none-eabi/lib/armv7-m\libg_nano.a(lib_a-exit.o)
 .debug_frame   0x00001f44       0x2c c:/microsemi/softconsole_v4.0/arm-none-eabi-gcc/bin/../lib/gcc/arm-none-eabi/4.9.3/../../../../arm-none-eabi/lib/armv7-m\libg_nano.a(lib_a-init.o)
 .debug_frame   0x00001f70       0x28 c:/microsemi/softconsole_v4.0/arm-none-eabi-gcc/bin/../lib/gcc/arm-none-eabi/4.9.3/../../../../arm-none-eabi/lib/armv7-m\libg_nano.a(lib_a-memcpy.o)
 .debug_frame   0x00001f98       0x20 c:/microsemi/softconsole_v4.0/arm-none-eabi-gcc/bin/../lib/gcc/arm-none-eabi/4.9.3/../../../../arm-none-eabi/lib/armv7-m\libg_nano.a(lib_a-memset.o)

.debug_str      0x00000000    0x157ce
 *(.debug_str)
 .debug_str     0x00000000     0x2470 ./src/main.o
 .debug_str     0x00002470     0x8952 ./inc/HM11/hm11.o
                               0xaff9 (size before relaxing)
 .debug_str     0x0000adc2       0x1b ./inc/HM11/hm11_ut.o
                               0xaa66 (size before relaxing)
 .debug_str     0x0000addd      0x1c9 ./firmware/hal/CortexM3/cortex_nvic.o
                               0x3628 (size before relaxing)
 .debug_str     0x0000afa6      0x298 ./firmware/drivers_config/sys_config/sys_config.o
                               0x871d (size before relaxing)
 .debug_str     0x0000b23e      0x501 ./firmware/drivers/mss_sys_services/mss_comblk.o
                               0x94e5 (size before relaxing)
 .debug_str     0x0000b73f     0x2baa ./firmware/drivers/mss_sys_services/mss_sys_services.o
                               0xd707 (size before relaxing)
 .debug_str     0x0000e2e9      0x83b ./firmware/drivers/mss_rtc/mss_rtc.o
                               0xbeb1 (size before relaxing)
 .debug_str     0x0000eb24     0x14a7 ./firmware/drivers/mss_pdma/mss_pdma.o
                               0xab64 (size before relaxing)
 .debug_str     0x0000ffcb      0xced ./firmware/drivers/mss_nvm/mss_nvm.o
                               0x9e55 (size before relaxing)
 .debug_str     0x00010cb8      0x76b ./firmware/drivers/mss_hpdma/mss_hpdma.o
                               0x9dff (size before relaxing)
 .debug_str     0x00011423      0xe26 ./firmware/drivers/CoreUARTapb/core_uart_apb.o
                               0x44ef (size before relaxing)
 .debug_str     0x00012249     0x10dd ./firmware/drivers/CoreI2C/core_i2c.o
                               0x6e62 (size before relaxing)
 .debug_str     0x00013326       0x57 ./firmware/drivers/CoreI2C/i2c_interrupt.o
                               0x9a40 (size before relaxing)
 .debug_str     0x0001337d     0x1ef6 ./firmware/CMSIS/startup_gcc/newlib_stubs.o
                               0x6a37 (size before relaxing)
 .debug_str     0x00015273      0x55b ./firmware/CMSIS/system_m2sxxx.o
                               0x93cc (size before relaxing)

.debug_loc
 *(.debug_loc)

.debug_macinfo
 *(.debug_macinfo)

.debug_weaknames
 *(.debug_weaknames)

.debug_funcnames
 *(.debug_funcnames)

.debug_typenames
 *(.debug_typenames)

.debug_varnames
 *(.debug_varnames)

.note.gnu.arm.ident
 *(.note.gnu.arm.ident)

.ARM.attributes
                0x00000000       0x29
 *(.ARM.attributes)
 .ARM.attributes
                0x00000000       0x1d c:/microsemi/softconsole_v4.0/arm-none-eabi-gcc/bin/../lib/gcc/arm-none-eabi/4.9.3/armv7-m/crti.o
 .ARM.attributes
                0x0000001d       0x2d c:/microsemi/softconsole_v4.0/arm-none-eabi-gcc/bin/../lib/gcc/arm-none-eabi/4.9.3/armv7-m/crtbegin.o
 .ARM.attributes
                0x0000004a       0x1b c:/microsemi/softconsole_v4.0/arm-none-eabi-gcc/bin/../lib/gcc/arm-none-eabi/4.9.3/../../../../arm-none-eabi/lib/armv7-m/crt0.o
 .ARM.attributes
                0x00000065       0x33 ./src/main.o
 .ARM.attributes
                0x00000098       0x33 ./inc/HM11/hm11.o
 .ARM.attributes
                0x000000cb       0x33 ./inc/HM11/hm11_ut.o
 .ARM.attributes
                0x000000fe       0x21 ./firmware/hal/CortexM3/GNU/hal.o
 .ARM.attributes
                0x0000011f       0x21 ./firmware/hal/CortexM3/GNU/hw_reg_access.o
 .ARM.attributes
                0x00000140       0x33 ./firmware/hal/CortexM3/cortex_nvic.o
 .ARM.attributes
                0x00000173       0x33 ./firmware/drivers_config/sys_config/sys_config.o
 .ARM.attributes
                0x000001a6       0x33 ./firmware/drivers/mss_sys_services/mss_comblk.o
 .ARM.attributes
                0x000001d9       0x33 ./firmware/drivers/mss_sys_services/mss_sys_services.o
 .ARM.attributes
                0x0000020c       0x33 ./firmware/drivers/mss_rtc/mss_rtc.o
 .ARM.attributes
                0x0000023f       0x33 ./firmware/drivers/mss_pdma/mss_pdma.o
 .ARM.attributes
                0x00000272       0x33 ./firmware/drivers/mss_nvm/mss_nvm.o
 .ARM.attributes
                0x000002a5       0x33 ./firmware/drivers/mss_hpdma/mss_hpdma.o
 .ARM.attributes
                0x000002d8       0x33 ./firmware/drivers/CoreUARTapb/core_uart_apb.o
 .ARM.attributes
                0x0000030b       0x33 ./firmware/drivers/CoreI2C/core_i2c.o
 .ARM.attributes
                0x0000033e       0x33 ./firmware/drivers/CoreI2C/i2c_interrupt.o
 .ARM.attributes
                0x00000371       0x33 ./firmware/CMSIS/startup_gcc/newlib_stubs.o
 .ARM.attributes
                0x000003a4       0x21 ./firmware/CMSIS/startup_gcc/startup_m2sxxx.o
 .ARM.attributes
                0x000003c5       0x33 ./firmware/CMSIS/system_m2sxxx.o
 .ARM.attributes
                0x000003f8       0x2d c:/microsemi/softconsole_v4.0/arm-none-eabi-gcc/bin/../lib/gcc/arm-none-eabi/4.9.3/../../../../arm-none-eabi/lib/armv7-m\libg_nano.a(lib_a-errno.o)
 .ARM.attributes
                0x00000425       0x2d c:/microsemi/softconsole_v4.0/arm-none-eabi-gcc/bin/../lib/gcc/arm-none-eabi/4.9.3/../../../../arm-none-eabi/lib/armv7-m\libg_nano.a(lib_a-exit.o)
 .ARM.attributes
                0x00000452       0x2d c:/microsemi/softconsole_v4.0/arm-none-eabi-gcc/bin/../lib/gcc/arm-none-eabi/4.9.3/../../../../arm-none-eabi/lib/armv7-m\libg_nano.a(lib_a-impure.o)
 .ARM.attributes
                0x0000047f       0x2d c:/microsemi/softconsole_v4.0/arm-none-eabi-gcc/bin/../lib/gcc/arm-none-eabi/4.9.3/../../../../arm-none-eabi/lib/armv7-m\libg_nano.a(lib_a-init.o)
 .ARM.attributes
                0x000004ac       0x2d c:/microsemi/softconsole_v4.0/arm-none-eabi-gcc/bin/../lib/gcc/arm-none-eabi/4.9.3/../../../../arm-none-eabi/lib/armv7-m\libg_nano.a(lib_a-memcpy.o)
 .ARM.attributes
                0x000004d9       0x2d c:/microsemi/softconsole_v4.0/arm-none-eabi-gcc/bin/../lib/gcc/arm-none-eabi/4.9.3/../../../../arm-none-eabi/lib/armv7-m\libg_nano.a(lib_a-memset.o)
 .ARM.attributes
                0x00000506       0x2d c:/microsemi/softconsole_v4.0/arm-none-eabi-gcc/bin/../lib/gcc/arm-none-eabi/4.9.3/armv7-m/crtend.o
 .ARM.attributes
                0x00000533       0x1d c:/microsemi/softconsole_v4.0/arm-none-eabi-gcc/bin/../lib/gcc/arm-none-eabi/4.9.3/armv7-m/crtn.o

/DISCARD/
 *(.note.GNU-stack)
 *(.isr_vector)
OUTPUT(BT-Gyro-SW.elf elf32-littlearm)

.debug_macro    0x00000000     0x4ff5
 .debug_macro   0x00000000       0x11 ./src/main.o
 .debug_macro   0x00000011      0x862 ./src/main.o
 .debug_macro   0x00000873      0x156 ./inc/HM11/hm11.o
 .debug_macro   0x000009c9       0x22 ./inc/HM11/hm11.o
 .debug_macro   0x000009eb       0x44 ./inc/HM11/hm11.o
 .debug_macro   0x00000a2f       0x58 ./inc/HM11/hm11.o
 .debug_macro   0x00000a87       0x22 ./inc/HM11/hm11.o
 .debug_macro   0x00000aa9      0x1df ./inc/HM11/hm11.o
 .debug_macro   0x00000c88       0x58 ./inc/HM11/hm11.o
 .debug_macro   0x00000ce0       0x35 ./inc/HM11/hm11.o
 .debug_macro   0x00000d15       0x9c ./inc/HM11/hm11.o
 .debug_macro   0x00000db1      0x16d ./inc/HM11/hm11.o
 .debug_macro   0x00000f1e       0x52 ./inc/HM11/hm11.o
 .debug_macro   0x00000f70       0x16 ./inc/HM11/hm11.o
 .debug_macro   0x00000f86       0x43 ./inc/HM11/hm11.o
 .debug_macro   0x00000fc9      0x180 ./inc/HM11/hm11.o
 .debug_macro   0x00001149      0x27a ./inc/HM11/hm11.o
 .debug_macro   0x000013c3       0x10 ./inc/HM11/hm11.o
 .debug_macro   0x000013d3       0x35 ./inc/HM11/hm11.o
 .debug_macro   0x00001408       0x40 ./inc/HM11/hm11.o
 .debug_macro   0x00001448       0x26 ./inc/HM11/hm11.o
 .debug_macro   0x0000146e       0x3a ./inc/HM11/hm11.o
 .debug_macro   0x000014a8       0x34 ./inc/HM11/hm11.o
 .debug_macro   0x000014dc      0xc83 ./inc/HM11/hm11.o
 .debug_macro   0x0000215f      0x265 ./inc/HM11/hm11.o
 .debug_macro   0x000023c4       0x16 ./inc/HM11/hm11.o
 .debug_macro   0x000023da      0x156 ./inc/HM11/hm11_ut.o
 .debug_macro   0x00002530       0xa8 ./firmware/hal/CortexM3/cortex_nvic.o
 .debug_macro   0x000025d8       0x1c ./firmware/hal/CortexM3/cortex_nvic.o
 .debug_macro   0x000025f4       0xa9 ./firmware/drivers_config/sys_config/sys_config.o
 .debug_macro   0x0000269d       0x3a ./firmware/drivers_config/sys_config/sys_config.o
 .debug_macro   0x000026d7       0x34 ./firmware/drivers_config/sys_config/sys_config.o
 .debug_macro   0x0000270b      0x14b ./firmware/drivers/mss_sys_services/mss_comblk.o
 .debug_macro   0x00002856      0x3bd ./firmware/drivers/mss_sys_services/mss_sys_services.o
 .debug_macro   0x00002c13      0x2f8 ./firmware/drivers/mss_sys_services/mss_sys_services.o
 .debug_macro   0x00002f0b      0x1fb ./firmware/drivers/mss_rtc/mss_rtc.o
 .debug_macro   0x00003106       0x4a ./firmware/drivers/mss_rtc/mss_rtc.o
 .debug_macro   0x00003150      0x184 ./firmware/drivers/mss_pdma/mss_pdma.o
 .debug_macro   0x000032d4      0x273 ./firmware/drivers/mss_pdma/mss_pdma.o
 .debug_macro   0x00003547      0x292 ./firmware/drivers/mss_nvm/mss_nvm.o
 .debug_macro   0x000037d9       0x16 ./firmware/drivers/mss_nvm/mss_nvm.o
 .debug_macro   0x000037ef      0x134 ./firmware/drivers/mss_hpdma/mss_hpdma.o
 .debug_macro   0x00003923       0x4a ./firmware/drivers/mss_hpdma/mss_hpdma.o
 .debug_macro   0x0000396d       0x10 ./firmware/drivers/mss_hpdma/mss_hpdma.o
 .debug_macro   0x0000397d      0x123 ./firmware/drivers/CoreUARTapb/core_uart_apb.o
 .debug_macro   0x00003aa0       0x64 ./firmware/drivers/CoreUARTapb/core_uart_apb.o
 .debug_macro   0x00003b04      0x106 ./firmware/drivers/CoreUARTapb/core_uart_apb.o
 .debug_macro   0x00003c0a      0x25b ./firmware/drivers/CoreI2C/core_i2c.o
 .debug_macro   0x00003e65      0x1c1 ./firmware/drivers/CoreI2C/core_i2c.o
 .debug_macro   0x00004026       0x3c ./firmware/drivers/CoreI2C/core_i2c.o
 .debug_macro   0x00004062      0x118 ./firmware/drivers/CoreI2C/i2c_interrupt.o
 .debug_macro   0x0000417a       0x35 ./firmware/drivers/CoreI2C/i2c_interrupt.o
 .debug_macro   0x000041af      0x186 ./firmware/CMSIS/startup_gcc/newlib_stubs.o
 .debug_macro   0x00004335       0x16 ./firmware/CMSIS/startup_gcc/newlib_stubs.o
 .debug_macro   0x0000434b      0x10e ./firmware/CMSIS/startup_gcc/newlib_stubs.o
 .debug_macro   0x00004459       0x86 ./firmware/CMSIS/startup_gcc/newlib_stubs.o
 .debug_macro   0x000044df       0x16 ./firmware/CMSIS/startup_gcc/newlib_stubs.o
 .debug_macro   0x000044f5       0x29 ./firmware/CMSIS/startup_gcc/newlib_stubs.o
 .debug_macro   0x0000451e       0x16 ./firmware/CMSIS/startup_gcc/newlib_stubs.o
 .debug_macro   0x00004534       0x10 ./firmware/CMSIS/startup_gcc/newlib_stubs.o
 .debug_macro   0x00004544       0x22 ./firmware/CMSIS/startup_gcc/newlib_stubs.o
 .debug_macro   0x00004566       0xbe ./firmware/CMSIS/startup_gcc/newlib_stubs.o
 .debug_macro   0x00004624      0x48e ./firmware/CMSIS/startup_gcc/newlib_stubs.o
 .debug_macro   0x00004ab2       0x16 ./firmware/CMSIS/startup_gcc/newlib_stubs.o
 .debug_macro   0x00004ac8       0x10 ./firmware/CMSIS/startup_gcc/newlib_stubs.o
 .debug_macro   0x00004ad8       0x10 ./firmware/CMSIS/startup_gcc/newlib_stubs.o
 .debug_macro   0x00004ae8       0x10 ./firmware/CMSIS/startup_gcc/newlib_stubs.o
 .debug_macro   0x00004af8       0x35 ./firmware/CMSIS/startup_gcc/newlib_stubs.o
 .debug_macro   0x00004b2d      0x122 ./firmware/CMSIS/startup_gcc/newlib_stubs.o
 .debug_macro   0x00004c4f       0x10 ./firmware/CMSIS/startup_gcc/newlib_stubs.o
 .debug_macro   0x00004c5f      0x241 ./firmware/CMSIS/startup_gcc/newlib_stubs.o
 .debug_macro   0x00004ea0      0x155 ./firmware/CMSIS/system_m2sxxx.o

.comment        0x00000000       0x70
 .comment       0x00000000       0x70 ./src/main.o
                                 0x71 (size before relaxing)
 .comment       0x00000000       0x71 ./inc/HM11/hm11.o
 .comment       0x00000000       0x71 ./inc/HM11/hm11_ut.o
 .comment       0x00000000       0x71 ./firmware/hal/CortexM3/cortex_nvic.o
 .comment       0x00000000       0x71 ./firmware/drivers_config/sys_config/sys_config.o
 .comment       0x00000000       0x71 ./firmware/drivers/mss_sys_services/mss_comblk.o
 .comment       0x00000000       0x71 ./firmware/drivers/mss_sys_services/mss_sys_services.o
 .comment       0x00000000       0x71 ./firmware/drivers/mss_rtc/mss_rtc.o
 .comment       0x00000000       0x71 ./firmware/drivers/mss_pdma/mss_pdma.o
 .comment       0x00000000       0x71 ./firmware/drivers/mss_nvm/mss_nvm.o
 .comment       0x00000000       0x71 ./firmware/drivers/mss_hpdma/mss_hpdma.o
 .comment       0x00000000       0x71 ./firmware/drivers/CoreUARTapb/core_uart_apb.o
 .comment       0x00000000       0x71 ./firmware/drivers/CoreI2C/core_i2c.o
 .comment       0x00000000       0x71 ./firmware/drivers/CoreI2C/i2c_interrupt.o
 .comment       0x00000000       0x71 ./firmware/CMSIS/startup_gcc/newlib_stubs.o
 .comment       0x00000000       0x71 ./firmware/CMSIS/system_m2sxxx.o

.debug_ranges   0x00000000      0x6e0
 .debug_ranges  0x00000000       0x20 ./inc/HM11/hm11.o
 .debug_ranges  0x00000020       0x10 ./inc/HM11/hm11_ut.o
 .debug_ranges  0x00000030       0x38 ./firmware/hal/CortexM3/cortex_nvic.o
 .debug_ranges  0x00000068       0x80 ./firmware/drivers/mss_sys_services/mss_comblk.o
 .debug_ranges  0x000000e8      0x1b8 ./firmware/drivers/mss_sys_services/mss_sys_services.o
 .debug_ranges  0x000002a0       0xb0 ./firmware/drivers/mss_rtc/mss_rtc.o
 .debug_ranges  0x00000350       0x78 ./firmware/drivers/mss_pdma/mss_pdma.o
 .debug_ranges  0x000003c8       0x70 ./firmware/drivers/mss_nvm/mss_nvm.o
 .debug_ranges  0x00000438       0x70 ./firmware/drivers/mss_hpdma/mss_hpdma.o
 .debug_ranges  0x000004a8       0x38 ./firmware/drivers/CoreUARTapb/core_uart_apb.o
 .debug_ranges  0x000004e0      0x100 ./firmware/drivers/CoreI2C/core_i2c.o
 .debug_ranges  0x000005e0       0x28 ./firmware/drivers/CoreI2C/i2c_interrupt.o
 .debug_ranges  0x00000608       0x98 ./firmware/CMSIS/startup_gcc/newlib_stubs.o
 .debug_ranges  0x000006a0       0x40 ./firmware/CMSIS/system_m2sxxx.o
