Archive member included because of file (symbol)

c:/microsemi/softconsole_v4.0/arm-none-eabi-gcc/bin/../lib/gcc/arm-none-eabi/4.9.3/armv7-m\libgcc.a(_arm_addsubdf3.o)
                              ./inc/MPU6050/mpu6050.o (__aeabi_dsub)
c:/microsemi/softconsole_v4.0/arm-none-eabi-gcc/bin/../lib/gcc/arm-none-eabi/4.9.3/armv7-m\libgcc.a(_arm_muldivdf3.o)
                              ./inc/MPU6050/mpu6050.o (__aeabi_dmul)
c:/microsemi/softconsole_v4.0/arm-none-eabi-gcc/bin/../lib/gcc/arm-none-eabi/4.9.3/armv7-m\libgcc.a(_arm_truncdfsf2.o)
                              ./inc/MPU6050/mpu6050.o (__aeabi_d2f)
c:/microsemi/softconsole_v4.0/arm-none-eabi-gcc/bin/../lib/gcc/arm-none-eabi/4.9.3/armv7-m\libgcc.a(_arm_addsubsf3.o)
                              ./inc/MPU6050/mpu6050.o (__aeabi_fsub)
c:/microsemi/softconsole_v4.0/arm-none-eabi-gcc/bin/../lib/gcc/arm-none-eabi/4.9.3/armv7-m\libgcc.a(_arm_muldivsf3.o)
                              ./inc/MPU6050/mpu6050.o (__aeabi_fmul)
c:/microsemi/softconsole_v4.0/arm-none-eabi-gcc/bin/../lib/gcc/arm-none-eabi/4.9.3/armv7-m\libgcc.a(_arm_cmpsf2.o)
                              ./inc/MPU6050/mpu6050.o (__aeabi_fcmplt)
c:/microsemi/softconsole_v4.0/arm-none-eabi-gcc/bin/../lib/gcc/arm-none-eabi/4.9.3/../../../../arm-none-eabi/lib/armv7-m\libg_nano.a(lib_a-calloc.o)
                              ./inc/HM11/hm11.o (calloc)
c:/microsemi/softconsole_v4.0/arm-none-eabi-gcc/bin/../lib/gcc/arm-none-eabi/4.9.3/../../../../arm-none-eabi/lib/armv7-m\libg_nano.a(lib_a-errno.o)
                              ./firmware/CMSIS/startup_gcc/newlib_stubs.o (__errno)
c:/microsemi/softconsole_v4.0/arm-none-eabi-gcc/bin/../lib/gcc/arm-none-eabi/4.9.3/../../../../arm-none-eabi/lib/armv7-m\libg_nano.a(lib_a-exit.o)
                              c:/microsemi/softconsole_v4.0/arm-none-eabi-gcc/bin/../lib/gcc/arm-none-eabi/4.9.3/../../../../arm-none-eabi/lib/armv7-m/crt0.o (exit)
c:/microsemi/softconsole_v4.0/arm-none-eabi-gcc/bin/../lib/gcc/arm-none-eabi/4.9.3/../../../../arm-none-eabi/lib/armv7-m\libg_nano.a(lib_a-impure.o)
                              c:/microsemi/softconsole_v4.0/arm-none-eabi-gcc/bin/../lib/gcc/arm-none-eabi/4.9.3/../../../../arm-none-eabi/lib/armv7-m\libg_nano.a(lib_a-exit.o) (_global_impure_ptr)
c:/microsemi/softconsole_v4.0/arm-none-eabi-gcc/bin/../lib/gcc/arm-none-eabi/4.9.3/../../../../arm-none-eabi/lib/armv7-m\libg_nano.a(lib_a-init.o)
                              c:/microsemi/softconsole_v4.0/arm-none-eabi-gcc/bin/../lib/gcc/arm-none-eabi/4.9.3/../../../../arm-none-eabi/lib/armv7-m/crt0.o (__libc_init_array)
c:/microsemi/softconsole_v4.0/arm-none-eabi-gcc/bin/../lib/gcc/arm-none-eabi/4.9.3/../../../../arm-none-eabi/lib/armv7-m\libg_nano.a(lib_a-memcpy.o)
                              ./firmware/drivers/mss_sys_services/mss_sys_services.o (memcpy)
c:/microsemi/softconsole_v4.0/arm-none-eabi-gcc/bin/../lib/gcc/arm-none-eabi/4.9.3/../../../../arm-none-eabi/lib/armv7-m\libg_nano.a(lib_a-memset.o)
                              c:/microsemi/softconsole_v4.0/arm-none-eabi-gcc/bin/../lib/gcc/arm-none-eabi/4.9.3/../../../../arm-none-eabi/lib/armv7-m/crt0.o (memset)
c:/microsemi/softconsole_v4.0/arm-none-eabi-gcc/bin/../lib/gcc/arm-none-eabi/4.9.3/../../../../arm-none-eabi/lib/armv7-m\libg_nano.a(lib_a-nano-callocr.o)
                              c:/microsemi/softconsole_v4.0/arm-none-eabi-gcc/bin/../lib/gcc/arm-none-eabi/4.9.3/../../../../arm-none-eabi/lib/armv7-m\libg_nano.a(lib_a-calloc.o) (_calloc_r)
c:/microsemi/softconsole_v4.0/arm-none-eabi-gcc/bin/../lib/gcc/arm-none-eabi/4.9.3/../../../../arm-none-eabi/lib/armv7-m\libg_nano.a(lib_a-nano-mallocr.o)
                              c:/microsemi/softconsole_v4.0/arm-none-eabi-gcc/bin/../lib/gcc/arm-none-eabi/4.9.3/../../../../arm-none-eabi/lib/armv7-m\libg_nano.a(lib_a-nano-callocr.o) (_malloc_r)
c:/microsemi/softconsole_v4.0/arm-none-eabi-gcc/bin/../lib/gcc/arm-none-eabi/4.9.3/../../../../arm-none-eabi/lib/armv7-m\libg_nano.a(lib_a-printf.o)
                              ./inc/MPU6050/mpu6050.o (printf)
c:/microsemi/softconsole_v4.0/arm-none-eabi-gcc/bin/../lib/gcc/arm-none-eabi/4.9.3/../../../../arm-none-eabi/lib/armv7-m\libg_nano.a(lib_a-puts.o)
                              ./src/main.o (puts)
c:/microsemi/softconsole_v4.0/arm-none-eabi-gcc/bin/../lib/gcc/arm-none-eabi/4.9.3/../../../../arm-none-eabi/lib/armv7-m\libg_nano.a(lib_a-sbrkr.o)
                              c:/microsemi/softconsole_v4.0/arm-none-eabi-gcc/bin/../lib/gcc/arm-none-eabi/4.9.3/../../../../arm-none-eabi/lib/armv7-m\libg_nano.a(lib_a-nano-mallocr.o) (_sbrk_r)
c:/microsemi/softconsole_v4.0/arm-none-eabi-gcc/bin/../lib/gcc/arm-none-eabi/4.9.3/../../../../arm-none-eabi/lib/armv7-m\libg_nano.a(lib_a-wbuf.o)
                              c:/microsemi/softconsole_v4.0/arm-none-eabi-gcc/bin/../lib/gcc/arm-none-eabi/4.9.3/../../../../arm-none-eabi/lib/armv7-m\libg_nano.a(lib_a-puts.o) (__swbuf_r)
[...]
Memory Configuration

Name             Origin             Length             Attributes
ram              0x20000000         0x00010000         xrw
*default*        0x00000000         0xffffffff

Linker script and memory map

LOAD c:/microsemi/softconsole_v4.0/arm-none-eabi-gcc/bin/../lib/gcc/arm-none-eabi/4.9.3/armv7-m/crti.o
LOAD c:/microsemi/softconsole_v4.0/arm-none-eabi-gcc/bin/../lib/gcc/arm-none-eabi/4.9.3/armv7-m/crtbegin.o
LOAD c:/microsemi/softconsole_v4.0/arm-none-eabi-gcc/bin/../lib/gcc/arm-none-eabi/4.9.3/../../../../arm-none-eabi/lib/armv7-m/crt0.o
LOAD ./src/main.o
LOAD ./inc/MPU6050/mpu6050.o
LOAD ./inc/MPU6050/mpu6050_ut.o
LOAD ./inc/HM11/hm11.o
LOAD ./inc/HM11/hm11_ut.o
LOAD ./firmware/hal/CortexM3/GNU/hal.o
LOAD ./firmware/hal/CortexM3/GNU/hw_reg_access.o
LOAD ./firmware/hal/CortexM3/cortex_nvic.o
LOAD ./firmware/drivers_config/sys_config/sys_config.o
LOAD ./firmware/drivers/mss_sys_services/mss_comblk.o
LOAD ./firmware/drivers/mss_sys_services/mss_sys_services.o
LOAD ./firmware/drivers/mss_rtc/mss_rtc.o
LOAD ./firmware/drivers/mss_pdma/mss_pdma.o
LOAD ./firmware/drivers/mss_nvm/mss_nvm.o
LOAD ./firmware/drivers/mss_hpdma/mss_hpdma.o
LOAD ./firmware/drivers/CoreUARTapb/core_uart_apb.o
LOAD ./firmware/drivers/CoreI2C/core_i2c.o
LOAD ./firmware/drivers/CoreI2C/i2c_interrupt.o
LOAD ./firmware/CMSIS/startup_gcc/newlib_stubs.o
LOAD ./firmware/CMSIS/startup_gcc/startup_m2sxxx.o
LOAD ./firmware/CMSIS/system_m2sxxx.o
START GROUP
LOAD c:/microsemi/softconsole_v4.0/arm-none-eabi-gcc/bin/../lib/gcc/arm-none-eabi/4.9.3/armv7-m\libgcc.a
LOAD c:/microsemi/softconsole_v4.0/arm-none-eabi-gcc/bin/../lib/gcc/arm-none-eabi/4.9.3/../../../../arm-none-eabi/lib/armv7-m\libg_nano.a
LOAD c:/microsemi/softconsole_v4.0/arm-none-eabi-gcc/bin/../lib/gcc/arm-none-eabi/4.9.3/../../../../arm-none-eabi/lib/armv7-m\libc_nano.a
END GROUP
START GROUP
LOAD c:/microsemi/softconsole_v4.0/arm-none-eabi-gcc/bin/../lib/gcc/arm-none-eabi/4.9.3/armv7-m\libgcc.a
LOAD c:/microsemi/softconsole_v4.0/arm-none-eabi-gcc/bin/../lib/gcc/arm-none-eabi/4.9.3/../../../../arm-none-eabi/lib/armv7-m\libc_nano.a
END GROUP
LOAD c:/microsemi/softconsole_v4.0/arm-none-eabi-gcc/bin/../lib/gcc/arm-none-eabi/4.9.3/armv7-m/crtend.o
LOAD c:/microsemi/softconsole_v4.0/arm-none-eabi-gcc/bin/../lib/gcc/arm-none-eabi/4.9.3/armv7-m/crtn.o
START GROUP
LOAD c:/microsemi/softconsole_v4.0/arm-none-eabi-gcc/bin/../lib/gcc/arm-none-eabi/4.9.3/../../../../arm-none-eabi/lib/armv7-m\libc.a
LOAD c:/microsemi/softconsole_v4.0/arm-none-eabi-gcc/bin/../lib/gcc/arm-none-eabi/4.9.3/armv7-m\libgcc.a
LOAD c:/microsemi/softconsole_v4.0/arm-none-eabi-gcc/bin/../lib/gcc/arm-none-eabi/4.9.3/../../../../arm-none-eabi/lib/armv7-m\libm.a
END GROUP
                0x00000000                __DYNAMIC = 0x0
                0x20000000                RAM_START_ADDRESS = 0x20000000
                0x00010000                RAM_SIZE = 0x10000
                0x00001000                MAIN_STACK_SIZE = 0x1000
                0x00001000                MIN_SIZE_HEAP = 0x1000
                0x20010000                PROVIDE (__main_stack_start, (RAM_START_ADDRESS + RAM_SIZE))
                0x20010000                PROVIDE (_estack, __main_stack_start)
                0x00000000                PROVIDE (__mirrored_nvm, 0x0)
                0x00000000                PROVIDE (__smartfusion2_memory_remap, 0x0)

.vector_table   0x20000000      0x190
                0x20000000                __vector_table_load = LOADADDR (.vector_table)
                0x20000000                __vector_table_start = .
                0x20000000                __vector_table_vma_base_address = .
 *(.isr_vector)
 .isr_vector    0x20000000      0x190 ./firmware/CMSIS/startup_gcc/startup_m2sxxx.o
                0x20000000                g_pfnVectors
                0x20000190                . = ALIGN (0x10)
                0x20000190                _evector_table = .

.boot_code      0x20000190      0x330
 *(.boot_code)
 .boot_code     0x20000190      0x324 ./firmware/CMSIS/startup_gcc/startup_m2sxxx.o
                0x20000190                Reset_Handler
                0x2000037e                NMI_Handler
                0x20000382                MemManage_Handler
                0x20000384                BusFault_Handler
                0x20000386                UsageFault_Handler
                0x20000388                SVC_Handler
                0x2000038a                DebugMon_Handler
                0x2000038c                PendSV_Handler
                0x20000390                WdogWakeup_IRQHandler
                0x20000392                RTC_Wakeup_IRQHandler
                0x20000394                SPI0_IRQHandler
                0x20000396                SPI1_IRQHandler
                0x20000398                I2C0_IRQHandler
                0x2000039a                I2C0_SMBAlert_IRQHandler
                0x2000039c                I2C0_SMBus_IRQHandler
                0x2000039e                I2C1_IRQHandler
                0x200003a0                I2C1_SMBAlert_IRQHandler
                0x200003a2                I2C1_SMBus_IRQHandler
                0x200003a4                UART0_IRQHandler
                0x200003a6                UART1_IRQHandler
                0x200003a8                EthernetMAC_IRQHandler
                0x200003ac                Timer1_IRQHandler
                0x200003ae                Timer2_IRQHandler
                0x200003b0                CAN_IRQHandler
                0x200003b2                ENVM0_IRQHandler
                0x200003b4                ENVM1_IRQHandler
                0x200003b8                USB_IRQHandler
                0x200003ba                USB_DMA_IRQHandler
                0x200003bc                PLL_Lock_IRQHandler
                0x200003be                PLL_LockLost_IRQHandler
                0x200003c0                CommSwitchError_IRQHandler
                0x200003c2                CacheError_IRQHandler
                0x200003c4                DDR_IRQHandler
                0x200003ca                ECC_Error_IRQHandler
                0x200003cc                MDDR_IOCalib_IRQHandler
                0x200003ce                FAB_PLL_Lock_IRQHandler
                0x200003d0                FAB_PLL_LockLost_IRQHandler
                0x200003d2                FIC64_IRQHandler
                0x200003d8                FabricIrq2_IRQHandler
                0x200003da                FabricIrq3_IRQHandler
                0x200003dc                FabricIrq4_IRQHandler
                0x200003de                FabricIrq5_IRQHandler
                0x200003e0                FabricIrq6_IRQHandler
                0x200003e2                FabricIrq7_IRQHandler
                0x200003e4                FabricIrq8_IRQHandler
                0x200003e6                FabricIrq9_IRQHandler
                0x200003e8                FabricIrq10_IRQHandler
                0x200003ea                FabricIrq11_IRQHandler
                0x200003ec                FabricIrq12_IRQHandler
                0x200003ee                FabricIrq13_IRQHandler
                0x200003f0                FabricIrq14_IRQHandler
                0x200003f2                FabricIrq15_IRQHandler
                0x200003f4                GPIO0_IRQHandler
                0x200003f6                GPIO1_IRQHandler
                0x200003f8                GPIO2_IRQHandler
                0x200003fa                GPIO3_IRQHandler
                0x200003fc                GPIO4_IRQHandler
                0x200003fe                GPIO5_IRQHandler
                0x20000400                GPIO6_IRQHandler
                0x20000402                GPIO7_IRQHandler
                0x20000404                GPIO8_IRQHandler
                0x20000406                GPIO9_IRQHandler
                0x20000408                GPIO10_IRQHandler
                0x2000040a                GPIO11_IRQHandler
                0x2000040c                GPIO12_IRQHandler
                0x2000040e                GPIO13_IRQHandler
                0x20000410                GPIO14_IRQHandler
                0x20000412                GPIO15_IRQHandler
                0x20000414                GPIO16_IRQHandler
                0x20000416                GPIO17_IRQHandler
                0x20000418                GPIO18_IRQHandler
                0x2000041a                GPIO19_IRQHandler
                0x2000041c                GPIO20_IRQHandler
                0x2000041e                GPIO21_IRQHandler
                0x20000420                GPIO22_IRQHandler
                0x20000422                GPIO23_IRQHandler
                0x20000424                GPIO24_IRQHandler
                0x20000426                GPIO25_IRQHandler
                0x20000428                GPIO26_IRQHandler
                0x2000042a                GPIO27_IRQHandler
                0x2000042c                GPIO28_IRQHandler
                0x2000042e                GPIO29_IRQHandler
                0x20000430                GPIO30_IRQHandler
                0x20000432                GPIO31_IRQHandler
                0x20000434                mscc_post_hw_cfg_init
                0x200004c0                . = ALIGN (0x10)
 *fill*         0x200004b4        0xc 

.text           0x200004c0     0x5ce0
 CREATE_OBJECT_SYMBOLS
                0x200004c0                __text_load = LOADADDR (.text)
                0x200004c0                __text_start = .
 *(.text .text.* .gnu.linkonce.t.*)
 .text          0x200004c0       0x5c c:/microsemi/softconsole_v4.0/arm-none-eabi-gcc/bin/../lib/gcc/arm-none-eabi/4.9.3/armv7-m/crtbegin.o
 .text.main     0x2000051c       0x54 ./src/main.o
                0x2000051c                main
 .text.NVIC_SetPriority
                0x20000570       0x54 ./inc/MPU6050/mpu6050.o
 .text.SysTick_Config
                0x200005c4       0x44 ./inc/MPU6050/mpu6050.o
 .text.i2c_MPU6050_write
                0x20000608       0x40 ./inc/MPU6050/mpu6050.o
 .text.i2c_MPU6050_read
                0x20000648       0x68 ./inc/MPU6050/mpu6050.o
 .text.accel_sensitiviy_config
                0x200006b0       0x80 ./inc/MPU6050/mpu6050.o
 .text.gyro_sensitiviy_config
                0x20000730       0x88 ./inc/MPU6050/mpu6050.o
 .text.MPU6050_self_test
                0x200007b8      0x5a4 ./inc/MPU6050/mpu6050.o
 .text.MPU6050_set_power_mode
                0x20000d5c      0x108 ./inc/MPU6050/mpu6050.o
                0x20000d5c                MPU6050_set_power_mode
 .text.MPU6050_Init
                0x20000e64      0x12c ./inc/MPU6050/mpu6050.o
                0x20000e64                MPU6050_Init
 .text.MPU6050_Read_Sens
                0x20000f90       0x44 ./inc/MPU6050/mpu6050.o
                0x20000f90                MPU6050_Read_Sens
 .text.MPU6050_Read_All
                0x20000fd4      0x1dc ./inc/MPU6050/mpu6050.o
                0x20000fd4                MPU6050_Read_All
 .text.I2C_Initalize
                0x200011b0       0x2c ./inc/MPU6050/mpu6050.o
 .text.FabricIrq0_IRQHandler
                0x200011dc       0x10 ./inc/MPU6050/mpu6050.o
                0x200011dc                FabricIrq0_IRQHandler
 .text.SysTick_Handler
                0x200011ec       0x14 ./inc/MPU6050/mpu6050.o
                0x200011ec                SysTick_Handler
 .text.NVIC_EnableIRQ
                0x20001200       0x30 ./inc/HM11/hm11.o
 .text.Hm11_Init
                0x20001230       0x44 ./inc/HM11/hm11.o
                0x20001230                Hm11_Init
 .text.Hm11_Packet
                0x20001274       0xdc ./inc/HM11/hm11.o
                0x20001274                Hm11_Packet
 .text.FabricIrq1_IRQHandler
                0x20001350       0x2c ./inc/HM11/hm11.o
                0x20001350                FabricIrq1_IRQHandler
 .text.HardFault_Handler
                0x2000137c        0xc ./inc/HM11/hm11.o
                0x2000137c                HardFault_Handler
 .text          0x20001388        0xe ./firmware/hal/CortexM3/GNU/hal.o
                0x20001388                HAL_disable_interrupts
                0x20001390                HAL_restore_interrupts
 .text          0x20001396       0x90 ./firmware/hal/CortexM3/GNU/hw_reg_access.o
                0x20001396                HW_set_32bit_reg
                0x2000139a                HW_get_32bit_reg
                0x2000139e                HW_set_32bit_reg_field
                0x200013ba                HW_get_32bit_reg_field
                0x200013c6                HW_set_16bit_reg
                0x200013ca                HW_get_16bit_reg
                0x200013ce                HW_set_16bit_reg_field
                0x200013ea                HW_get_16bit_reg_field
                0x200013f6                HW_set_8bit_reg
                0x200013fa                HW_get_8bit_reg
                0x200013fe                HW_set_8bit_reg_field
                0x2000141a                HW_get_8bit_reg_field
 *fill*         0x20001426        0x2 
 .text.ComBlk_IRQHandler
                0x20001428       0x48 ./firmware/drivers/mss_sys_services/mss_comblk.o
                0x20001428                ComBlk_IRQHandler
 .text.handle_tx_okay_irq
                0x20001470      0x1b0 ./firmware/drivers/mss_sys_services/mss_comblk.o
 .text.handle_rx_okay_irq
                0x20001620      0x204 ./firmware/drivers/mss_sys_services/mss_comblk.o
 .text.complete_request
                0x20001824       0x40 ./firmware/drivers/mss_sys_services/mss_comblk.o
 .text.abort_current_cmd
                0x20001864       0x4c ./firmware/drivers/mss_sys_services/mss_comblk.o
 .text.fill_tx_fifo
                0x200018b0       0x64 ./firmware/drivers/mss_sys_services/mss_comblk.o
 .text.process_sys_ctrl_command
                0x20001914       0x28 ./firmware/drivers/mss_sys_services/mss_comblk.o
 .text.get_channel_id_from_status
                0x2000193c       0xa0 ./firmware/drivers/mss_pdma/mss_pdma.o
 .text.DMA_IRQHandler
                0x200019dc       0x7c ./firmware/drivers/mss_pdma/mss_pdma.o
                0x200019dc                DMA_IRQHandler
 .text.start_transfer
                0x20001a58      0x14c ./firmware/drivers/mss_hpdma/mss_hpdma.o
 .text.HPDMA_Complete_IRQHandler
                0x20001ba4       0xf4 ./firmware/drivers/mss_hpdma/mss_hpdma.o
                0x20001ba4                HPDMA_Complete_IRQHandler
 .text.HPDMA_Error_IRQHandler
                0x20001c98      0x100 ./firmware/drivers/mss_hpdma/mss_hpdma.o
                0x20001c98                HPDMA_Error_IRQHandler
 .text.UART_init
                0x20001d98      0x110 ./firmware/drivers/CoreUARTapb/core_uart_apb.o
                0x20001d98                UART_init
 .text.UART_fill_tx_fifo
                0x20001ea8       0x9c ./firmware/drivers/CoreUARTapb/core_uart_apb.o
                0x20001ea8                UART_fill_tx_fifo
 .text.UART_get_rx
                0x20001f44       0xc0 ./firmware/drivers/CoreUARTapb/core_uart_apb.o
                0x20001f44                UART_get_rx
 .text.I2C_init
                0x20002004       0xcc ./firmware/drivers/CoreI2C/core_i2c.o
                0x20002004                I2C_init
 .text.I2C_write
                0x200020d0       0xc4 ./firmware/drivers/CoreI2C/core_i2c.o
                0x200020d0                I2C_write
 .text.I2C_read
                0x20002194       0xc4 ./firmware/drivers/CoreI2C/core_i2c.o
                0x20002194                I2C_read
 .text.I2C_get_status
                0x20002258       0x20 ./firmware/drivers/CoreI2C/core_i2c.o
                0x20002258                I2C_get_status
 .text.I2C_wait_complete
                0x20002278       0x34 ./firmware/drivers/CoreI2C/core_i2c.o
                0x20002278                I2C_wait_complete
 .text.I2C_system_tick
                0x200022ac       0x58 ./firmware/drivers/CoreI2C/core_i2c.o
                0x200022ac                I2C_system_tick
 .text.enable_slave_if_required
                0x20002304       0x28 ./firmware/drivers/CoreI2C/core_i2c.o
 .text.I2C_isr  0x2000232c      0x968 ./firmware/drivers/CoreI2C/core_i2c.o
                0x2000232c                I2C_isr
 .text.NVIC_EnableIRQ
                0x20002c94       0x30 ./firmware/drivers/CoreI2C/i2c_interrupt.o
 .text.NVIC_DisableIRQ
                0x20002cc4       0x34 ./firmware/drivers/CoreI2C/i2c_interrupt.o
 .text.I2C_enable_irq
                0x20002cf8       0x20 ./firmware/drivers/CoreI2C/i2c_interrupt.o
                0x20002cf8                I2C_enable_irq
 .text.I2C_disable_irq
                0x20002d18       0x20 ./firmware/drivers/CoreI2C/i2c_interrupt.o
                0x20002d18                I2C_disable_irq
 .text._close   0x20002d38       0x18 ./firmware/CMSIS/startup_gcc/newlib_stubs.o
                0x20002d38                _close
 .text._exit    0x20002d50        0xc ./firmware/CMSIS/startup_gcc/newlib_stubs.o
                0x20002d50                _exit
 .text._fstat   0x20002d5c       0x20 ./firmware/CMSIS/startup_gcc/newlib_stubs.o
                0x20002d5c                _fstat
 .text._isatty  0x20002d7c       0x18 ./firmware/CMSIS/startup_gcc/newlib_stubs.o
                0x20002d7c                _isatty
 .text._lseek   0x20002d94       0x1c ./firmware/CMSIS/startup_gcc/newlib_stubs.o
                0x20002d94                _lseek
 .text._read    0x20002db0       0x1c ./firmware/CMSIS/startup_gcc/newlib_stubs.o
                0x20002db0                _read
 .text._write_r
                0x20002dcc       0x1c ./firmware/CMSIS/startup_gcc/newlib_stubs.o
                0x20002dcc                _write_r
 .text._sbrk    0x20002de8       0x9c ./firmware/CMSIS/startup_gcc/newlib_stubs.o
                0x20002de8                _sbrk
 .text.SystemInit
                0x20002e84       0x20 ./firmware/CMSIS/system_m2sxxx.o
                0x20002e84                SystemInit
 .text.get_silicon_revision
                0x20002ea4       0x48 ./firmware/CMSIS/system_m2sxxx.o
 .text.silicon_workarounds
                0x20002eec       0x20 ./firmware/CMSIS/system_m2sxxx.o
 .text.m2s050_rev_a_workarounds
                0x20002f0c       0x30 ./firmware/CMSIS/system_m2sxxx.o
 .text          0x20002f3c      0x370 c:/microsemi/softconsole_v4.0/arm-none-eabi-gcc/bin/../lib/gcc/arm-none-eabi/4.9.3/armv7-m\libgcc.a(_arm_addsubdf3.o)
                0x20002f3c                __aeabi_drsub
                0x20002f44                __aeabi_dsub
                0x20002f44                __subdf3
                0x20002f48                __aeabi_dadd
                0x20002f48                __adddf3
                0x200031c0                __floatunsidf
                0x200031c0                __aeabi_ui2d
                0x200031e0                __floatsidf
                0x200031e0                __aeabi_i2d
                0x20003204                __aeabi_f2d
                0x20003204                __extendsfdf2
                0x20003240                __floatundidf
                0x20003240                __aeabi_ul2d
                0x20003250                __floatdidf
                0x20003250                __aeabi_l2d
 .text          0x200032ac      0x424 c:/microsemi/softconsole_v4.0/arm-none-eabi-gcc/bin/../lib/gcc/arm-none-eabi/4.9.3/armv7-m\libgcc.a(_arm_muldivdf3.o)
                0x200032ac                __aeabi_dmul
                0x200032ac                __muldf3
                0x20003500                __divdf3
                0x20003500                __aeabi_ddiv
 .text          0x200036d0       0xa0 c:/microsemi/softconsole_v4.0/arm-none-eabi-gcc/bin/../lib/gcc/arm-none-eabi/4.9.3/armv7-m\libgcc.a(_arm_truncdfsf2.o)
                0x200036d0                __truncdfsf2
                0x200036d0                __aeabi_d2f
 .text          0x20003770      0x21c c:/microsemi/softconsole_v4.0/arm-none-eabi-gcc/bin/../lib/gcc/arm-none-eabi/4.9.3/armv7-m\libgcc.a(_arm_addsubsf3.o)
                0x20003770                __aeabi_frsub
                0x20003778                __subsf3
                0x20003778                __aeabi_fsub
                0x2000377c                __aeabi_fadd
                0x2000377c                __addsf3
                0x200038dc                __aeabi_ui2f
                0x200038dc                __floatunsisf
                0x200038e4                __aeabi_i2f
                0x200038e4                __floatsisf
                0x20003900                __aeabi_ul2f
                0x20003900                __floatundisf
                0x20003910                __aeabi_l2f
                0x20003910                __floatdisf
 .text          0x2000398c      0x2a0 c:/microsemi/softconsole_v4.0/arm-none-eabi-gcc/bin/../lib/gcc/arm-none-eabi/4.9.3/armv7-m\libgcc.a(_arm_muldivsf3.o)
                0x2000398c                __mulsf3
                0x2000398c                __aeabi_fmul
                0x20003af4                __aeabi_fdiv
                0x20003af4                __divsf3
 .text          0x20003c2c       0xec c:/microsemi/softconsole_v4.0/arm-none-eabi-gcc/bin/../lib/gcc/arm-none-eabi/4.9.3/armv7-m\libgcc.a(_arm_cmpsf2.o)
                0x20003c2c                __gesf2
                0x20003c2c                __gtsf2
                0x20003c34                __lesf2
                0x20003c34                __ltsf2
                0x20003c3c                __nesf2
                0x20003c3c                __eqsf2
                0x20003c3c                __cmpsf2
                0x20003c9c                __aeabi_cfrcmple
                0x20003ca4                __aeabi_cfcmpeq
                0x20003ca4                __aeabi_cfcmple
                0x20003cb4                __aeabi_fcmpeq
                0x20003cc8                __aeabi_fcmplt
                0x20003cdc                __aeabi_fcmple
                0x20003cf0                __aeabi_fcmpge
                0x20003d04                __aeabi_fcmpgt
 .text.calloc   0x20003d18       0x14 c:/microsemi/softconsole_v4.0/arm-none-eabi-gcc/bin/../lib/gcc/arm-none-eabi/4.9.3/../../../../arm-none-eabi/lib/armv7-m\libg_nano.a(lib_a-calloc.o)
                0x20003d18                calloc
 .text.__errno  0x20003d2c        0xc c:/microsemi/softconsole_v4.0/arm-none-eabi-gcc/bin/../lib/gcc/arm-none-eabi/4.9.3/../../../../arm-none-eabi/lib/armv7-m\libg_nano.a(lib_a-errno.o)
                0x20003d2c                __errno
 .text.__libc_init_array
                0x20003d38       0x4c c:/microsemi/softconsole_v4.0/arm-none-eabi-gcc/bin/../lib/gcc/arm-none-eabi/4.9.3/../../../../arm-none-eabi/lib/armv7-m\libg_nano.a(lib_a-init.o)
                0x20003d38                __libc_init_array
 .text.memset   0x20003d84       0x10 c:/microsemi/softconsole_v4.0/arm-none-eabi-gcc/bin/../lib/gcc/arm-none-eabi/4.9.3/../../../../arm-none-eabi/lib/armv7-m\libg_nano.a(lib_a-memset.o)
                0x20003d84                memset
 .text._calloc_r
                0x20003d94       0x1c c:/microsemi/softconsole_v4.0/arm-none-eabi-gcc/bin/../lib/gcc/arm-none-eabi/4.9.3/../../../../arm-none-eabi/lib/armv7-m\libg_nano.a(lib_a-nano-callocr.o)
                0x20003d94                _calloc_r
 .text._malloc_r
                0x20003db0       0xac c:/microsemi/softconsole_v4.0/arm-none-eabi-gcc/bin/../lib/gcc/arm-none-eabi/4.9.3/../../../../arm-none-eabi/lib/armv7-m\libg_nano.a(lib_a-nano-mallocr.o)
                0x20003db0                _malloc_r
 .text.printf   0x20003e5c       0x30 c:/microsemi/softconsole_v4.0/arm-none-eabi-gcc/bin/../lib/gcc/arm-none-eabi/4.9.3/../../../../arm-none-eabi/lib/armv7-m\libg_nano.a(lib_a-printf.o)
                0x20003e5c                iprintf
                0x20003e5c                printf
 .text._puts_r  0x20003e8c       0xbc c:/microsemi/softconsole_v4.0/arm-none-eabi-gcc/bin/../lib/gcc/arm-none-eabi/4.9.3/../../../../arm-none-eabi/lib/armv7-m\libg_nano.a(lib_a-puts.o)
                0x20003e8c                _puts_r
 .text.puts     0x20003f48       0x10 c:/microsemi/softconsole_v4.0/arm-none-eabi-gcc/bin/../lib/gcc/arm-none-eabi/4.9.3/../../../../arm-none-eabi/lib/armv7-m\libg_nano.a(lib_a-puts.o)
                0x20003f48                puts
 .text._sbrk_r  0x20003f58       0x20 c:/microsemi/softconsole_v4.0/arm-none-eabi-gcc/bin/../lib/gcc/arm-none-eabi/4.9.3/../../../../arm-none-eabi/lib/armv7-m\libg_nano.a(lib_a-sbrkr.o)
                0x20003f58                _sbrk_r
 .text.__swbuf_r
                0x20003f78       0xa8 c:/microsemi/softconsole_v4.0/arm-none-eabi-gcc/bin/../lib/gcc/arm-none-eabi/4.9.3/../../../../arm-none-eabi/lib/armv7-m\libg_nano.a(lib_a-wbuf.o)
                0x20003f78                __swbuf_r
 .text.__swsetup_r
                0x20004020       0xd8 c:/microsemi/softconsole_v4.0/arm-none-eabi-gcc/bin/../lib/gcc/arm-none-eabi/4.9.3/../../../../arm-none-eabi/lib/armv7-m\libg_nano.a(lib_a-wsetup.o)
                0x20004020                __swsetup_r
 .text.__sflush_r
                0x200040f8      0x106 c:/microsemi/softconsole_v4.0/arm-none-eabi-gcc/bin/../lib/gcc/arm-none-eabi/4.9.3/../../../../arm-none-eabi/lib/armv7-m\libg_nano.a(lib_a-fflush.o)
                0x200040f8                __sflush_r
 *fill*         0x200041fe        0x2 
 .text._fflush_r
                0x20004200       0x54 c:/microsemi/softconsole_v4.0/arm-none-eabi-gcc/bin/../lib/gcc/arm-none-eabi/4.9.3/../../../../arm-none-eabi/lib/armv7-m\libg_nano.a(lib_a-fflush.o)
                0x20004200                _fflush_r
 .text._cleanup_r
                0x20004254        0xc c:/microsemi/softconsole_v4.0/arm-none-eabi-gcc/bin/../lib/gcc/arm-none-eabi/4.9.3/../../../../arm-none-eabi/lib/armv7-m\libg_nano.a(lib_a-findfp.o)
                0x20004254                _cleanup_r
 .text.std.isra.0
                0x20004260       0x48 c:/microsemi/softconsole_v4.0/arm-none-eabi-gcc/bin/../lib/gcc/arm-none-eabi/4.9.3/../../../../arm-none-eabi/lib/armv7-m\libg_nano.a(lib_a-findfp.o)
 .text.__sfmoreglue
                0x200042a8       0x2c c:/microsemi/softconsole_v4.0/arm-none-eabi-gcc/bin/../lib/gcc/arm-none-eabi/4.9.3/../../../../arm-none-eabi/lib/armv7-m\libg_nano.a(lib_a-findfp.o)
                0x200042a8                __sfmoreglue
 .text.__sinit  0x200042d4       0x60 c:/microsemi/softconsole_v4.0/arm-none-eabi-gcc/bin/../lib/gcc/arm-none-eabi/4.9.3/../../../../arm-none-eabi/lib/armv7-m\libg_nano.a(lib_a-findfp.o)
                0x200042d4                __sinit
 .text.__sfp    0x20004334       0x74 c:/microsemi/softconsole_v4.0/arm-none-eabi-gcc/bin/../lib/gcc/arm-none-eabi/4.9.3/../../../../arm-none-eabi/lib/armv7-m\libg_nano.a(lib_a-findfp.o)
                0x20004334                __sfp
 .text._fwalk_reent
                0x200043a8       0x3c c:/microsemi/softconsole_v4.0/arm-none-eabi-gcc/bin/../lib/gcc/arm-none-eabi/4.9.3/../../../../arm-none-eabi/lib/armv7-m\libg_nano.a(lib_a-fwalk.o)
                0x200043a8                _fwalk_reent
 .text.__smakebuf_r
                0x200043e4       0x98 c:/microsemi/softconsole_v4.0/arm-none-eabi-gcc/bin/../lib/gcc/arm-none-eabi/4.9.3/../../../../arm-none-eabi/lib/armv7-m\libg_nano.a(lib_a-makebuf.o)
                0x200043e4                __smakebuf_r
 .text._free_r  0x2000447c       0x88 c:/microsemi/softconsole_v4.0/arm-none-eabi-gcc/bin/../lib/gcc/arm-none-eabi/4.9.3/../../../../arm-none-eabi/lib/armv7-m\libg_nano.a(lib_a-nano-freer.o)
                0x2000447c                _free_r
 .text.__sfputc_r
                0x20004504       0x2c c:/microsemi/softconsole_v4.0/arm-none-eabi-gcc/bin/../lib/gcc/arm-none-eabi/4.9.3/../../../../arm-none-eabi/lib/armv7-m\libg_nano.a(lib_a-nano-vfprintf.o)
 .text.__sfputs_r
                0x20004530       0x24 c:/microsemi/softconsole_v4.0/arm-none-eabi-gcc/bin/../lib/gcc/arm-none-eabi/4.9.3/../../../../arm-none-eabi/lib/armv7-m\libg_nano.a(lib_a-nano-vfprintf.o)
                0x20004530                __sfputs_r
 .text._vfprintf_r
                0x20004554      0x210 c:/microsemi/softconsole_v4.0/arm-none-eabi-gcc/bin/../lib/gcc/arm-none-eabi/4.9.3/../../../../arm-none-eabi/lib/armv7-m\libg_nano.a(lib_a-nano-vfprintf.o)
                0x20004554                _vfprintf_r
                0x20004554                _vfiprintf_r
 .text._printf_common
                0x20004764       0xea c:/microsemi/softconsole_v4.0/arm-none-eabi-gcc/bin/../lib/gcc/arm-none-eabi/4.9.3/../../../../arm-none-eabi/lib/armv7-m\libg_nano.a(lib_a-nano-vfprintf_i.o)
                0x20004764                _printf_common
 *fill*         0x2000484e        0x2 
 .text._printf_i
                0x20004850      0x240 c:/microsemi/softconsole_v4.0/arm-none-eabi-gcc/bin/../lib/gcc/arm-none-eabi/4.9.3/../../../../arm-none-eabi/lib/armv7-m\libg_nano.a(lib_a-nano-vfprintf_i.o)
                0x20004850                _printf_i
 .text.__sread  0x20004a90       0x22 c:/microsemi/softconsole_v4.0/arm-none-eabi-gcc/bin/../lib/gcc/arm-none-eabi/4.9.3/../../../../arm-none-eabi/lib/armv7-m\libg_nano.a(lib_a-stdio.o)
                0x20004a90                __sread
 .text.__swrite
                0x20004ab2       0x38 c:/microsemi/softconsole_v4.0/arm-none-eabi-gcc/bin/../lib/gcc/arm-none-eabi/4.9.3/../../../../arm-none-eabi/lib/armv7-m\libg_nano.a(lib_a-stdio.o)
                0x20004ab2                __swrite
 .text.__sseek  0x20004aea       0x24 c:/microsemi/softconsole_v4.0/arm-none-eabi-gcc/bin/../lib/gcc/arm-none-eabi/4.9.3/../../../../arm-none-eabi/lib/armv7-m\libg_nano.a(lib_a-stdio.o)
                0x20004aea                __sseek
 .text.__sclose
                0x20004b0e        0x8 c:/microsemi/softconsole_v4.0/arm-none-eabi-gcc/bin/../lib/gcc/arm-none-eabi/4.9.3/../../../../arm-none-eabi/lib/armv7-m\libg_nano.a(lib_a-stdio.o)
                0x20004b0e                __sclose
 *fill*         0x20004b16        0x2 
 .text._close_r
                0x20004b18       0x20 c:/microsemi/softconsole_v4.0/arm-none-eabi-gcc/bin/../lib/gcc/arm-none-eabi/4.9.3/../../../../arm-none-eabi/lib/armv7-m\libg_nano.a(lib_a-closer.o)
                0x20004b18                _close_r
 .text._fstat_r
                0x20004b38       0x24 c:/microsemi/softconsole_v4.0/arm-none-eabi-gcc/bin/../lib/gcc/arm-none-eabi/4.9.3/../../../../arm-none-eabi/lib/armv7-m\libg_nano.a(lib_a-fstatr.o)
                0x20004b38                _fstat_r
 .text._isatty_r
                0x20004b5c       0x20 c:/microsemi/softconsole_v4.0/arm-none-eabi-gcc/bin/../lib/gcc/arm-none-eabi/4.9.3/../../../../arm-none-eabi/lib/armv7-m\libg_nano.a(lib_a-isattyr.o)
                0x20004b5c                _isatty_r
 .text._lseek_r
                0x20004b7c       0x24 c:/microsemi/softconsole_v4.0/arm-none-eabi-gcc/bin/../lib/gcc/arm-none-eabi/4.9.3/../../../../arm-none-eabi/lib/armv7-m\libg_nano.a(lib_a-lseekr.o)
                0x20004b7c                _lseek_r
 .text.memchr   0x20004ba0       0x1c c:/microsemi/softconsole_v4.0/arm-none-eabi-gcc/bin/../lib/gcc/arm-none-eabi/4.9.3/../../../../arm-none-eabi/lib/armv7-m\libg_nano.a(lib_a-memchr.o)
                0x20004ba0                memchr
 .text._read_r  0x20004bbc       0x24 c:/microsemi/softconsole_v4.0/arm-none-eabi-gcc/bin/../lib/gcc/arm-none-eabi/4.9.3/../../../../arm-none-eabi/lib/armv7-m\libg_nano.a(lib_a-readr.o)
                0x20004bbc                _read_r
 .text.pow      0x20004be0      0x2f0 c:/microsemi/softconsole_v4.0/arm-none-eabi-gcc/bin/../lib/gcc/arm-none-eabi/4.9.3/../../../../arm-none-eabi/lib/armv7-m\libm.a(lib_a-w_pow.o)
                0x20004be0                pow
 .text.__ieee754_pow
                0x20004ed0      0xaa0 c:/microsemi/softconsole_v4.0/arm-none-eabi-gcc/bin/../lib/gcc/arm-none-eabi/4.9.3/../../../../arm-none-eabi/lib/armv7-m\libm.a(lib_a-e_pow.o)
                0x20004ed0                __ieee754_pow
 .text.__ieee754_sqrt
                0x20005970      0x18c c:/microsemi/softconsole_v4.0/arm-none-eabi-gcc/bin/../lib/gcc/arm-none-eabi/4.9.3/../../../../arm-none-eabi/lib/armv7-m\libm.a(lib_a-e_sqrt.o)
                0x20005970                __ieee754_sqrt
 .text.fabs     0x20005afc        0x8 c:/microsemi/softconsole_v4.0/arm-none-eabi-gcc/bin/../lib/gcc/arm-none-eabi/4.9.3/../../../../arm-none-eabi/lib/armv7-m\libm.a(lib_a-s_fabs.o)
                0x20005afc                fabs
 .text.finite   0x20005b04        0xc c:/microsemi/softconsole_v4.0/arm-none-eabi-gcc/bin/../lib/gcc/arm-none-eabi/4.9.3/../../../../arm-none-eabi/lib/armv7-m\libm.a(lib_a-s_finite.o)
                0x20005b04                finite
 .text.__fpclassifyd
                0x20005b10       0x58 c:/microsemi/softconsole_v4.0/arm-none-eabi-gcc/bin/../lib/gcc/arm-none-eabi/4.9.3/../../../../arm-none-eabi/lib/armv7-m\libm.a(lib_a-s_fpclassify.o)
                0x20005b10                __fpclassifyd
 .text.matherr  0x20005b68        0x4 c:/microsemi/softconsole_v4.0/arm-none-eabi-gcc/bin/../lib/gcc/arm-none-eabi/4.9.3/../../../../arm-none-eabi/lib/armv7-m\libm.a(lib_a-s_matherr.o)
                0x20005b68                matherr
 .text.nan      0x20005b6c        0xc c:/microsemi/softconsole_v4.0/arm-none-eabi-gcc/bin/../lib/gcc/arm-none-eabi/4.9.3/../../../../arm-none-eabi/lib/armv7-m\libm.a(lib_a-s_nan.o)
                0x20005b6c                nan
 .text.rint     0x20005b78      0x11c c:/microsemi/softconsole_v4.0/arm-none-eabi-gcc/bin/../lib/gcc/arm-none-eabi/4.9.3/../../../../arm-none-eabi/lib/armv7-m\libm.a(lib_a-s_rint.o)
                0x20005b78                rint
 *fill*         0x20005c94        0x4 
 .text.scalbn   0x20005c98       0xec c:/microsemi/softconsole_v4.0/arm-none-eabi-gcc/bin/../lib/gcc/arm-none-eabi/4.9.3/../../../../arm-none-eabi/lib/armv7-m\libm.a(lib_a-s_scalbn.o)
                0x20005c98                scalbn
 .text.copysign
                0x20005d84       0x10 c:/microsemi/softconsole_v4.0/arm-none-eabi-gcc/bin/../lib/gcc/arm-none-eabi/4.9.3/../../../../arm-none-eabi/lib/armv7-m\libm.a(lib_a-s_copysign.o)
                0x20005d84                copysign
 .text          0x20005d94      0x110 c:/microsemi/softconsole_v4.0/arm-none-eabi-gcc/bin/../lib/gcc/arm-none-eabi/4.9.3/armv7-m\libgcc.a(_arm_cmpdf2.o)
                0x20005d94                __gtdf2
                0x20005d94                __gedf2
                0x20005d9c                __ltdf2
                0x20005d9c                __ledf2
                0x20005da4                __nedf2
                0x20005da4                __eqdf2
                0x20005da4                __cmpdf2
                0x20005e20                __aeabi_cdrcmple
                0x20005e30                __aeabi_cdcmpeq
                0x20005e30                __aeabi_cdcmple
                0x20005e40                __aeabi_dcmpeq
                0x20005e54                __aeabi_dcmplt
                0x20005e68                __aeabi_dcmple
                0x20005e7c                __aeabi_dcmpge
                0x20005e90                __aeabi_dcmpgt
 *(.plt)
 *(.gnu.warning)
 *(.glue_7t)
 .glue_7t       0x00000000        0x0 linker stubs
 *(.glue_7)
 .glue_7        0x00000000        0x0 linker stubs
 *(.vfp11_veneer)
 .vfp11_veneer  0x00000000        0x0 linker stubs
                0x20005ea4                . = ALIGN (0x4)
 *crtbegin.o(.ctors)
 *(EXCLUDE_FILE(*crtend.o) .ctors)
 *(SORT(.ctors.*))
 *crtend.o(.ctors)
 *crtbegin.o(.dtors)
 *(EXCLUDE_FILE(*crtend.o) .dtors)
 *(SORT(.dtors.*))
 *crtend.o(.dtors)
 *(.rodata .rodata.* .gnu.linkonce.r.*)
 .rodata        0x20005ea4       0x1f ./src/main.o
 *fill*         0x20005ec3        0x1 
 .rodata        0x20005ec4      0x13d ./inc/MPU6050/mpu6050.o
 *fill*         0x20006001        0x3 
 .rodata        0x20006004       0x60 ./firmware/drivers/mss_pdma/mss_pdma.o
 .rodata        0x20006064       0x30 ./firmware/CMSIS/startup_gcc/newlib_stubs.o
 .rodata.str1.1
                0x20006094        0x2 c:/microsemi/softconsole_v4.0/arm-none-eabi-gcc/bin/../lib/gcc/arm-none-eabi/4.9.3/../../../../arm-none-eabi/lib/armv7-m\libg_nano.a(lib_a-impure.o)
 *fill*         0x20006096        0x2 
 .rodata._global_impure_ptr
                0x20006098        0x4 c:/microsemi/softconsole_v4.0/arm-none-eabi-gcc/bin/../lib/gcc/arm-none-eabi/4.9.3/../../../../arm-none-eabi/lib/armv7-m\libg_nano.a(lib_a-impure.o)
                0x20006098                _global_impure_ptr
 .rodata.__sf_fake_stdin
                0x2000609c       0x20 c:/microsemi/softconsole_v4.0/arm-none-eabi-gcc/bin/../lib/gcc/arm-none-eabi/4.9.3/../../../../arm-none-eabi/lib/armv7-m\libg_nano.a(lib_a-findfp.o)
                0x2000609c                __sf_fake_stdin
 .rodata.__sf_fake_stdout
                0x200060bc       0x20 c:/microsemi/softconsole_v4.0/arm-none-eabi-gcc/bin/../lib/gcc/arm-none-eabi/4.9.3/../../../../arm-none-eabi/lib/armv7-m\libg_nano.a(lib_a-findfp.o)
                0x200060bc                __sf_fake_stdout
 .rodata.__sf_fake_stderr
                0x200060dc       0x20 c:/microsemi/softconsole_v4.0/arm-none-eabi-gcc/bin/../lib/gcc/arm-none-eabi/4.9.3/../../../../arm-none-eabi/lib/armv7-m\libg_nano.a(lib_a-findfp.o)
                0x200060dc                __sf_fake_stderr
 .rodata.str1.1
                0x200060fc       0x11 c:/microsemi/softconsole_v4.0/arm-none-eabi-gcc/bin/../lib/gcc/arm-none-eabi/4.9.3/../../../../arm-none-eabi/lib/armv7-m\libg_nano.a(lib_a-nano-vfprintf.o)
 .rodata.str1.1
                0x2000610d       0x22 c:/microsemi/softconsole_v4.0/arm-none-eabi-gcc/bin/../lib/gcc/arm-none-eabi/4.9.3/../../../../arm-none-eabi/lib/armv7-m\libg_nano.a(lib_a-nano-vfprintf_i.o)
 *fill*         0x2000612f        0x1 
 .rodata.str1.4
                0x20006130        0x4 c:/microsemi/softconsole_v4.0/arm-none-eabi-gcc/bin/../lib/gcc/arm-none-eabi/4.9.3/../../../../arm-none-eabi/lib/armv7-m\libm.a(lib_a-w_pow.o)
 *fill*         0x20006134        0x4 
 .rodata.dp_h   0x20006138       0x10 c:/microsemi/softconsole_v4.0/arm-none-eabi-gcc/bin/../lib/gcc/arm-none-eabi/4.9.3/../../../../arm-none-eabi/lib/armv7-m\libm.a(lib_a-e_pow.o)
 .rodata.dp_l   0x20006148       0x10 c:/microsemi/softconsole_v4.0/arm-none-eabi-gcc/bin/../lib/gcc/arm-none-eabi/4.9.3/../../../../arm-none-eabi/lib/armv7-m\libm.a(lib_a-e_pow.o)
 .rodata.bp     0x20006158       0x10 c:/microsemi/softconsole_v4.0/arm-none-eabi-gcc/bin/../lib/gcc/arm-none-eabi/4.9.3/../../../../arm-none-eabi/lib/armv7-m\libm.a(lib_a-e_pow.o)
 .rodata.str1.4
                0x20006168        0x4 c:/microsemi/softconsole_v4.0/arm-none-eabi-gcc/bin/../lib/gcc/arm-none-eabi/4.9.3/../../../../arm-none-eabi/lib/armv7-m\libm.a(lib_a-e_pow.o)
                                  0x1 (size before relaxing)
 *fill*         0x2000616c        0x4 
 .rodata.TWO52  0x20006170       0x10 c:/microsemi/softconsole_v4.0/arm-none-eabi-gcc/bin/../lib/gcc/arm-none-eabi/4.9.3/../../../../arm-none-eabi/lib/armv7-m\libm.a(lib_a-s_rint.o)
 *(.ARM.extab* .gnu.linkonce.armextab.*)
 *(.gcc_except_table)
 *(.eh_frame_hdr)
 *(.eh_frame)
 .eh_frame      0x20006180        0x0 c:/microsemi/softconsole_v4.0/arm-none-eabi-gcc/bin/../lib/gcc/arm-none-eabi/4.9.3/armv7-m/crtbegin.o
 *(.vector_table)
 *(.init)
 .init          0x20006180        0x4 c:/microsemi/softconsole_v4.0/arm-none-eabi-gcc/bin/../lib/gcc/arm-none-eabi/4.9.3/armv7-m/crti.o
                0x20006180                _init
 .init          0x20006184        0x8 c:/microsemi/softconsole_v4.0/arm-none-eabi-gcc/bin/../lib/gcc/arm-none-eabi/4.9.3/armv7-m/crtn.o
 *(.fini)
 .fini          0x2000618c        0x4 c:/microsemi/softconsole_v4.0/arm-none-eabi-gcc/bin/../lib/gcc/arm-none-eabi/4.9.3/armv7-m/crti.o
                0x2000618c                _fini
 .fini          0x20006190        0x8 c:/microsemi/softconsole_v4.0/arm-none-eabi-gcc/bin/../lib/gcc/arm-none-eabi/4.9.3/armv7-m/crtn.o
                0x20006198                PROVIDE (__preinit_array_start, .)
 *(.preinit_array)
                0x20006198                PROVIDE (__preinit_array_end, .)
                0x20006198                PROVIDE (__init_array_start, .)
 *(SORT(.init_array.*))
 *(.init_array)
 .init_array    0x20006198        0x4 c:/microsemi/softconsole_v4.0/arm-none-eabi-gcc/bin/../lib/gcc/arm-none-eabi/4.9.3/armv7-m/crtbegin.o
                0x2000619c                PROVIDE (__init_array_end, .)
                0x2000619c                PROVIDE (__fini_array_start, .)
 *(.fini_array)
 .fini_array    0x2000619c        0x4 c:/microsemi/softconsole_v4.0/arm-none-eabi-gcc/bin/../lib/gcc/arm-none-eabi/4.9.3/armv7-m/crtbegin.o
 *(SORT(.fini_array.*))
                0x200061a0                PROVIDE (__fini_array_end, .)
                0x200061a0                . = ALIGN (0x10)
                0x200061a0                __exidx_start = .

.v4_bx          0x200061a0        0x0
 .v4_bx         0x00000000        0x0 linker stubs

.iplt           0x200061a0        0x0
 .iplt          0x00000000        0x0 c:/microsemi/softconsole_v4.0/arm-none-eabi-gcc/bin/../lib/gcc/arm-none-eabi/4.9.3/armv7-m/crtbegin.o

.rel.dyn        0x200061a0        0x0
 .rel.iplt      0x00000000        0x0 c:/microsemi/softconsole_v4.0/arm-none-eabi-gcc/bin/../lib/gcc/arm-none-eabi/4.9.3/armv7-m/crtbegin.o

.ARM.exidx
 *(.ARM.exidx* .gnu.linkonce.armexidx.*)
                0x200061a0                __exidx_end = .
                0x200061a0                _etext = .
                0x200061a0                PROVIDE (__text_end, .)

.data           0x200061a0       0x70
                0x200061a0                __data_load = LOADADDR (.data)
                0x200061a0                _sidata = LOADADDR (.data)
                0x200061a0                __data_start = .
                0x200061a0                _sdata = .
 *(.jcr)
 .jcr           0x200061a0        0x0 c:/microsemi/softconsole_v4.0/arm-none-eabi-gcc/bin/../lib/gcc/arm-none-eabi/4.9.3/armv7-m/crtbegin.o
 .jcr           0x200061a0        0x4 c:/microsemi/softconsole_v4.0/arm-none-eabi-gcc/bin/../lib/gcc/arm-none-eabi/4.9.3/armv7-m/crtend.o
 *(.got.plt)
 *(.got)
 *(.shdata)
 *(.data .data.* .gnu.linkonce.d.*)
 .data.impure_data
                0x200061a4       0x60 c:/microsemi/softconsole_v4.0/arm-none-eabi-gcc/bin/../lib/gcc/arm-none-eabi/4.9.3/../../../../arm-none-eabi/lib/armv7-m\libg_nano.a(lib_a-impure.o)
 .data._impure_ptr
                0x20006204        0x4 c:/microsemi/softconsole_v4.0/arm-none-eabi-gcc/bin/../lib/gcc/arm-none-eabi/4.9.3/../../../../arm-none-eabi/lib/armv7-m\libg_nano.a(lib_a-impure.o)
                0x20006204                _impure_ptr
 .data.__fdlib_version
                0x20006208        0x1 c:/microsemi/softconsole_v4.0/arm-none-eabi-gcc/bin/../lib/gcc/arm-none-eabi/4.9.3/../../../../arm-none-eabi/lib/armv7-m\libm.a(lib_a-s_lib_ver.o)
                0x20006208                __fdlib_version
                0x20006210                . = ALIGN (0x10)
 *fill*         0x20006209        0x7 
                0x20006210                _edata = .

.igot.plt       0x20006210        0x0
 .igot.plt      0x00000000        0x0 c:/microsemi/softconsole_v4.0/arm-none-eabi-gcc/bin/../lib/gcc/arm-none-eabi/4.9.3/armv7-m/crtbegin.o

.bss            0x20006210      0x1b0
                0x20006210                __bss_start__ = .
                0x20006210                _sbss = .
 *(.shbss)
 *(.bss .bss.* .gnu.linkonce.b.*)
 .bss           0x20006210       0x1c c:/microsemi/softconsole_v4.0/arm-none-eabi-gcc/bin/../lib/gcc/arm-none-eabi/4.9.3/armv7-m/crtbegin.o
 .bss.g_comblk_cmd_opcode
                0x2000622c        0x1 ./firmware/drivers/mss_sys_services/mss_comblk.o
 *fill*         0x2000622d        0x3 
 .bss.g_comblk_p_cmd
                0x20006230        0x4 ./firmware/drivers/mss_sys_services/mss_comblk.o
 .bss.g_comblk_cmd_size
                0x20006234        0x2 ./firmware/drivers/mss_sys_services/mss_comblk.o
 *fill*         0x20006236        0x2 
 .bss.g_comblk_p_data
                0x20006238        0x4 ./firmware/drivers/mss_sys_services/mss_comblk.o
 .bss.g_comblk_data_size
                0x2000623c        0x4 ./firmware/drivers/mss_sys_services/mss_comblk.o
 .bss.g_comblk_p_response
                0x20006240        0x4 ./firmware/drivers/mss_sys_services/mss_comblk.o
 .bss.g_comblk_response_size
                0x20006244        0x2 ./firmware/drivers/mss_sys_services/mss_comblk.o
 .bss.g_comblk_response_idx
                0x20006246        0x2 ./firmware/drivers/mss_sys_services/mss_comblk.o
 .bss.g_comblk_completion_handler
                0x20006248        0x4 ./firmware/drivers/mss_sys_services/mss_comblk.o
 .bss.g_comblk_page_handler
                0x2000624c        0x4 ./firmware/drivers/mss_sys_services/mss_comblk.o
 .bss.g_request_in_progress
                0x20006250        0x1 ./firmware/drivers/mss_sys_services/mss_comblk.o
 .bss.g_comblk_state
                0x20006251        0x1 ./firmware/drivers/mss_sys_services/mss_comblk.o
 *fill*         0x20006252        0x2 
 .bss.g_async_event_handler
                0x20006254        0x4 ./firmware/drivers/mss_sys_services/mss_comblk.o
 .bss.g_pdma_isr_table
                0x20006258       0x20 ./firmware/drivers/mss_pdma/mss_pdma.o
 .bss.g_transfer
                0x20006278       0x18 ./firmware/drivers/mss_hpdma/mss_hpdma.o
 .bss.g_hpdma_end_desc
                0x20006290        0x4 ./firmware/drivers/mss_hpdma/mss_hpdma.o
 .bss.g_hpdma_current_desc
                0x20006294        0x4 ./firmware/drivers/mss_hpdma/mss_hpdma.o
 .bss.heap_end.5162
                0x20006298        0x4 ./firmware/CMSIS/startup_gcc/newlib_stubs.o
 .bss.__malloc_sbrk_start
                0x2000629c        0x4 c:/microsemi/softconsole_v4.0/arm-none-eabi-gcc/bin/../lib/gcc/arm-none-eabi/4.9.3/../../../../arm-none-eabi/lib/armv7-m\libg_nano.a(lib_a-nano-mallocr.o)
                0x2000629c                __malloc_sbrk_start
 .bss.__malloc_free_list
                0x200062a0        0x4 c:/microsemi/softconsole_v4.0/arm-none-eabi-gcc/bin/../lib/gcc/arm-none-eabi/4.9.3/../../../../arm-none-eabi/lib/armv7-m\libg_nano.a(lib_a-nano-mallocr.o)
                0x200062a0                __malloc_free_list
 *(COMMON)
 *fill*         0x200062a4        0x4 
 COMMON         0x200062a8      0x110 ./src/main.o
                0x200062a8                Mpu6050_
                0x20006308                g_core_i2c0
                0x20006374                _rx_buffer_
                0x20006394                g_uart_0
                0x2000639c                _tx_buffer_
                0x200063ac                Mpu6050_Config_
 COMMON         0x200063b8        0x4 c:/microsemi/softconsole_v4.0/arm-none-eabi-gcc/bin/../lib/gcc/arm-none-eabi/4.9.3/../../../../arm-none-eabi/lib/armv7-m\libg_nano.a(lib_a-reent.o)
                0x200063b8                errno
                0x200063c0                . = ALIGN (0x10)
 *fill*         0x200063bc        0x4 
                0x200063c0                __bss_end__ = .
                0x200063c0                _end = .
                0x200063c0                __end = _end
                0x200063c0                _ebss = .
                0x200063c0                PROVIDE (end, .)

.heap           0x200063c0     0x8c40
                0x200063c0                __heap_start__ = .
                0x200073c0                . = (. + MIN_SIZE_HEAP)
 *fill*         0x200063c0     0x1000 
                0x2000f000                . = (. + (((ABSOLUTE (RAM_START_ADDRESS) + RAM_SIZE) - MAIN_STACK_SIZE) - .))
 *fill*         0x200073c0     0x7c40 
                0x2000f000                _eheap = .

.stack          0x2000f000     0x1000
                0x2000f000                __stack_start__ = .
                0x20010000                . = (. + MAIN_STACK_SIZE)
 *fill*         0x2000f000     0x1000 
                0x20010000                _estack = .

.stab
 *(.stab)

.stabstr
 *(.stabstr)

.debug
 *(.debug)

.line
 *(.line)

.debug_srcinfo
 *(.debug_srcinfo)

.debug_sfnames
 *(.debug_sfnames)

.debug_aranges  0x00000000      0x928
 *(.debug_aranges)
 .debug_aranges
                0x00000000       0x28 ./src/main.o
 .debug_aranges
                0x00000028       0xa8 ./inc/MPU6050/mpu6050.o
 .debug_aranges
                0x000000d0       0x18 ./inc/MPU6050/mpu6050_ut.o
 .debug_aranges
                0x000000e8       0x40 ./inc/HM11/hm11.o
 .debug_aranges
                0x00000128       0x18 ./inc/HM11/hm11_ut.o
 .debug_aranges
                0x00000140       0x20 ./firmware/hal/CortexM3/GNU/hal.o
 .debug_aranges
                0x00000160       0x20 ./firmware/hal/CortexM3/GNU/hw_reg_access.o
 .debug_aranges
                0x00000180       0x48 ./firmware/hal/CortexM3/cortex_nvic.o
 .debug_aranges
                0x000001c8       0x18 ./firmware/drivers_config/sys_config/sys_config.o
 .debug_aranges
                0x000001e0       0x90 ./firmware/drivers/mss_sys_services/mss_comblk.o
 .debug_aranges
                0x00000270      0x1c8 ./firmware/drivers/mss_sys_services/mss_sys_services.o
 .debug_aranges
                0x00000438       0xc0 ./firmware/drivers/mss_rtc/mss_rtc.o
 .debug_aranges
                0x000004f8       0x88 ./firmware/drivers/mss_pdma/mss_pdma.o
 .debug_aranges
                0x00000580       0x80 ./firmware/drivers/mss_nvm/mss_nvm.o
 .debug_aranges
                0x00000600       0x80 ./firmware/drivers/mss_hpdma/mss_hpdma.o
 .debug_aranges
                0x00000680       0x48 ./firmware/drivers/CoreUARTapb/core_uart_apb.o
 .debug_aranges
                0x000006c8      0x110 ./firmware/drivers/CoreI2C/core_i2c.o
 .debug_aranges
                0x000007d8       0x38 ./firmware/drivers/CoreI2C/i2c_interrupt.o
 .debug_aranges
                0x00000810       0xa8 ./firmware/CMSIS/startup_gcc/newlib_stubs.o
 .debug_aranges
                0x000008b8       0x20 ./firmware/CMSIS/startup_gcc/startup_m2sxxx.o
 .debug_aranges
                0x000008d8       0x50 ./firmware/CMSIS/system_m2sxxx.o

.debug_pubnames
 *(.debug_pubnames)

.debug_info     0x00000000     0xbb84
 *(.debug_info .gnu.linkonce.wi.*)
 .debug_info    0x00000000      0x697 ./src/main.o
 .debug_info    0x00000697     0x10df ./inc/MPU6050/mpu6050.o
 .debug_info    0x00001776       0x21 ./inc/MPU6050/mpu6050_ut.o
 .debug_info    0x00001797      0x96d ./inc/HM11/hm11.o
 .debug_info    0x00002104       0x21 ./inc/HM11/hm11_ut.o
 .debug_info    0x00002125       0x94 ./firmware/hal/CortexM3/GNU/hal.o
 .debug_info    0x000021b9       0x9e ./firmware/hal/CortexM3/GNU/hw_reg_access.o
 .debug_info    0x00002257      0x18b ./firmware/hal/CortexM3/cortex_nvic.o
 .debug_info    0x000023e2       0x96 ./firmware/drivers_config/sys_config/sys_config.o
 .debug_info    0x00002478      0xb0d ./firmware/drivers/mss_sys_services/mss_comblk.o
 .debug_info    0x00002f85     0x1e16 ./firmware/drivers/mss_sys_services/mss_sys_services.o
 .debug_info    0x00004d9b     0x1165 ./firmware/drivers/mss_rtc/mss_rtc.o
 .debug_info    0x00005f00     0x10bd ./firmware/drivers/mss_pdma/mss_pdma.o
 .debug_info    0x00006fbd     0x1158 ./firmware/drivers/mss_nvm/mss_nvm.o
 .debug_info    0x00008115     0x1169 ./firmware/drivers/mss_hpdma/mss_hpdma.o
 .debug_info    0x0000927e      0x353 ./firmware/drivers/CoreUARTapb/core_uart_apb.o
 .debug_info    0x000095d1      0xc82 ./firmware/drivers/CoreI2C/core_i2c.o
 .debug_info    0x0000a253      0x75c ./firmware/drivers/CoreI2C/i2c_interrupt.o
 .debug_info    0x0000a9af      0x692 ./firmware/CMSIS/startup_gcc/newlib_stubs.o
 .debug_info    0x0000b041       0xa0 ./firmware/CMSIS/startup_gcc/startup_m2sxxx.o
 .debug_info    0x0000b0e1      0xaa3 ./firmware/CMSIS/system_m2sxxx.o

.debug_abbrev   0x00000000     0x1bde
 *(.debug_abbrev)
 .debug_abbrev  0x00000000      0x1a5 ./src/main.o
 .debug_abbrev  0x000001a5      0x2ba ./inc/MPU6050/mpu6050.o
 .debug_abbrev  0x0000045f       0x13 ./inc/MPU6050/mpu6050_ut.o
 .debug_abbrev  0x00000472      0x1fe ./inc/HM11/hm11.o
 .debug_abbrev  0x00000670       0x13 ./inc/HM11/hm11_ut.o
 .debug_abbrev  0x00000683       0x14 ./firmware/hal/CortexM3/GNU/hal.o
 .debug_abbrev  0x00000697       0x14 ./firmware/hal/CortexM3/GNU/hw_reg_access.o
 .debug_abbrev  0x000006ab       0xa3 ./firmware/hal/CortexM3/cortex_nvic.o
 .debug_abbrev  0x0000074e       0x4e ./firmware/drivers_config/sys_config/sys_config.o
 .debug_abbrev  0x0000079c      0x1d2 ./firmware/drivers/mss_sys_services/mss_comblk.o
 .debug_abbrev  0x0000096e      0x251 ./firmware/drivers/mss_sys_services/mss_sys_services.o
 .debug_abbrev  0x00000bbf      0x268 ./firmware/drivers/mss_rtc/mss_rtc.o
 .debug_abbrev  0x00000e27      0x20e ./firmware/drivers/mss_pdma/mss_pdma.o
 .debug_abbrev  0x00001035      0x1cb ./firmware/drivers/mss_nvm/mss_nvm.o
 .debug_abbrev  0x00001200      0x246 ./firmware/drivers/mss_hpdma/mss_hpdma.o
 .debug_abbrev  0x00001446       0xfb ./firmware/drivers/CoreUARTapb/core_uart_apb.o
 .debug_abbrev  0x00001541      0x1b9 ./firmware/drivers/CoreI2C/core_i2c.o
 .debug_abbrev  0x000016fa      0x183 ./firmware/drivers/CoreI2C/i2c_interrupt.o
 .debug_abbrev  0x0000187d      0x1c4 ./firmware/CMSIS/startup_gcc/newlib_stubs.o
 .debug_abbrev  0x00001a41       0x14 ./firmware/CMSIS/startup_gcc/startup_m2sxxx.o
 .debug_abbrev  0x00001a55      0x189 ./firmware/CMSIS/system_m2sxxx.o

.debug_line     0x00000000     0x5ba8
 *(.debug_line)
 .debug_line    0x00000000      0x5b0 ./src/main.o
 .debug_line    0x000005b0      0x6d9 ./inc/MPU6050/mpu6050.o
 .debug_line    0x00000c89       0x3c ./inc/MPU6050/mpu6050_ut.o
 .debug_line    0x00000cc5      0x5b1 ./inc/HM11/hm11.o
 .debug_line    0x00001276       0x36 ./inc/HM11/hm11_ut.o
 .debug_line    0x000012ac       0x56 ./firmware/hal/CortexM3/GNU/hal.o
 .debug_line    0x00001302       0x94 ./firmware/hal/CortexM3/GNU/hw_reg_access.o
 .debug_line    0x00001396      0x2c2 ./firmware/hal/CortexM3/cortex_nvic.o
 .debug_line    0x00001658      0x2bc ./firmware/drivers_config/sys_config/sys_config.o
 .debug_line    0x00001914      0x54f ./firmware/drivers/mss_sys_services/mss_comblk.o
 .debug_line    0x00001e63      0xdc1 ./firmware/drivers/mss_sys_services/mss_sys_services.o
 .debug_line    0x00002c24      0x688 ./firmware/drivers/mss_rtc/mss_rtc.o
 .debug_line    0x000032ac      0x457 ./firmware/drivers/mss_pdma/mss_pdma.o
 .debug_line    0x00003703      0x69b ./firmware/drivers/mss_nvm/mss_nvm.o
 .debug_line    0x00003d9e      0x479 ./firmware/drivers/mss_hpdma/mss_hpdma.o
 .debug_line    0x00004217      0x4f9 ./firmware/drivers/CoreUARTapb/core_uart_apb.o
 .debug_line    0x00004710      0x762 ./firmware/drivers/CoreI2C/core_i2c.o
 .debug_line    0x00004e72      0x414 ./firmware/drivers/CoreI2C/i2c_interrupt.o
 .debug_line    0x00005286      0x423 ./firmware/CMSIS/startup_gcc/newlib_stubs.o
 .debug_line    0x000056a9      0x199 ./firmware/CMSIS/startup_gcc/startup_m2sxxx.o
 .debug_line    0x00005842      0x366 ./firmware/CMSIS/system_m2sxxx.o

.debug_frame    0x00000000     0x2c90
 *(.debug_frame)
 .debug_frame   0x00000000       0x58 ./src/main.o
 .debug_frame   0x00000058      0x2b0 ./inc/MPU6050/mpu6050.o
 .debug_frame   0x00000308       0xb4 ./inc/HM11/hm11.o
 .debug_frame   0x000003bc       0xf8 ./firmware/hal/CortexM3/cortex_nvic.o
 .debug_frame   0x000004b4      0x240 ./firmware/drivers/mss_sys_services/mss_comblk.o
 .debug_frame   0x000006f4      0x7e0 ./firmware/drivers/mss_sys_services/mss_sys_services.o
 .debug_frame   0x00000ed4      0x324 ./firmware/drivers/mss_rtc/mss_rtc.o
 .debug_frame   0x000011f8      0x234 ./firmware/drivers/mss_pdma/mss_pdma.o
 .debug_frame   0x0000142c      0x208 ./firmware/drivers/mss_nvm/mss_nvm.o
 .debug_frame   0x00001634      0x210 ./firmware/drivers/mss_hpdma/mss_hpdma.o
 .debug_frame   0x00001844       0xf0 ./firmware/drivers/CoreUARTapb/core_uart_apb.o
 .debug_frame   0x00001934      0x480 ./firmware/drivers/CoreI2C/core_i2c.o
 .debug_frame   0x00001db4       0xa8 ./firmware/drivers/CoreI2C/i2c_interrupt.o
 .debug_frame   0x00001e5c      0x2a8 ./firmware/CMSIS/startup_gcc/newlib_stubs.o
 .debug_frame   0x00002104      0x10c ./firmware/CMSIS/system_m2sxxx.o
 .debug_frame   0x00002210       0x20 c:/microsemi/softconsole_v4.0/arm-none-eabi-gcc/bin/../lib/gcc/arm-none-eabi/4.9.3/../../../../arm-none-eabi/lib/armv7-m\libg_nano.a(lib_a-calloc.o)
 .debug_frame   0x00002230       0x20 c:/microsemi/softconsole_v4.0/arm-none-eabi-gcc/bin/../lib/gcc/arm-none-eabi/4.9.3/../../../../arm-none-eabi/lib/armv7-m\libg_nano.a(lib_a-errno.o)
 .debug_frame   0x00002250       0x28 c:/microsemi/softconsole_v4.0/arm-none-eabi-gcc/bin/../lib/gcc/arm-none-eabi/4.9.3/../../../../arm-none-eabi/lib/armv7-m\libg_nano.a(lib_a-exit.o)
 .debug_frame   0x00002278       0x2c c:/microsemi/softconsole_v4.0/arm-none-eabi-gcc/bin/../lib/gcc/arm-none-eabi/4.9.3/../../../../arm-none-eabi/lib/armv7-m\libg_nano.a(lib_a-init.o)
 .debug_frame   0x000022a4       0x28 c:/microsemi/softconsole_v4.0/arm-none-eabi-gcc/bin/../lib/gcc/arm-none-eabi/4.9.3/../../../../arm-none-eabi/lib/armv7-m\libg_nano.a(lib_a-memcpy.o)
 .debug_frame   0x000022cc       0x20 c:/microsemi/softconsole_v4.0/arm-none-eabi-gcc/bin/../lib/gcc/arm-none-eabi/4.9.3/../../../../arm-none-eabi/lib/armv7-m\libg_nano.a(lib_a-memset.o)
 .debug_frame   0x000022ec       0x2c c:/microsemi/softconsole_v4.0/arm-none-eabi-gcc/bin/../lib/gcc/arm-none-eabi/4.9.3/../../../../arm-none-eabi/lib/armv7-m\libg_nano.a(lib_a-nano-callocr.o)
 .debug_frame   0x00002318       0x2c c:/microsemi/softconsole_v4.0/arm-none-eabi-gcc/bin/../lib/gcc/arm-none-eabi/4.9.3/../../../../arm-none-eabi/lib/armv7-m\libg_nano.a(lib_a-nano-mallocr.o)
 .debug_frame   0x00002344       0x74 c:/microsemi/softconsole_v4.0/arm-none-eabi-gcc/bin/../lib/gcc/arm-none-eabi/4.9.3/../../../../arm-none-eabi/lib/armv7-m\libg_nano.a(lib_a-printf.o)
 .debug_frame   0x000023b8       0x3c c:/microsemi/softconsole_v4.0/arm-none-eabi-gcc/bin/../lib/gcc/arm-none-eabi/4.9.3/../../../../arm-none-eabi/lib/armv7-m\libg_nano.a(lib_a-puts.o)
 .debug_frame   0x000023f4       0x2c c:/microsemi/softconsole_v4.0/arm-none-eabi-gcc/bin/../lib/gcc/arm-none-eabi/4.9.3/../../../../arm-none-eabi/lib/armv7-m\libg_nano.a(lib_a-sbrkr.o)
 .debug_frame   0x00002420       0x3c c:/microsemi/softconsole_v4.0/arm-none-eabi-gcc/bin/../lib/gcc/arm-none-eabi/4.9.3/../../../../arm-none-eabi/lib/armv7-m\libg_nano.a(lib_a-wbuf.o)
 .debug_frame   0x0000245c       0x2c c:/microsemi/softconsole_v4.0/arm-none-eabi-gcc/bin/../lib/gcc/arm-none-eabi/4.9.3/../../../../arm-none-eabi/lib/armv7-m\libg_nano.a(lib_a-wsetup.o)
 .debug_frame   0x00002488       0x68 c:/microsemi/softconsole_v4.0/arm-none-eabi-gcc/bin/../lib/gcc/arm-none-eabi/4.9.3/../../../../arm-none-eabi/lib/armv7-m\libg_nano.a(lib_a-fflush.o)
 .debug_frame   0x000024f0      0x11c c:/microsemi/softconsole_v4.0/arm-none-eabi-gcc/bin/../lib/gcc/arm-none-eabi/4.9.3/../../../../arm-none-eabi/lib/armv7-m\libg_nano.a(lib_a-findfp.o)
 .debug_frame   0x0000260c       0x54 c:/microsemi/softconsole_v4.0/arm-none-eabi-gcc/bin/../lib/gcc/arm-none-eabi/4.9.3/../../../../arm-none-eabi/lib/armv7-m\libg_nano.a(lib_a-fwalk.o)
 .debug_frame   0x00002660       0x34 c:/microsemi/softconsole_v4.0/arm-none-eabi-gcc/bin/../lib/gcc/arm-none-eabi/4.9.3/../../../../arm-none-eabi/lib/armv7-m\libg_nano.a(lib_a-makebuf.o)
 .debug_frame   0x00002694       0x2c c:/microsemi/softconsole_v4.0/arm-none-eabi-gcc/bin/../lib/gcc/arm-none-eabi/4.9.3/../../../../arm-none-eabi/lib/armv7-m\libg_nano.a(lib_a-nano-freer.o)
 .debug_frame   0x000026c0       0xb8 c:/microsemi/softconsole_v4.0/arm-none-eabi-gcc/bin/../lib/gcc/arm-none-eabi/4.9.3/../../../../arm-none-eabi/lib/armv7-m\libg_nano.a(lib_a-nano-vfprintf.o)
 .debug_frame   0x00002778       0x58 c:/microsemi/softconsole_v4.0/arm-none-eabi-gcc/bin/../lib/gcc/arm-none-eabi/4.9.3/../../../../arm-none-eabi/lib/armv7-m\libg_nano.a(lib_a-nano-vfprintf_i.o)
 .debug_frame   0x000027d0       0x5c c:/microsemi/softconsole_v4.0/arm-none-eabi-gcc/bin/../lib/gcc/arm-none-eabi/4.9.3/../../../../arm-none-eabi/lib/armv7-m\libg_nano.a(lib_a-reent.o)
 .debug_frame   0x0000282c       0x88 c:/microsemi/softconsole_v4.0/arm-none-eabi-gcc/bin/../lib/gcc/arm-none-eabi/4.9.3/../../../../arm-none-eabi/lib/armv7-m\libg_nano.a(lib_a-stdio.o)
 .debug_frame   0x000028b4       0x2c c:/microsemi/softconsole_v4.0/arm-none-eabi-gcc/bin/../lib/gcc/arm-none-eabi/4.9.3/../../../../arm-none-eabi/lib/armv7-m\libg_nano.a(lib_a-closer.o)
 .debug_frame   0x000028e0       0x2c c:/microsemi/softconsole_v4.0/arm-none-eabi-gcc/bin/../lib/gcc/arm-none-eabi/4.9.3/../../../../arm-none-eabi/lib/armv7-m\libg_nano.a(lib_a-fstatr.o)
 .debug_frame   0x0000290c       0x3c c:/microsemi/softconsole_v4.0/arm-none-eabi-gcc/bin/../lib/gcc/arm-none-eabi/4.9.3/../../../../arm-none-eabi/lib/armv7-m\libg_nano.a(lib_a-fvwrite.o)
 .debug_frame   0x00002948       0x2c c:/microsemi/softconsole_v4.0/arm-none-eabi-gcc/bin/../lib/gcc/arm-none-eabi/4.9.3/../../../../arm-none-eabi/lib/armv7-m\libg_nano.a(lib_a-isattyr.o)
 .debug_frame   0x00002974       0x2c c:/microsemi/softconsole_v4.0/arm-none-eabi-gcc/bin/../lib/gcc/arm-none-eabi/4.9.3/../../../../arm-none-eabi/lib/armv7-m\libg_nano.a(lib_a-lseekr.o)
 .debug_frame   0x000029a0       0x28 c:/microsemi/softconsole_v4.0/arm-none-eabi-gcc/bin/../lib/gcc/arm-none-eabi/4.9.3/../../../../arm-none-eabi/lib/armv7-m\libg_nano.a(lib_a-memchr.o)
 .debug_frame   0x000029c8       0x28 c:/microsemi/softconsole_v4.0/arm-none-eabi-gcc/bin/../lib/gcc/arm-none-eabi/4.9.3/../../../../arm-none-eabi/lib/armv7-m\libg_nano.a(lib_a-memmove.o)
 .debug_frame   0x000029f0       0x3c c:/microsemi/softconsole_v4.0/arm-none-eabi-gcc/bin/../lib/gcc/arm-none-eabi/4.9.3/../../../../arm-none-eabi/lib/armv7-m\libg_nano.a(lib_a-nano-reallocr.o)
 .debug_frame   0x00002a2c       0x2c c:/microsemi/softconsole_v4.0/arm-none-eabi-gcc/bin/../lib/gcc/arm-none-eabi/4.9.3/../../../../arm-none-eabi/lib/armv7-m\libg_nano.a(lib_a-readr.o)
 .debug_frame   0x00002a58       0x20 c:/microsemi/softconsole_v4.0/arm-none-eabi-gcc/bin/../lib/gcc/arm-none-eabi/4.9.3/../../../../arm-none-eabi/lib/armv7-m\libg_nano.a(lib_a-nano-msizer.o)
 .debug_frame   0x00002a78       0x44 c:/microsemi/softconsole_v4.0/arm-none-eabi-gcc/bin/../lib/gcc/arm-none-eabi/4.9.3/../../../../arm-none-eabi/lib/armv7-m\libm.a(lib_a-w_pow.o)
 .debug_frame   0x00002abc       0x64 c:/microsemi/softconsole_v4.0/arm-none-eabi-gcc/bin/../lib/gcc/arm-none-eabi/4.9.3/../../../../arm-none-eabi/lib/armv7-m\libm.a(lib_a-e_pow.o)
 .debug_frame   0x00002b20       0x30 c:/microsemi/softconsole_v4.0/arm-none-eabi-gcc/bin/../lib/gcc/arm-none-eabi/4.9.3/../../../../arm-none-eabi/lib/armv7-m\libm.a(lib_a-e_sqrt.o)
 .debug_frame   0x00002b50       0x20 c:/microsemi/softconsole_v4.0/arm-none-eabi-gcc/bin/../lib/gcc/arm-none-eabi/4.9.3/../../../../arm-none-eabi/lib/armv7-m\libm.a(lib_a-s_fabs.o)
 .debug_frame   0x00002b70       0x20 c:/microsemi/softconsole_v4.0/arm-none-eabi-gcc/bin/../lib/gcc/arm-none-eabi/4.9.3/../../../../arm-none-eabi/lib/armv7-m\libm.a(lib_a-s_finite.o)
 .debug_frame   0x00002b90       0x34 c:/microsemi/softconsole_v4.0/arm-none-eabi-gcc/bin/../lib/gcc/arm-none-eabi/4.9.3/../../../../arm-none-eabi/lib/armv7-m\libm.a(lib_a-s_fpclassify.o)
 .debug_frame   0x00002bc4       0x20 c:/microsemi/softconsole_v4.0/arm-none-eabi-gcc/bin/../lib/gcc/arm-none-eabi/4.9.3/../../../../arm-none-eabi/lib/armv7-m\libm.a(lib_a-s_matherr.o)
 .debug_frame   0x00002be4       0x20 c:/microsemi/softconsole_v4.0/arm-none-eabi-gcc/bin/../lib/gcc/arm-none-eabi/4.9.3/../../../../arm-none-eabi/lib/armv7-m\libm.a(lib_a-s_nan.o)
 .debug_frame   0x00002c04       0x3c c:/microsemi/softconsole_v4.0/arm-none-eabi-gcc/bin/../lib/gcc/arm-none-eabi/4.9.3/../../../../arm-none-eabi/lib/armv7-m\libm.a(lib_a-s_rint.o)
 .debug_frame   0x00002c40       0x30 c:/microsemi/softconsole_v4.0/arm-none-eabi-gcc/bin/../lib/gcc/arm-none-eabi/4.9.3/../../../../arm-none-eabi/lib/armv7-m\libm.a(lib_a-s_scalbn.o)
 .debug_frame   0x00002c70       0x20 c:/microsemi/softconsole_v4.0/arm-none-eabi-gcc/bin/../lib/gcc/arm-none-eabi/4.9.3/../../../../arm-none-eabi/lib/armv7-m\libm.a(lib_a-s_copysign.o)

.debug_str      0x00000000    0x17617
 *(.debug_str)
 .debug_str     0x00000000     0xcd49 ./src/main.o
                               0xcfcc (size before relaxing)
 .debug_str     0x0000cd49      0x956 ./inc/MPU6050/mpu6050.o
                               0xd60c (size before relaxing)
 .debug_str     0x0000d69f       0x1c ./inc/MPU6050/mpu6050_ut.o
                               0x247e (size before relaxing)
 .debug_str     0x0000d6bb       0x60 ./inc/HM11/hm11.o
                               0xd324 (size before relaxing)
 .debug_str     0x0000d71b       0x16 ./inc/HM11/hm11_ut.o
                               0x2478 (size before relaxing)
 .debug_str     0x0000d731      0x1c9 ./firmware/hal/CortexM3/cortex_nvic.o
                               0x3628 (size before relaxing)
 .debug_str     0x0000d8fa       0x4d ./firmware/drivers_config/sys_config/sys_config.o
                               0x871d (size before relaxing)
 .debug_str     0x0000d947      0x4eb ./firmware/drivers/mss_sys_services/mss_comblk.o
                               0x94e5 (size before relaxing)
 .debug_str     0x0000de32     0x2b9d ./firmware/drivers/mss_sys_services/mss_sys_services.o
                               0xd707 (size before relaxing)
 .debug_str     0x000109cf      0x83b ./firmware/drivers/mss_rtc/mss_rtc.o
                               0xbeb1 (size before relaxing)
 .debug_str     0x0001120a     0x14a7 ./firmware/drivers/mss_pdma/mss_pdma.o
                               0xab64 (size before relaxing)
 .debug_str     0x000126b1      0xced ./firmware/drivers/mss_nvm/mss_nvm.o
                               0x9e55 (size before relaxing)
 .debug_str     0x0001339e      0x76b ./firmware/drivers/mss_hpdma/mss_hpdma.o
                               0x9dff (size before relaxing)
 .debug_str     0x00013b09      0xe19 ./firmware/drivers/CoreUARTapb/core_uart_apb.o
                               0x44ef (size before relaxing)
 .debug_str     0x00014922      0xd65 ./firmware/drivers/CoreI2C/core_i2c.o
                               0x6e62 (size before relaxing)
 .debug_str     0x00015687       0x4b ./firmware/drivers/CoreI2C/i2c_interrupt.o
                               0x9a40 (size before relaxing)
 .debug_str     0x000156d2     0x1a3e ./firmware/CMSIS/startup_gcc/newlib_stubs.o
                               0x6a37 (size before relaxing)
 .debug_str     0x00017110      0x507 ./firmware/CMSIS/system_m2sxxx.o
                               0x93cc (size before relaxing)

.debug_loc
 *(.debug_loc)

.debug_macinfo
 *(.debug_macinfo)

.debug_weaknames
 *(.debug_weaknames)

.debug_funcnames
 *(.debug_funcnames)

.debug_typenames
 *(.debug_typenames)

.debug_varnames
 *(.debug_varnames)

.note.gnu.arm.ident
 *(.note.gnu.arm.ident)

.ARM.attributes
                0x00000000       0x29
 *(.ARM.attributes)
 .ARM.attributes
                0x00000000       0x1d c:/microsemi/softconsole_v4.0/arm-none-eabi-gcc/bin/../lib/gcc/arm-none-eabi/4.9.3/armv7-m/crti.o
 .ARM.attributes
                0x0000001d       0x2d c:/microsemi/softconsole_v4.0/arm-none-eabi-gcc/bin/../lib/gcc/arm-none-eabi/4.9.3/armv7-m/crtbegin.o
 .ARM.attributes
                0x0000004a       0x1b c:/microsemi/softconsole_v4.0/arm-none-eabi-gcc/bin/../lib/gcc/arm-none-eabi/4.9.3/../../../../arm-none-eabi/lib/armv7-m/crt0.o
 .ARM.attributes
                0x00000065       0x33 ./src/main.o
 .ARM.attributes
                0x00000098       0x33 ./inc/MPU6050/mpu6050.o
 .ARM.attributes
                0x000000cb       0x33 ./inc/MPU6050/mpu6050_ut.o
 .ARM.attributes
                0x000000fe       0x33 ./inc/HM11/hm11.o
 .ARM.attributes
                0x00000131       0x33 ./inc/HM11/hm11_ut.o
 .ARM.attributes
                0x00000164       0x21 ./firmware/hal/CortexM3/GNU/hal.o
 .ARM.attributes
                0x00000185       0x21 ./firmware/hal/CortexM3/GNU/hw_reg_access.o
 .ARM.attributes
                0x000001a6       0x33 ./firmware/hal/CortexM3/cortex_nvic.o
 .ARM.attributes
                0x000001d9       0x33 ./firmware/drivers_config/sys_config/sys_config.o
 .ARM.attributes
                0x0000020c       0x33 ./firmware/drivers/mss_sys_services/mss_comblk.o
 .ARM.attributes
                0x0000023f       0x33 ./firmware/drivers/mss_sys_services/mss_sys_services.o
 .ARM.attributes
                0x00000272       0x33 ./firmware/drivers/mss_rtc/mss_rtc.o
 .ARM.attributes
                0x000002a5       0x33 ./firmware/drivers/mss_pdma/mss_pdma.o
 .ARM.attributes
                0x000002d8       0x33 ./firmware/drivers/mss_nvm/mss_nvm.o
 .ARM.attributes
                0x0000030b       0x33 ./firmware/drivers/mss_hpdma/mss_hpdma.o
 .ARM.attributes
                0x0000033e       0x33 ./firmware/drivers/CoreUARTapb/core_uart_apb.o
 .ARM.attributes
                0x00000371       0x33 ./firmware/drivers/CoreI2C/core_i2c.o
 .ARM.attributes
                0x000003a4       0x33 ./firmware/drivers/CoreI2C/i2c_interrupt.o
 .ARM.attributes
                0x000003d7       0x33 ./firmware/CMSIS/startup_gcc/newlib_stubs.o
 .ARM.attributes
                0x0000040a       0x21 ./firmware/CMSIS/startup_gcc/startup_m2sxxx.o
 .ARM.attributes
                0x0000042b       0x33 ./firmware/CMSIS/system_m2sxxx.o
 .ARM.attributes
                0x0000045e       0x1d c:/microsemi/softconsole_v4.0/arm-none-eabi-gcc/bin/../lib/gcc/arm-none-eabi/4.9.3/armv7-m\libgcc.a(_arm_addsubdf3.o)
 .ARM.attributes
                0x0000047b       0x1d c:/microsemi/softconsole_v4.0/arm-none-eabi-gcc/bin/../lib/gcc/arm-none-eabi/4.9.3/armv7-m\libgcc.a(_arm_muldivdf3.o)
 .ARM.attributes
                0x00000498       0x1d c:/microsemi/softconsole_v4.0/arm-none-eabi-gcc/bin/../lib/gcc/arm-none-eabi/4.9.3/armv7-m\libgcc.a(_arm_truncdfsf2.o)
 .ARM.attributes
                0x000004b5       0x1d c:/microsemi/softconsole_v4.0/arm-none-eabi-gcc/bin/../lib/gcc/arm-none-eabi/4.9.3/armv7-m\libgcc.a(_arm_addsubsf3.o)
 .ARM.attributes
                0x000004d2       0x1d c:/microsemi/softconsole_v4.0/arm-none-eabi-gcc/bin/../lib/gcc/arm-none-eabi/4.9.3/armv7-m\libgcc.a(_arm_muldivsf3.o)
 .ARM.attributes
                0x000004ef       0x1d c:/microsemi/softconsole_v4.0/arm-none-eabi-gcc/bin/../lib/gcc/arm-none-eabi/4.9.3/armv7-m\libgcc.a(_arm_cmpsf2.o)
 .ARM.attributes
                0x0000050c       0x2d c:/microsemi/softconsole_v4.0/arm-none-eabi-gcc/bin/../lib/gcc/arm-none-eabi/4.9.3/../../../../arm-none-eabi/lib/armv7-m\libg_nano.a(lib_a-calloc.o)
 .ARM.attributes
                0x00000539       0x2d c:/microsemi/softconsole_v4.0/arm-none-eabi-gcc/bin/../lib/gcc/arm-none-eabi/4.9.3/../../../../arm-none-eabi/lib/armv7-m\libg_nano.a(lib_a-errno.o)
 .ARM.attributes
                0x00000566       0x2d c:/microsemi/softconsole_v4.0/arm-none-eabi-gcc/bin/../lib/gcc/arm-none-eabi/4.9.3/../../../../arm-none-eabi/lib/armv7-m\libg_nano.a(lib_a-exit.o)
 .ARM.attributes
                0x00000593       0x2d c:/microsemi/softconsole_v4.0/arm-none-eabi-gcc/bin/../lib/gcc/arm-none-eabi/4.9.3/../../../../arm-none-eabi/lib/armv7-m\libg_nano.a(lib_a-impure.o)
 .ARM.attributes
                0x000005c0       0x2d c:/microsemi/softconsole_v4.0/arm-none-eabi-gcc/bin/../lib/gcc/arm-none-eabi/4.9.3/../../../../arm-none-eabi/lib/armv7-m\libg_nano.a(lib_a-init.o)
 .ARM.attributes
                0x000005ed       0x2d c:/microsemi/softconsole_v4.0/arm-none-eabi-gcc/bin/../lib/gcc/arm-none-eabi/4.9.3/../../../../arm-none-eabi/lib/armv7-m\libg_nano.a(lib_a-memcpy.o)
 .ARM.attributes
                0x0000061a       0x2d c:/microsemi/softconsole_v4.0/arm-none-eabi-gcc/bin/../lib/gcc/arm-none-eabi/4.9.3/../../../../arm-none-eabi/lib/armv7-m\libg_nano.a(lib_a-memset.o)
 .ARM.attributes
                0x00000647       0x2d c:/microsemi/softconsole_v4.0/arm-none-eabi-gcc/bin/../lib/gcc/arm-none-eabi/4.9.3/../../../../arm-none-eabi/lib/armv7-m\libg_nano.a(lib_a-nano-callocr.o)
 .ARM.attributes
                0x00000674       0x2d c:/microsemi/softconsole_v4.0/arm-none-eabi-gcc/bin/../lib/gcc/arm-none-eabi/4.9.3/../../../../arm-none-eabi/lib/armv7-m\libg_nano.a(lib_a-nano-mallocr.o)
 .ARM.attributes
                0x000006a1       0x2d c:/microsemi/softconsole_v4.0/arm-none-eabi-gcc/bin/../lib/gcc/arm-none-eabi/4.9.3/../../../../arm-none-eabi/lib/armv7-m\libg_nano.a(lib_a-printf.o)
 .ARM.attributes
                0x000006ce       0x2d c:/microsemi/softconsole_v4.0/arm-none-eabi-gcc/bin/../lib/gcc/arm-none-eabi/4.9.3/../../../../arm-none-eabi/lib/armv7-m\libg_nano.a(lib_a-puts.o)
 .ARM.attributes
                0x000006fb       0x2d c:/microsemi/softconsole_v4.0/arm-none-eabi-gcc/bin/../lib/gcc/arm-none-eabi/4.9.3/../../../../arm-none-eabi/lib/armv7-m\libg_nano.a(lib_a-sbrkr.o)
 .ARM.attributes
                0x00000728       0x2d c:/microsemi/softconsole_v4.0/arm-none-eabi-gcc/bin/../lib/gcc/arm-none-eabi/4.9.3/../../../../arm-none-eabi/lib/armv7-m\libg_nano.a(lib_a-wbuf.o)
 .ARM.attributes
                0x00000755       0x2d c:/microsemi/softconsole_v4.0/arm-none-eabi-gcc/bin/../lib/gcc/arm-none-eabi/4.9.3/../../../../arm-none-eabi/lib/armv7-m\libg_nano.a(lib_a-wsetup.o)
 .ARM.attributes
                0x00000782       0x2d c:/microsemi/softconsole_v4.0/arm-none-eabi-gcc/bin/../lib/gcc/arm-none-eabi/4.9.3/../../../../arm-none-eabi/lib/armv7-m\libg_nano.a(lib_a-fflush.o)
 .ARM.attributes
                0x000007af       0x2d c:/microsemi/softconsole_v4.0/arm-none-eabi-gcc/bin/../lib/gcc/arm-none-eabi/4.9.3/../../../../arm-none-eabi/lib/armv7-m\libg_nano.a(lib_a-findfp.o)
 .ARM.attributes
                0x000007dc       0x2d c:/microsemi/softconsole_v4.0/arm-none-eabi-gcc/bin/../lib/gcc/arm-none-eabi/4.9.3/../../../../arm-none-eabi/lib/armv7-m\libg_nano.a(lib_a-fwalk.o)
 .ARM.attributes
                0x00000809       0x2d c:/microsemi/softconsole_v4.0/arm-none-eabi-gcc/bin/../lib/gcc/arm-none-eabi/4.9.3/../../../../arm-none-eabi/lib/armv7-m\libg_nano.a(lib_a-makebuf.o)
 .ARM.attributes
                0x00000836       0x2d c:/microsemi/softconsole_v4.0/arm-none-eabi-gcc/bin/../lib/gcc/arm-none-eabi/4.9.3/../../../../arm-none-eabi/lib/armv7-m\libg_nano.a(lib_a-nano-freer.o)
 .ARM.attributes
                0x00000863       0x2d c:/microsemi/softconsole_v4.0/arm-none-eabi-gcc/bin/../lib/gcc/arm-none-eabi/4.9.3/../../../../arm-none-eabi/lib/armv7-m\libg_nano.a(lib_a-nano-vfprintf.o)
 .ARM.attributes
                0x00000890       0x2d c:/microsemi/softconsole_v4.0/arm-none-eabi-gcc/bin/../lib/gcc/arm-none-eabi/4.9.3/../../../../arm-none-eabi/lib/armv7-m\libg_nano.a(lib_a-nano-vfprintf_i.o)
 .ARM.attributes
                0x000008bd       0x2d c:/microsemi/softconsole_v4.0/arm-none-eabi-gcc/bin/../lib/gcc/arm-none-eabi/4.9.3/../../../../arm-none-eabi/lib/armv7-m\libg_nano.a(lib_a-reent.o)
 .ARM.attributes
                0x000008ea       0x2d c:/microsemi/softconsole_v4.0/arm-none-eabi-gcc/bin/../lib/gcc/arm-none-eabi/4.9.3/../../../../arm-none-eabi/lib/armv7-m\libg_nano.a(lib_a-stdio.o)
 .ARM.attributes
                0x00000917       0x2d c:/microsemi/softconsole_v4.0/arm-none-eabi-gcc/bin/../lib/gcc/arm-none-eabi/4.9.3/../../../../arm-none-eabi/lib/armv7-m\libg_nano.a(lib_a-closer.o)
 .ARM.attributes
                0x00000944       0x2d c:/microsemi/softconsole_v4.0/arm-none-eabi-gcc/bin/../lib/gcc/arm-none-eabi/4.9.3/../../../../arm-none-eabi/lib/armv7-m\libg_nano.a(lib_a-fstatr.o)
 .ARM.attributes
                0x00000971       0x2d c:/microsemi/softconsole_v4.0/arm-none-eabi-gcc/bin/../lib/gcc/arm-none-eabi/4.9.3/../../../../arm-none-eabi/lib/armv7-m\libg_nano.a(lib_a-fvwrite.o)
 .ARM.attributes
                0x0000099e       0x2d c:/microsemi/softconsole_v4.0/arm-none-eabi-gcc/bin/../lib/gcc/arm-none-eabi/4.9.3/../../../../arm-none-eabi/lib/armv7-m\libg_nano.a(lib_a-isattyr.o)
 .ARM.attributes
                0x000009cb       0x2d c:/microsemi/softconsole_v4.0/arm-none-eabi-gcc/bin/../lib/gcc/arm-none-eabi/4.9.3/../../../../arm-none-eabi/lib/armv7-m\libg_nano.a(lib_a-lseekr.o)
 .ARM.attributes
                0x000009f8       0x2d c:/microsemi/softconsole_v4.0/arm-none-eabi-gcc/bin/../lib/gcc/arm-none-eabi/4.9.3/../../../../arm-none-eabi/lib/armv7-m\libg_nano.a(lib_a-memchr.o)
 .ARM.attributes
                0x00000a25       0x2d c:/microsemi/softconsole_v4.0/arm-none-eabi-gcc/bin/../lib/gcc/arm-none-eabi/4.9.3/../../../../arm-none-eabi/lib/armv7-m\libg_nano.a(lib_a-memmove.o)
 .ARM.attributes
                0x00000a52       0x2d c:/microsemi/softconsole_v4.0/arm-none-eabi-gcc/bin/../lib/gcc/arm-none-eabi/4.9.3/../../../../arm-none-eabi/lib/armv7-m\libg_nano.a(lib_a-nano-reallocr.o)
 .ARM.attributes
                0x00000a7f       0x2d c:/microsemi/softconsole_v4.0/arm-none-eabi-gcc/bin/../lib/gcc/arm-none-eabi/4.9.3/../../../../arm-none-eabi/lib/armv7-m\libg_nano.a(lib_a-readr.o)
 .ARM.attributes
                0x00000aac       0x2d c:/microsemi/softconsole_v4.0/arm-none-eabi-gcc/bin/../lib/gcc/arm-none-eabi/4.9.3/../../../../arm-none-eabi/lib/armv7-m\libg_nano.a(lib_a-nano-msizer.o)
 .ARM.attributes
                0x00000ad9       0x2d c:/microsemi/softconsole_v4.0/arm-none-eabi-gcc/bin/../lib/gcc/arm-none-eabi/4.9.3/armv7-m/crtend.o
 .ARM.attributes
                0x00000b06       0x1d c:/microsemi/softconsole_v4.0/arm-none-eabi-gcc/bin/../lib/gcc/arm-none-eabi/4.9.3/armv7-m/crtn.o
 .ARM.attributes
                0x00000b23       0x2d c:/microsemi/softconsole_v4.0/arm-none-eabi-gcc/bin/../lib/gcc/arm-none-eabi/4.9.3/../../../../arm-none-eabi/lib/armv7-m\libm.a(lib_a-w_pow.o)
 .ARM.attributes
                0x00000b50       0x2d c:/microsemi/softconsole_v4.0/arm-none-eabi-gcc/bin/../lib/gcc/arm-none-eabi/4.9.3/../../../../arm-none-eabi/lib/armv7-m\libm.a(lib_a-e_pow.o)
 .ARM.attributes
                0x00000b7d       0x2d c:/microsemi/softconsole_v4.0/arm-none-eabi-gcc/bin/../lib/gcc/arm-none-eabi/4.9.3/../../../../arm-none-eabi/lib/armv7-m\libm.a(lib_a-e_sqrt.o)
 .ARM.attributes
                0x00000baa       0x2d c:/microsemi/softconsole_v4.0/arm-none-eabi-gcc/bin/../lib/gcc/arm-none-eabi/4.9.3/../../../../arm-none-eabi/lib/armv7-m\libm.a(lib_a-s_fabs.o)
 .ARM.attributes
                0x00000bd7       0x2d c:/microsemi/softconsole_v4.0/arm-none-eabi-gcc/bin/../lib/gcc/arm-none-eabi/4.9.3/../../../../arm-none-eabi/lib/armv7-m\libm.a(lib_a-s_finite.o)
 .ARM.attributes
                0x00000c04       0x2d c:/microsemi/softconsole_v4.0/arm-none-eabi-gcc/bin/../lib/gcc/arm-none-eabi/4.9.3/../../../../arm-none-eabi/lib/armv7-m\libm.a(lib_a-s_fpclassify.o)
 .ARM.attributes
                0x00000c31       0x2d c:/microsemi/softconsole_v4.0/arm-none-eabi-gcc/bin/../lib/gcc/arm-none-eabi/4.9.3/../../../../arm-none-eabi/lib/armv7-m\libm.a(lib_a-s_lib_ver.o)
 .ARM.attributes
                0x00000c5e       0x2d c:/microsemi/softconsole_v4.0/arm-none-eabi-gcc/bin/../lib/gcc/arm-none-eabi/4.9.3/../../../../arm-none-eabi/lib/armv7-m\libm.a(lib_a-s_matherr.o)
 .ARM.attributes
                0x00000c8b       0x2d c:/microsemi/softconsole_v4.0/arm-none-eabi-gcc/bin/../lib/gcc/arm-none-eabi/4.9.3/../../../../arm-none-eabi/lib/armv7-m\libm.a(lib_a-s_nan.o)
 .ARM.attributes
                0x00000cb8       0x2d c:/microsemi/softconsole_v4.0/arm-none-eabi-gcc/bin/../lib/gcc/arm-none-eabi/4.9.3/../../../../arm-none-eabi/lib/armv7-m\libm.a(lib_a-s_rint.o)
 .ARM.attributes
                0x00000ce5       0x2d c:/microsemi/softconsole_v4.0/arm-none-eabi-gcc/bin/../lib/gcc/arm-none-eabi/4.9.3/../../../../arm-none-eabi/lib/armv7-m\libm.a(lib_a-s_scalbn.o)
 .ARM.attributes
                0x00000d12       0x2d c:/microsemi/softconsole_v4.0/arm-none-eabi-gcc/bin/../lib/gcc/arm-none-eabi/4.9.3/../../../../arm-none-eabi/lib/armv7-m\libm.a(lib_a-s_copysign.o)
 .ARM.attributes
                0x00000d3f       0x1d c:/microsemi/softconsole_v4.0/arm-none-eabi-gcc/bin/../lib/gcc/arm-none-eabi/4.9.3/armv7-m\libgcc.a(_arm_cmpdf2.o)

/DISCARD/
 *(.note.GNU-stack)
 *(.isr_vector)
OUTPUT(BT-Gyro-SW.elf elf32-littlearm)

.debug_ranges   0x00000000      0x790
 .debug_ranges  0x00000000       0x18 ./src/main.o
 .debug_ranges  0x00000018       0x98 ./inc/MPU6050/mpu6050.o
 .debug_ranges  0x000000b0       0x30 ./inc/HM11/hm11.o
 .debug_ranges  0x000000e0       0x38 ./firmware/hal/CortexM3/cortex_nvic.o
 .debug_ranges  0x00000118       0x80 ./firmware/drivers/mss_sys_services/mss_comblk.o
 .debug_ranges  0x00000198      0x1b8 ./firmware/drivers/mss_sys_services/mss_sys_services.o
 .debug_ranges  0x00000350       0xb0 ./firmware/drivers/mss_rtc/mss_rtc.o
 .debug_ranges  0x00000400       0x78 ./firmware/drivers/mss_pdma/mss_pdma.o
 .debug_ranges  0x00000478       0x70 ./firmware/drivers/mss_nvm/mss_nvm.o
 .debug_ranges  0x000004e8       0x70 ./firmware/drivers/mss_hpdma/mss_hpdma.o
 .debug_ranges  0x00000558       0x38 ./firmware/drivers/CoreUARTapb/core_uart_apb.o
 .debug_ranges  0x00000590      0x100 ./firmware/drivers/CoreI2C/core_i2c.o
 .debug_ranges  0x00000690       0x28 ./firmware/drivers/CoreI2C/i2c_interrupt.o
 .debug_ranges  0x000006b8       0x98 ./firmware/CMSIS/startup_gcc/newlib_stubs.o
 .debug_ranges  0x00000750       0x40 ./firmware/CMSIS/system_m2sxxx.o

.debug_macro    0x00000000     0x5a4c
 .debug_macro   0x00000000      0x22d ./src/main.o
 .debug_macro   0x0000022d      0x862 ./src/main.o
 .debug_macro   0x00000a8f       0x22 ./src/main.o
 .debug_macro   0x00000ab1       0x44 ./src/main.o
 .debug_macro   0x00000af5       0x58 ./src/main.o
 .debug_macro   0x00000b4d       0x22 ./src/main.o
 .debug_macro   0x00000b6f      0x1df ./src/main.o
 .debug_macro   0x00000d4e       0x58 ./src/main.o
 .debug_macro   0x00000da6       0x35 ./src/main.o
 .debug_macro   0x00000ddb       0x9c ./src/main.o
 .debug_macro   0x00000e77      0x16d ./src/main.o
 .debug_macro   0x00000fe4       0x52 ./src/main.o
 .debug_macro   0x00001036       0x16 ./src/main.o
 .debug_macro   0x0000104c       0x43 ./src/main.o
 .debug_macro   0x0000108f      0x180 ./src/main.o
 .debug_macro   0x0000120f      0x27a ./src/main.o
 .debug_macro   0x00001489       0x10 ./src/main.o
 .debug_macro   0x00001499       0x35 ./src/main.o
 .debug_macro   0x000014ce       0x16 ./src/main.o
 .debug_macro   0x000014e4       0x16 ./src/main.o
 .debug_macro   0x000014fa       0x29 ./src/main.o
 .debug_macro   0x00001523       0x40 ./src/main.o
 .debug_macro   0x00001563       0x26 ./src/main.o
 .debug_macro   0x00001589       0x3a ./src/main.o
 .debug_macro   0x000015c3       0x34 ./src/main.o
 .debug_macro   0x000015f7      0xc83 ./src/main.o
 .debug_macro   0x0000227a      0x265 ./src/main.o
 .debug_macro   0x000024df       0x28 ./src/main.o
 .debug_macro   0x00002507       0x1c ./src/main.o
 .debug_macro   0x00002523       0x10 ./src/main.o
 .debug_macro   0x00002533       0x10 ./src/main.o
 .debug_macro   0x00002543       0x22 ./src/main.o
 .debug_macro   0x00002565       0xbe ./src/main.o
 .debug_macro   0x00002623       0x16 ./src/main.o
 .debug_macro   0x00002639      0x197 ./src/main.o
 .debug_macro   0x000027d0      0x1e1 ./src/main.o
 .debug_macro   0x000029b1       0x35 ./src/main.o
 .debug_macro   0x000029e6       0x3a ./src/main.o
 .debug_macro   0x00002a20       0x34 ./src/main.o
 .debug_macro   0x00002a54      0x13c ./src/main.o
 .debug_macro   0x00002b90      0x1d7 ./inc/MPU6050/mpu6050.o
 .debug_macro   0x00002d67       0x16 ./inc/MPU6050/mpu6050.o
 .debug_macro   0x00002d7d       0x97 ./inc/MPU6050/mpu6050.o
 .debug_macro   0x00002e14       0xf6 ./inc/MPU6050/mpu6050.o
 .debug_macro   0x00002f0a       0x16 ./inc/MPU6050/mpu6050.o
 .debug_macro   0x00002f20       0x11 ./inc/MPU6050/mpu6050_ut.o
 .debug_macro   0x00002f31      0x22d ./inc/HM11/hm11.o
 .debug_macro   0x0000315e       0x11 ./inc/HM11/hm11_ut.o
 .debug_macro   0x0000316f       0xa8 ./firmware/hal/CortexM3/cortex_nvic.o
 .debug_macro   0x00003217       0x1c ./firmware/hal/CortexM3/cortex_nvic.o
 .debug_macro   0x00003233       0xa9 ./firmware/drivers_config/sys_config/sys_config.o
 .debug_macro   0x000032dc      0x14b ./firmware/drivers/mss_sys_services/mss_comblk.o
 .debug_macro   0x00003427      0x3bd ./firmware/drivers/mss_sys_services/mss_sys_services.o
 .debug_macro   0x000037e4      0x2f8 ./firmware/drivers/mss_sys_services/mss_sys_services.o
 .debug_macro   0x00003adc      0x1fb ./firmware/drivers/mss_rtc/mss_rtc.o
 .debug_macro   0x00003cd7       0x4a ./firmware/drivers/mss_rtc/mss_rtc.o
 .debug_macro   0x00003d21      0x184 ./firmware/drivers/mss_pdma/mss_pdma.o
 .debug_macro   0x00003ea5      0x273 ./firmware/drivers/mss_pdma/mss_pdma.o
 .debug_macro   0x00004118      0x292 ./firmware/drivers/mss_nvm/mss_nvm.o
 .debug_macro   0x000043aa       0x16 ./firmware/drivers/mss_nvm/mss_nvm.o
 .debug_macro   0x000043c0      0x134 ./firmware/drivers/mss_hpdma/mss_hpdma.o
 .debug_macro   0x000044f4       0x4a ./firmware/drivers/mss_hpdma/mss_hpdma.o
 .debug_macro   0x0000453e       0x10 ./firmware/drivers/mss_hpdma/mss_hpdma.o
 .debug_macro   0x0000454e      0x123 ./firmware/drivers/CoreUARTapb/core_uart_apb.o
 .debug_macro   0x00004671       0x64 ./firmware/drivers/CoreUARTapb/core_uart_apb.o
 .debug_macro   0x000046d5      0x106 ./firmware/drivers/CoreUARTapb/core_uart_apb.o
 .debug_macro   0x000047db      0x25b ./firmware/drivers/CoreI2C/core_i2c.o
 .debug_macro   0x00004a36      0x1c1 ./firmware/drivers/CoreI2C/core_i2c.o
 .debug_macro   0x00004bf7       0x3c ./firmware/drivers/CoreI2C/core_i2c.o
 .debug_macro   0x00004c33      0x118 ./firmware/drivers/CoreI2C/i2c_interrupt.o
 .debug_macro   0x00004d4b      0x186 ./firmware/CMSIS/startup_gcc/newlib_stubs.o
 .debug_macro   0x00004ed1      0x10e ./firmware/CMSIS/startup_gcc/newlib_stubs.o
 .debug_macro   0x00004fdf       0x86 ./firmware/CMSIS/startup_gcc/newlib_stubs.o
 .debug_macro   0x00005065       0x16 ./firmware/CMSIS/startup_gcc/newlib_stubs.o
 .debug_macro   0x0000507b      0x48e ./firmware/CMSIS/startup_gcc/newlib_stubs.o
 .debug_macro   0x00005509       0x16 ./firmware/CMSIS/startup_gcc/newlib_stubs.o
 .debug_macro   0x0000551f       0x10 ./firmware/CMSIS/startup_gcc/newlib_stubs.o
 .debug_macro   0x0000552f       0x10 ./firmware/CMSIS/startup_gcc/newlib_stubs.o
 .debug_macro   0x0000553f       0x10 ./firmware/CMSIS/startup_gcc/newlib_stubs.o
 .debug_macro   0x0000554f       0x35 ./firmware/CMSIS/startup_gcc/newlib_stubs.o
 .debug_macro   0x00005584      0x122 ./firmware/CMSIS/startup_gcc/newlib_stubs.o
 .debug_macro   0x000056a6       0x10 ./firmware/CMSIS/startup_gcc/newlib_stubs.o
 .debug_macro   0x000056b6      0x241 ./firmware/CMSIS/startup_gcc/newlib_stubs.o
 .debug_macro   0x000058f7      0x155 ./firmware/CMSIS/system_m2sxxx.o

.comment        0x00000000       0x70
 .comment       0x00000000       0x70 ./src/main.o
                                 0x71 (size before relaxing)
 .comment       0x00000000       0x71 ./inc/MPU6050/mpu6050.o
 .comment       0x00000000       0x71 ./inc/MPU6050/mpu6050_ut.o
 .comment       0x00000000       0x71 ./inc/HM11/hm11.o
 .comment       0x00000000       0x71 ./inc/HM11/hm11_ut.o
 .comment       0x00000000       0x71 ./firmware/hal/CortexM3/cortex_nvic.o
 .comment       0x00000000       0x71 ./firmware/drivers_config/sys_config/sys_config.o
 .comment       0x00000000       0x71 ./firmware/drivers/mss_sys_services/mss_comblk.o
 .comment       0x00000000       0x71 ./firmware/drivers/mss_sys_services/mss_sys_services.o
 .comment       0x00000000       0x71 ./firmware/drivers/mss_rtc/mss_rtc.o
 .comment       0x00000000       0x71 ./firmware/drivers/mss_pdma/mss_pdma.o
 .comment       0x00000000       0x71 ./firmware/drivers/mss_nvm/mss_nvm.o
 .comment       0x00000000       0x71 ./firmware/drivers/mss_hpdma/mss_hpdma.o
 .comment       0x00000000       0x71 ./firmware/drivers/CoreUARTapb/core_uart_apb.o
 .comment       0x00000000       0x71 ./firmware/drivers/CoreI2C/core_i2c.o
 .comment       0x00000000       0x71 ./firmware/drivers/CoreI2C/i2c_interrupt.o
 .comment       0x00000000       0x71 ./firmware/CMSIS/startup_gcc/newlib_stubs.o
 .comment       0x00000000       0x71 ./firmware/CMSIS/system_m2sxxx.o
