Archive member included because of file (symbol)

c:/microsemi/softconsole_v4.0/arm-none-eabi-gcc/bin/../lib/gcc/arm-none-eabi/4.9.3/../../../../arm-none-eabi/lib/armv7-m\libg_nano.a(lib_a-errno.o)
                              ./firmware/CMSIS/startup_gcc/newlib_stubs.o (__errno)
c:/microsemi/softconsole_v4.0/arm-none-eabi-gcc/bin/../lib/gcc/arm-none-eabi/4.9.3/../../../../arm-none-eabi/lib/armv7-m\libg_nano.a(lib_a-exit.o)
                              c:/microsemi/softconsole_v4.0/arm-none-eabi-gcc/bin/../lib/gcc/arm-none-eabi/4.9.3/../../../../arm-none-eabi/lib/armv7-m/crt0.o (exit)
c:/microsemi/softconsole_v4.0/arm-none-eabi-gcc/bin/../lib/gcc/arm-none-eabi/4.9.3/../../../../arm-none-eabi/lib/armv7-m\libg_nano.a(lib_a-impure.o)
                              c:/microsemi/softconsole_v4.0/arm-none-eabi-gcc/bin/../lib/gcc/arm-none-eabi/4.9.3/../../../../arm-none-eabi/lib/armv7-m\libg_nano.a(lib_a-exit.o) (_global_impure_ptr)
c:/microsemi/softconsole_v4.0/arm-none-eabi-gcc/bin/../lib/gcc/arm-none-eabi/4.9.3/../../../../arm-none-eabi/lib/armv7-m\libg_nano.a(lib_a-init.o)
                              c:/microsemi/softconsole_v4.0/arm-none-eabi-gcc/bin/../lib/gcc/arm-none-eabi/4.9.3/../../../../arm-none-eabi/lib/armv7-m/crt0.o (__libc_init_array)
c:/microsemi/softconsole_v4.0/arm-none-eabi-gcc/bin/../lib/gcc/arm-none-eabi/4.9.3/../../../../arm-none-eabi/lib/armv7-m\libg_nano.a(lib_a-memcpy.o)
                              ./firmware/drivers/mss_sys_services/mss_sys_services.o (memcpy)
c:/microsemi/softconsole_v4.0/arm-none-eabi-gcc/bin/../lib/gcc/arm-none-eabi/4.9.3/../../../../arm-none-eabi/lib/armv7-m\libg_nano.a(lib_a-memset.o)
                              c:/microsemi/softconsole_v4.0/arm-none-eabi-gcc/bin/../lib/gcc/arm-none-eabi/4.9.3/../../../../arm-none-eabi/lib/armv7-m/crt0.o (memset)

Discarded input sections

 .text          0x00000000        0x0 c:/microsemi/softconsole_v4.0/arm-none-eabi-gcc/bin/../lib/gcc/arm-none-eabi/4.9.3/armv7-m/crti.o
 .data          0x00000000        0x0 c:/microsemi/softconsole_v4.0/arm-none-eabi-gcc/bin/../lib/gcc/arm-none-eabi/4.9.3/armv7-m/crti.o
 .bss           0x00000000        0x0 c:/microsemi/softconsole_v4.0/arm-none-eabi-gcc/bin/../lib/gcc/arm-none-eabi/4.9.3/armv7-m/crti.o
 .data          0x00000000        0x4 c:/microsemi/softconsole_v4.0/arm-none-eabi-gcc/bin/../lib/gcc/arm-none-eabi/4.9.3/armv7-m/crtbegin.o
 .text          0x00000000       0x74 c:/microsemi/softconsole_v4.0/arm-none-eabi-gcc/bin/../lib/gcc/arm-none-eabi/4.9.3/../../../../arm-none-eabi/lib/armv7-m/crt0.o
 .data          0x00000000        0x0 c:/microsemi/softconsole_v4.0/arm-none-eabi-gcc/bin/../lib/gcc/arm-none-eabi/4.9.3/../../../../arm-none-eabi/lib/armv7-m/crt0.o
 .bss           0x00000000        0x0 c:/microsemi/softconsole_v4.0/arm-none-eabi-gcc/bin/../lib/gcc/arm-none-eabi/4.9.3/../../../../arm-none-eabi/lib/armv7-m/crt0.o
 .ARM.extab     0x00000000        0x0 c:/microsemi/softconsole_v4.0/arm-none-eabi-gcc/bin/../lib/gcc/arm-none-eabi/4.9.3/../../../../arm-none-eabi/lib/armv7-m/crt0.o
 .ARM.exidx     0x00000000        0x8 c:/microsemi/softconsole_v4.0/arm-none-eabi-gcc/bin/../lib/gcc/arm-none-eabi/4.9.3/../../../../arm-none-eabi/lib/armv7-m/crt0.o
 .group         0x00000000        0x8 ./src/main.o
 .text          0x00000000        0x0 ./src/main.o
 .data          0x00000000        0x0 ./src/main.o
 .bss           0x00000000        0x0 ./src/main.o
 .text          0x00000000        0xe ./firmware/hal/CortexM3/GNU/hal.o
 .data          0x00000000        0x0 ./firmware/hal/CortexM3/GNU/hal.o
 .bss           0x00000000        0x0 ./firmware/hal/CortexM3/GNU/hal.o
 .text          0x00000000       0x90 ./firmware/hal/CortexM3/GNU/hw_reg_access.o
 .data          0x00000000        0x0 ./firmware/hal/CortexM3/GNU/hw_reg_access.o
 .bss           0x00000000        0x0 ./firmware/hal/CortexM3/GNU/hw_reg_access.o
 .group         0x00000000        0x8 ./firmware/hal/CortexM3/cortex_nvic.o
 .group         0x00000000        0x8 ./firmware/hal/CortexM3/cortex_nvic.o
 .group         0x00000000        0x8 ./firmware/hal/CortexM3/cortex_nvic.o
 .group         0x00000000        0x8 ./firmware/hal/CortexM3/cortex_nvic.o
 .group         0x00000000        0x8 ./firmware/hal/CortexM3/cortex_nvic.o
 .group         0x00000000        0x8 ./firmware/hal/CortexM3/cortex_nvic.o
 .group         0x00000000        0x8 ./firmware/hal/CortexM3/cortex_nvic.o
 .group         0x00000000        0x8 ./firmware/hal/CortexM3/cortex_nvic.o
 .group         0x00000000        0x8 ./firmware/hal/CortexM3/cortex_nvic.o
 .group         0x00000000        0x8 ./firmware/hal/CortexM3/cortex_nvic.o
 .text          0x00000000        0x0 ./firmware/hal/CortexM3/cortex_nvic.o
 .data          0x00000000        0x0 ./firmware/hal/CortexM3/cortex_nvic.o
 .bss           0x00000000        0x0 ./firmware/hal/CortexM3/cortex_nvic.o
 .text.NVIC_init
                0x00000000       0x10 ./firmware/hal/CortexM3/cortex_nvic.o
[...]
Memory Configuration

Name             Origin             Length             Attributes
ram              0x20000000         0x00010000         xrw
*default*        0x00000000         0xffffffff

Linker script and memory map

LOAD c:/microsemi/softconsole_v4.0/arm-none-eabi-gcc/bin/../lib/gcc/arm-none-eabi/4.9.3/armv7-m/crti.o
LOAD c:/microsemi/softconsole_v4.0/arm-none-eabi-gcc/bin/../lib/gcc/arm-none-eabi/4.9.3/armv7-m/crtbegin.o
LOAD c:/microsemi/softconsole_v4.0/arm-none-eabi-gcc/bin/../lib/gcc/arm-none-eabi/4.9.3/../../../../arm-none-eabi/lib/armv7-m/crt0.o
LOAD ./src/main.o
LOAD ./firmware/hal/CortexM3/GNU/hal.o
LOAD ./firmware/hal/CortexM3/GNU/hw_reg_access.o
LOAD ./firmware/hal/CortexM3/cortex_nvic.o
LOAD ./firmware/drivers_config/sys_config/sys_config.o
LOAD ./firmware/drivers/mss_sys_services/mss_comblk.o
LOAD ./firmware/drivers/mss_sys_services/mss_sys_services.o
LOAD ./firmware/drivers/mss_rtc/mss_rtc.o
LOAD ./firmware/drivers/mss_pdma/mss_pdma.o
LOAD ./firmware/drivers/mss_nvm/mss_nvm.o
LOAD ./firmware/drivers/mss_hpdma/mss_hpdma.o
LOAD ./firmware/drivers/CoreUARTapb/core_uart_apb.o
LOAD ./firmware/drivers/CoreI2C/core_i2c.o
LOAD ./firmware/drivers/CoreI2C/i2c_interrupt.o
LOAD ./firmware/CMSIS/startup_gcc/newlib_stubs.o
LOAD ./firmware/CMSIS/startup_gcc/startup_m2sxxx.o
LOAD ./firmware/CMSIS/system_m2sxxx.o
START GROUP
LOAD c:/microsemi/softconsole_v4.0/arm-none-eabi-gcc/bin/../lib/gcc/arm-none-eabi/4.9.3/armv7-m\libgcc.a
LOAD c:/microsemi/softconsole_v4.0/arm-none-eabi-gcc/bin/../lib/gcc/arm-none-eabi/4.9.3/../../../../arm-none-eabi/lib/armv7-m\libg_nano.a
LOAD c:/microsemi/softconsole_v4.0/arm-none-eabi-gcc/bin/../lib/gcc/arm-none-eabi/4.9.3/../../../../arm-none-eabi/lib/armv7-m\libc_nano.a
END GROUP
START GROUP
LOAD c:/microsemi/softconsole_v4.0/arm-none-eabi-gcc/bin/../lib/gcc/arm-none-eabi/4.9.3/armv7-m\libgcc.a
LOAD c:/microsemi/softconsole_v4.0/arm-none-eabi-gcc/bin/../lib/gcc/arm-none-eabi/4.9.3/../../../../arm-none-eabi/lib/armv7-m\libc_nano.a
END GROUP
LOAD c:/microsemi/softconsole_v4.0/arm-none-eabi-gcc/bin/../lib/gcc/arm-none-eabi/4.9.3/armv7-m/crtend.o
LOAD c:/microsemi/softconsole_v4.0/arm-none-eabi-gcc/bin/../lib/gcc/arm-none-eabi/4.9.3/armv7-m/crtn.o
START GROUP
LOAD c:/microsemi/softconsole_v4.0/arm-none-eabi-gcc/bin/../lib/gcc/arm-none-eabi/4.9.3/../../../../arm-none-eabi/lib/armv7-m\libc.a
LOAD c:/microsemi/softconsole_v4.0/arm-none-eabi-gcc/bin/../lib/gcc/arm-none-eabi/4.9.3/armv7-m\libgcc.a
LOAD c:/microsemi/softconsole_v4.0/arm-none-eabi-gcc/bin/../lib/gcc/arm-none-eabi/4.9.3/../../../../arm-none-eabi/lib/armv7-m\libm.a
END GROUP
                0x00000000                __DYNAMIC = 0x0
                0x20000000                RAM_START_ADDRESS = 0x20000000
                0x00010000                RAM_SIZE = 0x10000
                0x00001000                MAIN_STACK_SIZE = 0x1000
                0x00001000                MIN_SIZE_HEAP = 0x1000
                0x20010000                PROVIDE (__main_stack_start, (RAM_START_ADDRESS + RAM_SIZE))
                0x20010000                PROVIDE (_estack, __main_stack_start)
                0x00000000                PROVIDE (__mirrored_nvm, 0x0)
                0x00000000                PROVIDE (__smartfusion2_memory_remap, 0x0)

.vector_table   0x20000000      0x190
                0x20000000                __vector_table_load = LOADADDR (.vector_table)
                0x20000000                __vector_table_start = .
                0x20000000                __vector_table_vma_base_address = .
 *(.isr_vector)
 .isr_vector    0x20000000      0x190 ./firmware/CMSIS/startup_gcc/startup_m2sxxx.o
                0x20000000                g_pfnVectors
                0x20000190                . = ALIGN (0x10)
                0x20000190                _evector_table = .

.boot_code      0x20000190      0x330
 *(.boot_code)
 .boot_code     0x20000190      0x324 ./firmware/CMSIS/startup_gcc/startup_m2sxxx.o
                0x20000190                Reset_Handler
                0x2000037e                NMI_Handler
                0x20000380                HardFault_Handler
                0x20000382                MemManage_Handler
                0x20000384                BusFault_Handler
                0x20000386                UsageFault_Handler
                0x20000388                SVC_Handler
                0x2000038a                DebugMon_Handler
                0x2000038c                PendSV_Handler
                0x2000038e                SysTick_Handler
                0x20000390                WdogWakeup_IRQHandler
                0x20000392                RTC_Wakeup_IRQHandler
                0x20000394                SPI0_IRQHandler
                0x20000396                SPI1_IRQHandler
                0x20000398                I2C0_IRQHandler
                0x2000039a                I2C0_SMBAlert_IRQHandler
                0x2000039c                I2C0_SMBus_IRQHandler
                0x2000039e                I2C1_IRQHandler
                0x200003a0                I2C1_SMBAlert_IRQHandler
                0x200003a2                I2C1_SMBus_IRQHandler
                0x200003a4                UART0_IRQHandler
                0x200003a6                UART1_IRQHandler
                0x200003a8                EthernetMAC_IRQHandler
                0x200003ac                Timer1_IRQHandler
                0x200003ae                Timer2_IRQHandler
                0x200003b0                CAN_IRQHandler
                0x200003b2                ENVM0_IRQHandler
                0x200003b4                ENVM1_IRQHandler
                0x200003b8                USB_IRQHandler
                0x200003ba                USB_DMA_IRQHandler
                0x200003bc                PLL_Lock_IRQHandler
                0x200003be                PLL_LockLost_IRQHandler
                0x200003c0                CommSwitchError_IRQHandler
                0x200003c2                CacheError_IRQHandler
                0x200003c4                DDR_IRQHandler
                0x200003ca                ECC_Error_IRQHandler
                0x200003cc                MDDR_IOCalib_IRQHandler
                0x200003ce                FAB_PLL_Lock_IRQHandler
                0x200003d0                FAB_PLL_LockLost_IRQHandler
                0x200003d2                FIC64_IRQHandler
                0x200003d4                FabricIrq0_IRQHandler
                0x200003d6                FabricIrq1_IRQHandler
                0x200003d8                FabricIrq2_IRQHandler
                0x200003da                FabricIrq3_IRQHandler
                0x200003dc                FabricIrq4_IRQHandler
                0x200003de                FabricIrq5_IRQHandler
                0x200003e0                FabricIrq6_IRQHandler
                0x200003e2                FabricIrq7_IRQHandler
                0x200003e4                FabricIrq8_IRQHandler
                0x200003e6                FabricIrq9_IRQHandler
                0x200003e8                FabricIrq10_IRQHandler
                0x200003ea                FabricIrq11_IRQHandler
                0x200003ec                FabricIrq12_IRQHandler
                0x200003ee                FabricIrq13_IRQHandler
                0x200003f0                FabricIrq14_IRQHandler
                0x200003f2                FabricIrq15_IRQHandler
                0x200003f4                GPIO0_IRQHandler
                0x200003f6                GPIO1_IRQHandler
                0x200003f8                GPIO2_IRQHandler
                0x200003fa                GPIO3_IRQHandler
                0x200003fc                GPIO4_IRQHandler
                0x200003fe                GPIO5_IRQHandler
                0x20000400                GPIO6_IRQHandler
                0x20000402                GPIO7_IRQHandler
                0x20000404                GPIO8_IRQHandler
                0x20000406                GPIO9_IRQHandler
                0x20000408                GPIO10_IRQHandler
                0x2000040a                GPIO11_IRQHandler
                0x2000040c                GPIO12_IRQHandler
                0x2000040e                GPIO13_IRQHandler
                0x20000410                GPIO14_IRQHandler
                0x20000412                GPIO15_IRQHandler
                0x20000414                GPIO16_IRQHandler
                0x20000416                GPIO17_IRQHandler
                0x20000418                GPIO18_IRQHandler
                0x2000041a                GPIO19_IRQHandler
                0x2000041c                GPIO20_IRQHandler
                0x2000041e                GPIO21_IRQHandler
                0x20000420                GPIO22_IRQHandler
                0x20000422                GPIO23_IRQHandler
                0x20000424                GPIO24_IRQHandler
                0x20000426                GPIO25_IRQHandler
                0x20000428                GPIO26_IRQHandler
                0x2000042a                GPIO27_IRQHandler
                0x2000042c                GPIO28_IRQHandler
                0x2000042e                GPIO29_IRQHandler
                0x20000430                GPIO30_IRQHandler
                0x20000432                GPIO31_IRQHandler
                0x20000434                mscc_post_hw_cfg_init
                0x200004c0                . = ALIGN (0x10)
 *fill*         0x200004b4        0xc 

.text           0x200004c0      0xb60
 CREATE_OBJECT_SYMBOLS
                0x200004c0                __text_load = LOADADDR (.text)
                0x200004c0                __text_start = .
 *(.text .text.* .gnu.linkonce.t.*)
 .text          0x200004c0       0x5c c:/microsemi/softconsole_v4.0/arm-none-eabi-gcc/bin/../lib/gcc/arm-none-eabi/4.9.3/armv7-m/crtbegin.o
 .text.main     0x2000051c       0x10 ./src/main.o
                0x2000051c                main
 .text.ComBlk_IRQHandler
                0x2000052c       0x48 ./firmware/drivers/mss_sys_services/mss_comblk.o
                0x2000052c                ComBlk_IRQHandler
 .text.handle_tx_okay_irq
                0x20000574      0x1b0 ./firmware/drivers/mss_sys_services/mss_comblk.o
 .text.handle_rx_okay_irq
                0x20000724      0x204 ./firmware/drivers/mss_sys_services/mss_comblk.o
 .text.complete_request
                0x20000928       0x40 ./firmware/drivers/mss_sys_services/mss_comblk.o
 .text.abort_current_cmd
                0x20000968       0x4c ./firmware/drivers/mss_sys_services/mss_comblk.o
 .text.fill_tx_fifo
                0x200009b4       0x64 ./firmware/drivers/mss_sys_services/mss_comblk.o
 .text.process_sys_ctrl_command
                0x20000a18       0x28 ./firmware/drivers/mss_sys_services/mss_comblk.o
 .text.get_channel_id_from_status
                0x20000a40       0xa0 ./firmware/drivers/mss_pdma/mss_pdma.o
 .text.DMA_IRQHandler
                0x20000ae0       0x7c ./firmware/drivers/mss_pdma/mss_pdma.o
                0x20000ae0                DMA_IRQHandler
 .text.start_transfer
                0x20000b5c      0x14c ./firmware/drivers/mss_hpdma/mss_hpdma.o
 .text.HPDMA_Complete_IRQHandler
                0x20000ca8       0xf4 ./firmware/drivers/mss_hpdma/mss_hpdma.o
                0x20000ca8                HPDMA_Complete_IRQHandler
 .text.HPDMA_Error_IRQHandler
                0x20000d9c      0x100 ./firmware/drivers/mss_hpdma/mss_hpdma.o
                0x20000d9c                HPDMA_Error_IRQHandler
 .text.SystemInit
                0x20000e9c       0x20 ./firmware/CMSIS/system_m2sxxx.o
                0x20000e9c                SystemInit
 .text.get_silicon_revision
                0x20000ebc       0x48 ./firmware/CMSIS/system_m2sxxx.o
 .text.silicon_workarounds
                0x20000f04       0x20 ./firmware/CMSIS/system_m2sxxx.o
 .text.m2s050_rev_a_workarounds
                0x20000f24       0x30 ./firmware/CMSIS/system_m2sxxx.o
 .text.__libc_init_array
                0x20000f54       0x4c c:/microsemi/softconsole_v4.0/arm-none-eabi-gcc/bin/../lib/gcc/arm-none-eabi/4.9.3/../../../../arm-none-eabi/lib/armv7-m\libg_nano.a(lib_a-init.o)
                0x20000f54                __libc_init_array
 *(.plt)
 *(.gnu.warning)
 *(.glue_7t)
 .glue_7t       0x00000000        0x0 linker stubs
 *(.glue_7)
 .glue_7        0x00000000        0x0 linker stubs
 *(.vfp11_veneer)
 .vfp11_veneer  0x00000000        0x0 linker stubs
                0x20000fa0                . = ALIGN (0x4)
 *crtbegin.o(.ctors)
 *(EXCLUDE_FILE(*crtend.o) .ctors)
 *(SORT(.ctors.*))
 *crtend.o(.ctors)
 *crtbegin.o(.dtors)
 *(EXCLUDE_FILE(*crtend.o) .dtors)
 *(SORT(.dtors.*))
 *crtend.o(.dtors)
 *(.rodata .rodata.* .gnu.linkonce.r.*)
 .rodata        0x20000fa0       0x60 ./firmware/drivers/mss_pdma/mss_pdma.o
 *(.ARM.extab* .gnu.linkonce.armextab.*)
 *(.gcc_except_table)
 *(.eh_frame_hdr)
 *(.eh_frame)
 .eh_frame      0x20001000        0x0 c:/microsemi/softconsole_v4.0/arm-none-eabi-gcc/bin/../lib/gcc/arm-none-eabi/4.9.3/armv7-m/crtbegin.o
 *(.vector_table)
 *(.init)
 .init          0x20001000        0x4 c:/microsemi/softconsole_v4.0/arm-none-eabi-gcc/bin/../lib/gcc/arm-none-eabi/4.9.3/armv7-m/crti.o
                0x20001000                _init
 .init          0x20001004        0x8 c:/microsemi/softconsole_v4.0/arm-none-eabi-gcc/bin/../lib/gcc/arm-none-eabi/4.9.3/armv7-m/crtn.o
 *(.fini)
 .fini          0x2000100c        0x4 c:/microsemi/softconsole_v4.0/arm-none-eabi-gcc/bin/../lib/gcc/arm-none-eabi/4.9.3/armv7-m/crti.o
                0x2000100c                _fini
 .fini          0x20001010        0x8 c:/microsemi/softconsole_v4.0/arm-none-eabi-gcc/bin/../lib/gcc/arm-none-eabi/4.9.3/armv7-m/crtn.o
                0x20001018                PROVIDE (__preinit_array_start, .)
 *(.preinit_array)
                0x20001018                PROVIDE (__preinit_array_end, .)
                0x20001018                PROVIDE (__init_array_start, .)
 *(SORT(.init_array.*))
 *(.init_array)
 .init_array    0x20001018        0x4 c:/microsemi/softconsole_v4.0/arm-none-eabi-gcc/bin/../lib/gcc/arm-none-eabi/4.9.3/armv7-m/crtbegin.o
                0x2000101c                PROVIDE (__init_array_end, .)
                0x2000101c                PROVIDE (__fini_array_start, .)
 *(.fini_array)
 .fini_array    0x2000101c        0x4 c:/microsemi/softconsole_v4.0/arm-none-eabi-gcc/bin/../lib/gcc/arm-none-eabi/4.9.3/armv7-m/crtbegin.o
 *(SORT(.fini_array.*))
                0x20001020                PROVIDE (__fini_array_end, .)
                0x20001020                . = ALIGN (0x10)
                0x20001020                __exidx_start = .

.v4_bx          0x20001020        0x0
 .v4_bx         0x00000000        0x0 linker stubs

.iplt           0x20001020        0x0
 .iplt          0x00000000        0x0 c:/microsemi/softconsole_v4.0/arm-none-eabi-gcc/bin/../lib/gcc/arm-none-eabi/4.9.3/armv7-m/crtbegin.o

.rel.dyn        0x20001020        0x0
 .rel.iplt      0x00000000        0x0 c:/microsemi/softconsole_v4.0/arm-none-eabi-gcc/bin/../lib/gcc/arm-none-eabi/4.9.3/armv7-m/crtbegin.o

.ARM.exidx
 *(.ARM.exidx* .gnu.linkonce.armexidx.*)
                0x20001020                __exidx_end = .
                0x20001020                _etext = .
                0x20001020                PROVIDE (__text_end, .)

.data           0x20001020       0x10
                0x20001020                __data_load = LOADADDR (.data)
                0x20001020                _sidata = LOADADDR (.data)
                0x20001020                __data_start = .
                0x20001020                _sdata = .
 *(.jcr)
 .jcr           0x20001020        0x0 c:/microsemi/softconsole_v4.0/arm-none-eabi-gcc/bin/../lib/gcc/arm-none-eabi/4.9.3/armv7-m/crtbegin.o
 .jcr           0x20001020        0x4 c:/microsemi/softconsole_v4.0/arm-none-eabi-gcc/bin/../lib/gcc/arm-none-eabi/4.9.3/armv7-m/crtend.o
 *(.got.plt)
 *(.got)
 *(.shdata)
 *(.data .data.* .gnu.linkonce.d.*)
                0x20001030                . = ALIGN (0x10)
 *fill*         0x20001024        0xc 
                0x20001030                _edata = .

.igot.plt       0x20001030        0x0
 .igot.plt      0x00000000        0x0 c:/microsemi/softconsole_v4.0/arm-none-eabi-gcc/bin/../lib/gcc/arm-none-eabi/4.9.3/armv7-m/crtbegin.o

.bss            0x20001030       0x90
                0x20001030                __bss_start__ = .
                0x20001030                _sbss = .
 *(.shbss)
 *(.bss .bss.* .gnu.linkonce.b.*)
 .bss           0x20001030       0x1c c:/microsemi/softconsole_v4.0/arm-none-eabi-gcc/bin/../lib/gcc/arm-none-eabi/4.9.3/armv7-m/crtbegin.o
 .bss.g_comblk_cmd_opcode
                0x2000104c        0x1 ./firmware/drivers/mss_sys_services/mss_comblk.o
 *fill*         0x2000104d        0x3 
 .bss.g_comblk_p_cmd
                0x20001050        0x4 ./firmware/drivers/mss_sys_services/mss_comblk.o
 .bss.g_comblk_cmd_size
                0x20001054        0x2 ./firmware/drivers/mss_sys_services/mss_comblk.o
 *fill*         0x20001056        0x2 
 .bss.g_comblk_p_data
                0x20001058        0x4 ./firmware/drivers/mss_sys_services/mss_comblk.o
 .bss.g_comblk_data_size
                0x2000105c        0x4 ./firmware/drivers/mss_sys_services/mss_comblk.o
 .bss.g_comblk_p_response
                0x20001060        0x4 ./firmware/drivers/mss_sys_services/mss_comblk.o
 .bss.g_comblk_response_size
                0x20001064        0x2 ./firmware/drivers/mss_sys_services/mss_comblk.o
 .bss.g_comblk_response_idx
                0x20001066        0x2 ./firmware/drivers/mss_sys_services/mss_comblk.o
 .bss.g_comblk_completion_handler
                0x20001068        0x4 ./firmware/drivers/mss_sys_services/mss_comblk.o
 .bss.g_comblk_page_handler
                0x2000106c        0x4 ./firmware/drivers/mss_sys_services/mss_comblk.o
 .bss.g_request_in_progress
                0x20001070        0x1 ./firmware/drivers/mss_sys_services/mss_comblk.o
 .bss.g_comblk_state
                0x20001071        0x1 ./firmware/drivers/mss_sys_services/mss_comblk.o
 *fill*         0x20001072        0x2 
 .bss.g_async_event_handler
                0x20001074        0x4 ./firmware/drivers/mss_sys_services/mss_comblk.o
 .bss.g_pdma_isr_table
                0x20001078       0x20 ./firmware/drivers/mss_pdma/mss_pdma.o
 .bss.g_transfer
                0x20001098       0x18 ./firmware/drivers/mss_hpdma/mss_hpdma.o
 .bss.g_hpdma_end_desc
                0x200010b0        0x4 ./firmware/drivers/mss_hpdma/mss_hpdma.o
 .bss.g_hpdma_current_desc
                0x200010b4        0x4 ./firmware/drivers/mss_hpdma/mss_hpdma.o
 *(COMMON)
                0x200010c0                . = ALIGN (0x10)
 *fill*         0x200010b8        0x8 
                0x200010c0                __bss_end__ = .
                0x200010c0                _end = .
                0x200010c0                __end = _end
                0x200010c0                _ebss = .
                0x200010c0                PROVIDE (end, .)

.heap           0x200010c0     0xdf40
                0x200010c0                __heap_start__ = .
                0x200020c0                . = (. + MIN_SIZE_HEAP)
 *fill*         0x200010c0     0x1000 
                0x2000f000                . = (. + (((ABSOLUTE (RAM_START_ADDRESS) + RAM_SIZE) - MAIN_STACK_SIZE) - .))
 *fill*         0x200020c0     0xcf40 
                0x2000f000                _eheap = .

.stack          0x2000f000     0x1000
                0x2000f000                __stack_start__ = .
                0x20010000                . = (. + MAIN_STACK_SIZE)
 *fill*         0x2000f000     0x1000 
                0x20010000                _estack = .

.stab
 *(.stab)

.stabstr
 *(.stabstr)

.debug
 *(.debug)

.line
 *(.line)

.debug_srcinfo
 *(.debug_srcinfo)

.debug_sfnames
 *(.debug_sfnames)

.debug_aranges  0x00000000      0x7f8
 *(.debug_aranges)
 .debug_aranges
                0x00000000       0x20 ./src/main.o
 .debug_aranges
                0x00000020       0x20 ./firmware/hal/CortexM3/GNU/hal.o
 .debug_aranges
                0x00000040       0x20 ./firmware/hal/CortexM3/GNU/hw_reg_access.o
 .debug_aranges
                0x00000060       0x48 ./firmware/hal/CortexM3/cortex_nvic.o
 .debug_aranges
                0x000000a8       0x18 ./firmware/drivers_config/sys_config/sys_config.o
 .debug_aranges
                0x000000c0       0x90 ./firmware/drivers/mss_sys_services/mss_comblk.o
 .debug_aranges
                0x00000150      0x1c8 ./firmware/drivers/mss_sys_services/mss_sys_services.o
 .debug_aranges
                0x00000318       0xc0 ./firmware/drivers/mss_rtc/mss_rtc.o
 .debug_aranges
                0x000003d8       0x88 ./firmware/drivers/mss_pdma/mss_pdma.o
 .debug_aranges
                0x00000460       0x80 ./firmware/drivers/mss_nvm/mss_nvm.o
 .debug_aranges
                0x000004e0       0x80 ./firmware/drivers/mss_hpdma/mss_hpdma.o
 .debug_aranges
                0x00000560       0x48 ./firmware/drivers/CoreUARTapb/core_uart_apb.o
 .debug_aranges
                0x000005a8      0x110 ./firmware/drivers/CoreI2C/core_i2c.o
 .debug_aranges
                0x000006b8       0x28 ./firmware/drivers/CoreI2C/i2c_interrupt.o
 .debug_aranges
                0x000006e0       0xa8 ./firmware/CMSIS/startup_gcc/newlib_stubs.o
 .debug_aranges
                0x00000788       0x20 ./firmware/CMSIS/startup_gcc/startup_m2sxxx.o
 .debug_aranges
                0x000007a8       0x50 ./firmware/CMSIS/system_m2sxxx.o

.debug_pubnames
 *(.debug_pubnames)

.debug_info     0x00000000     0x9694
 *(.debug_info .gnu.linkonce.wi.*)
 .debug_info    0x00000000       0x46 ./src/main.o
 .debug_info    0x00000046       0x94 ./firmware/hal/CortexM3/GNU/hal.o
 .debug_info    0x000000da       0x9e ./firmware/hal/CortexM3/GNU/hw_reg_access.o
 .debug_info    0x00000178      0x18b ./firmware/hal/CortexM3/cortex_nvic.o
 .debug_info    0x00000303       0x96 ./firmware/drivers_config/sys_config/sys_config.o
 .debug_info    0x00000399      0xb0d ./firmware/drivers/mss_sys_services/mss_comblk.o
 .debug_info    0x00000ea6     0x1e16 ./firmware/drivers/mss_sys_services/mss_sys_services.o
 .debug_info    0x00002cbc     0x1165 ./firmware/drivers/mss_rtc/mss_rtc.o
 .debug_info    0x00003e21     0x10bd ./firmware/drivers/mss_pdma/mss_pdma.o
 .debug_info    0x00004ede     0x1158 ./firmware/drivers/mss_nvm/mss_nvm.o
 .debug_info    0x00006036     0x1169 ./firmware/drivers/mss_hpdma/mss_hpdma.o
 .debug_info    0x0000719f      0x353 ./firmware/drivers/CoreUARTapb/core_uart_apb.o
 .debug_info    0x000074f2      0xc82 ./firmware/drivers/CoreI2C/core_i2c.o
 .debug_info    0x00008174      0x34b ./firmware/drivers/CoreI2C/i2c_interrupt.o
 .debug_info    0x000084bf      0x692 ./firmware/CMSIS/startup_gcc/newlib_stubs.o
 .debug_info    0x00008b51       0xa0 ./firmware/CMSIS/startup_gcc/startup_m2sxxx.o
 .debug_info    0x00008bf1      0xaa3 ./firmware/CMSIS/system_m2sxxx.o

.debug_abbrev   0x00000000     0x1511
 *(.debug_abbrev)
 .debug_abbrev  0x00000000       0x3c ./src/main.o
 .debug_abbrev  0x0000003c       0x14 ./firmware/hal/CortexM3/GNU/hal.o
 .debug_abbrev  0x00000050       0x14 ./firmware/hal/CortexM3/GNU/hw_reg_access.o
 .debug_abbrev  0x00000064       0xa3 ./firmware/hal/CortexM3/cortex_nvic.o
 .debug_abbrev  0x00000107       0x4e ./firmware/drivers_config/sys_config/sys_config.o
 .debug_abbrev  0x00000155      0x1d2 ./firmware/drivers/mss_sys_services/mss_comblk.o
 .debug_abbrev  0x00000327      0x251 ./firmware/drivers/mss_sys_services/mss_sys_services.o
 .debug_abbrev  0x00000578      0x268 ./firmware/drivers/mss_rtc/mss_rtc.o
 .debug_abbrev  0x000007e0      0x20e ./firmware/drivers/mss_pdma/mss_pdma.o
 .debug_abbrev  0x000009ee      0x1cb ./firmware/drivers/mss_nvm/mss_nvm.o
 .debug_abbrev  0x00000bb9      0x246 ./firmware/drivers/mss_hpdma/mss_hpdma.o
 .debug_abbrev  0x00000dff       0xfb ./firmware/drivers/CoreUARTapb/core_uart_apb.o
 .debug_abbrev  0x00000efa      0x1b9 ./firmware/drivers/CoreI2C/core_i2c.o
 .debug_abbrev  0x000010b3       0xfd ./firmware/drivers/CoreI2C/i2c_interrupt.o
 .debug_abbrev  0x000011b0      0x1c4 ./firmware/CMSIS/startup_gcc/newlib_stubs.o
 .debug_abbrev  0x00001374       0x14 ./firmware/CMSIS/startup_gcc/startup_m2sxxx.o
 .debug_abbrev  0x00001388      0x189 ./firmware/CMSIS/system_m2sxxx.o

.debug_line     0x00000000     0x4879
 *(.debug_line)
 .debug_line    0x00000000       0x3d ./src/main.o
 .debug_line    0x0000003d       0x56 ./firmware/hal/CortexM3/GNU/hal.o
 .debug_line    0x00000093       0x94 ./firmware/hal/CortexM3/GNU/hw_reg_access.o
 .debug_line    0x00000127      0x2c2 ./firmware/hal/CortexM3/cortex_nvic.o
 .debug_line    0x000003e9      0x2bc ./firmware/drivers_config/sys_config/sys_config.o
 .debug_line    0x000006a5      0x54f ./firmware/drivers/mss_sys_services/mss_comblk.o
 .debug_line    0x00000bf4      0xdc1 ./firmware/drivers/mss_sys_services/mss_sys_services.o
 .debug_line    0x000019b5      0x688 ./firmware/drivers/mss_rtc/mss_rtc.o
 .debug_line    0x0000203d      0x457 ./firmware/drivers/mss_pdma/mss_pdma.o
 .debug_line    0x00002494      0x69b ./firmware/drivers/mss_nvm/mss_nvm.o
 .debug_line    0x00002b2f      0x479 ./firmware/drivers/mss_hpdma/mss_hpdma.o
 .debug_line    0x00002fa8      0x4f9 ./firmware/drivers/CoreUARTapb/core_uart_apb.o
 .debug_line    0x000034a1      0x762 ./firmware/drivers/CoreI2C/core_i2c.o
 .debug_line    0x00003c03      0x354 ./firmware/drivers/CoreI2C/i2c_interrupt.o
 .debug_line    0x00003f57      0x423 ./firmware/CMSIS/startup_gcc/newlib_stubs.o
 .debug_line    0x0000437a      0x199 ./firmware/CMSIS/startup_gcc/startup_m2sxxx.o
 .debug_line    0x00004513      0x366 ./firmware/CMSIS/system_m2sxxx.o

.debug_frame    0x00000000     0x1ef8
 *(.debug_frame)
 .debug_frame   0x00000000       0x30 ./src/main.o
 .debug_frame   0x00000030       0xf8 ./firmware/hal/CortexM3/cortex_nvic.o
 .debug_frame   0x00000128      0x240 ./firmware/drivers/mss_sys_services/mss_comblk.o
 .debug_frame   0x00000368      0x7e0 ./firmware/drivers/mss_sys_services/mss_sys_services.o
 .debug_frame   0x00000b48      0x324 ./firmware/drivers/mss_rtc/mss_rtc.o
 .debug_frame   0x00000e6c      0x234 ./firmware/drivers/mss_pdma/mss_pdma.o
 .debug_frame   0x000010a0      0x208 ./firmware/drivers/mss_nvm/mss_nvm.o
 .debug_frame   0x000012a8      0x210 ./firmware/drivers/mss_hpdma/mss_hpdma.o
 .debug_frame   0x000014b8       0xf0 ./firmware/drivers/CoreUARTapb/core_uart_apb.o
 .debug_frame   0x000015a8      0x480 ./firmware/drivers/CoreI2C/core_i2c.o
 .debug_frame   0x00001a28       0x60 ./firmware/drivers/CoreI2C/i2c_interrupt.o
 .debug_frame   0x00001a88      0x2a8 ./firmware/CMSIS/startup_gcc/newlib_stubs.o
 .debug_frame   0x00001d30      0x10c ./firmware/CMSIS/system_m2sxxx.o
 .debug_frame   0x00001e3c       0x20 c:/microsemi/softconsole_v4.0/arm-none-eabi-gcc/bin/../lib/gcc/arm-none-eabi/4.9.3/../../../../arm-none-eabi/lib/armv7-m\libg_nano.a(lib_a-errno.o)
 .debug_frame   0x00001e5c       0x28 c:/microsemi/softconsole_v4.0/arm-none-eabi-gcc/bin/../lib/gcc/arm-none-eabi/4.9.3/../../../../arm-none-eabi/lib/armv7-m\libg_nano.a(lib_a-exit.o)
 .debug_frame   0x00001e84       0x2c c:/microsemi/softconsole_v4.0/arm-none-eabi-gcc/bin/../lib/gcc/arm-none-eabi/4.9.3/../../../../arm-none-eabi/lib/armv7-m\libg_nano.a(lib_a-init.o)
 .debug_frame   0x00001eb0       0x28 c:/microsemi/softconsole_v4.0/arm-none-eabi-gcc/bin/../lib/gcc/arm-none-eabi/4.9.3/../../../../arm-none-eabi/lib/armv7-m\libg_nano.a(lib_a-memcpy.o)
 .debug_frame   0x00001ed8       0x20 c:/microsemi/softconsole_v4.0/arm-none-eabi-gcc/bin/../lib/gcc/arm-none-eabi/4.9.3/../../../../arm-none-eabi/lib/armv7-m\libg_nano.a(lib_a-memset.o)

.debug_str      0x00000000    0x15711
 *(.debug_str)
 .debug_str     0x00000000     0x2475 ./src/main.o
 .debug_str     0x00002475     0x103e ./firmware/hal/CortexM3/cortex_nvic.o
                               0x3628 (size before relaxing)
 .debug_str     0x000034b3     0x5712 ./firmware/drivers_config/sys_config/sys_config.o
                               0x871d (size before relaxing)
 .debug_str     0x00008bc5      0xa3a ./firmware/drivers/mss_sys_services/mss_comblk.o
                               0x94e5 (size before relaxing)
 .debug_str     0x000095ff     0x4b15 ./firmware/drivers/mss_sys_services/mss_sys_services.o
                               0xd707 (size before relaxing)
 .debug_str     0x0000e114      0x83b ./firmware/drivers/mss_rtc/mss_rtc.o
                               0xbeb1 (size before relaxing)
 .debug_str     0x0000e94f     0x14a7 ./firmware/drivers/mss_pdma/mss_pdma.o
                               0xab64 (size before relaxing)
 .debug_str     0x0000fdf6      0xced ./firmware/drivers/mss_nvm/mss_nvm.o
                               0x9e55 (size before relaxing)
 .debug_str     0x00010ae3      0x76b ./firmware/drivers/mss_hpdma/mss_hpdma.o
                               0x9dff (size before relaxing)
 .debug_str     0x0001124e      0xf4a ./firmware/drivers/CoreUARTapb/core_uart_apb.o
                               0x44ef (size before relaxing)
 .debug_str     0x00012198     0x10dd ./firmware/drivers/CoreI2C/core_i2c.o
                               0x6e62 (size before relaxing)
 .debug_str     0x00013275       0x4b ./firmware/drivers/CoreI2C/i2c_interrupt.o
                               0x403b (size before relaxing)
 .debug_str     0x000132c0     0x1ef6 ./firmware/CMSIS/startup_gcc/newlib_stubs.o
                               0x6a37 (size before relaxing)
 .debug_str     0x000151b6      0x55b ./firmware/CMSIS/system_m2sxxx.o
                               0x93cc (size before relaxing)

.debug_loc
 *(.debug_loc)

.debug_macinfo
 *(.debug_macinfo)

.debug_weaknames
 *(.debug_weaknames)

.debug_funcnames
 *(.debug_funcnames)

.debug_typenames
 *(.debug_typenames)

.debug_varnames
 *(.debug_varnames)

.note.gnu.arm.ident
 *(.note.gnu.arm.ident)

.ARM.attributes
                0x00000000       0x29
 *(.ARM.attributes)
 .ARM.attributes
                0x00000000       0x1d c:/microsemi/softconsole_v4.0/arm-none-eabi-gcc/bin/../lib/gcc/arm-none-eabi/4.9.3/armv7-m/crti.o
 .ARM.attributes
                0x0000001d       0x2d c:/microsemi/softconsole_v4.0/arm-none-eabi-gcc/bin/../lib/gcc/arm-none-eabi/4.9.3/armv7-m/crtbegin.o
 .ARM.attributes
                0x0000004a       0x1b c:/microsemi/softconsole_v4.0/arm-none-eabi-gcc/bin/../lib/gcc/arm-none-eabi/4.9.3/../../../../arm-none-eabi/lib/armv7-m/crt0.o
 .ARM.attributes
                0x00000065       0x33 ./src/main.o
 .ARM.attributes
                0x00000098       0x21 ./firmware/hal/CortexM3/GNU/hal.o
 .ARM.attributes
                0x000000b9       0x21 ./firmware/hal/CortexM3/GNU/hw_reg_access.o
 .ARM.attributes
                0x000000da       0x33 ./firmware/hal/CortexM3/cortex_nvic.o
 .ARM.attributes
                0x0000010d       0x33 ./firmware/drivers_config/sys_config/sys_config.o
 .ARM.attributes
                0x00000140       0x33 ./firmware/drivers/mss_sys_services/mss_comblk.o
 .ARM.attributes
                0x00000173       0x33 ./firmware/drivers/mss_sys_services/mss_sys_services.o
 .ARM.attributes
                0x000001a6       0x33 ./firmware/drivers/mss_rtc/mss_rtc.o
 .ARM.attributes
                0x000001d9       0x33 ./firmware/drivers/mss_pdma/mss_pdma.o
 .ARM.attributes
                0x0000020c       0x33 ./firmware/drivers/mss_nvm/mss_nvm.o
 .ARM.attributes
                0x0000023f       0x33 ./firmware/drivers/mss_hpdma/mss_hpdma.o
 .ARM.attributes
                0x00000272       0x33 ./firmware/drivers/CoreUARTapb/core_uart_apb.o
 .ARM.attributes
                0x000002a5       0x33 ./firmware/drivers/CoreI2C/core_i2c.o
 .ARM.attributes
                0x000002d8       0x33 ./firmware/drivers/CoreI2C/i2c_interrupt.o
 .ARM.attributes
                0x0000030b       0x33 ./firmware/CMSIS/startup_gcc/newlib_stubs.o
 .ARM.attributes
                0x0000033e       0x21 ./firmware/CMSIS/startup_gcc/startup_m2sxxx.o
 .ARM.attributes
                0x0000035f       0x33 ./firmware/CMSIS/system_m2sxxx.o
 .ARM.attributes
                0x00000392       0x2d c:/microsemi/softconsole_v4.0/arm-none-eabi-gcc/bin/../lib/gcc/arm-none-eabi/4.9.3/../../../../arm-none-eabi/lib/armv7-m\libg_nano.a(lib_a-errno.o)
 .ARM.attributes
                0x000003bf       0x2d c:/microsemi/softconsole_v4.0/arm-none-eabi-gcc/bin/../lib/gcc/arm-none-eabi/4.9.3/../../../../arm-none-eabi/lib/armv7-m\libg_nano.a(lib_a-exit.o)
 .ARM.attributes
                0x000003ec       0x2d c:/microsemi/softconsole_v4.0/arm-none-eabi-gcc/bin/../lib/gcc/arm-none-eabi/4.9.3/../../../../arm-none-eabi/lib/armv7-m\libg_nano.a(lib_a-impure.o)
 .ARM.attributes
                0x00000419       0x2d c:/microsemi/softconsole_v4.0/arm-none-eabi-gcc/bin/../lib/gcc/arm-none-eabi/4.9.3/../../../../arm-none-eabi/lib/armv7-m\libg_nano.a(lib_a-init.o)
 .ARM.attributes
                0x00000446       0x2d c:/microsemi/softconsole_v4.0/arm-none-eabi-gcc/bin/../lib/gcc/arm-none-eabi/4.9.3/../../../../arm-none-eabi/lib/armv7-m\libg_nano.a(lib_a-memcpy.o)
 .ARM.attributes
                0x00000473       0x2d c:/microsemi/softconsole_v4.0/arm-none-eabi-gcc/bin/../lib/gcc/arm-none-eabi/4.9.3/../../../../arm-none-eabi/lib/armv7-m\libg_nano.a(lib_a-memset.o)
 .ARM.attributes
                0x000004a0       0x2d c:/microsemi/softconsole_v4.0/arm-none-eabi-gcc/bin/../lib/gcc/arm-none-eabi/4.9.3/armv7-m/crtend.o
 .ARM.attributes
                0x000004cd       0x1d c:/microsemi/softconsole_v4.0/arm-none-eabi-gcc/bin/../lib/gcc/arm-none-eabi/4.9.3/armv7-m/crtn.o

/DISCARD/
 *(.note.GNU-stack)
 *(.isr_vector)
OUTPUT(BT-Gyro-SW.elf elf32-littlearm)

.debug_ranges   0x00000000      0x6b0
 .debug_ranges  0x00000000       0x10 ./src/main.o
 .debug_ranges  0x00000010       0x38 ./firmware/hal/CortexM3/cortex_nvic.o
 .debug_ranges  0x00000048       0x80 ./firmware/drivers/mss_sys_services/mss_comblk.o
 .debug_ranges  0x000000c8      0x1b8 ./firmware/drivers/mss_sys_services/mss_sys_services.o
 .debug_ranges  0x00000280       0xb0 ./firmware/drivers/mss_rtc/mss_rtc.o
 .debug_ranges  0x00000330       0x78 ./firmware/drivers/mss_pdma/mss_pdma.o
 .debug_ranges  0x000003a8       0x70 ./firmware/drivers/mss_nvm/mss_nvm.o
 .debug_ranges  0x00000418       0x70 ./firmware/drivers/mss_hpdma/mss_hpdma.o
 .debug_ranges  0x00000488       0x38 ./firmware/drivers/CoreUARTapb/core_uart_apb.o
 .debug_ranges  0x000004c0      0x100 ./firmware/drivers/CoreI2C/core_i2c.o
 .debug_ranges  0x000005c0       0x18 ./firmware/drivers/CoreI2C/i2c_interrupt.o
 .debug_ranges  0x000005d8       0x98 ./firmware/CMSIS/startup_gcc/newlib_stubs.o
 .debug_ranges  0x00000670       0x40 ./firmware/CMSIS/system_m2sxxx.o

.debug_macro    0x00000000     0x4d01
 .debug_macro   0x00000000       0x11 ./src/main.o
 .debug_macro   0x00000011      0x862 ./src/main.o
 .debug_macro   0x00000873       0xa8 ./firmware/hal/CortexM3/cortex_nvic.o
 .debug_macro   0x0000091b       0x22 ./firmware/hal/CortexM3/cortex_nvic.o
 .debug_macro   0x0000093d       0x44 ./firmware/hal/CortexM3/cortex_nvic.o
 .debug_macro   0x00000981       0x58 ./firmware/hal/CortexM3/cortex_nvic.o
 .debug_macro   0x000009d9       0x22 ./firmware/hal/CortexM3/cortex_nvic.o
 .debug_macro   0x000009fb      0x1df ./firmware/hal/CortexM3/cortex_nvic.o
 .debug_macro   0x00000bda       0x58 ./firmware/hal/CortexM3/cortex_nvic.o
 .debug_macro   0x00000c32       0x35 ./firmware/hal/CortexM3/cortex_nvic.o
 .debug_macro   0x00000c67       0x9c ./firmware/hal/CortexM3/cortex_nvic.o
 .debug_macro   0x00000d03       0x1c ./firmware/hal/CortexM3/cortex_nvic.o
 .debug_macro   0x00000d1f       0xa9 ./firmware/drivers_config/sys_config/sys_config.o
 .debug_macro   0x00000dc8       0x26 ./firmware/drivers_config/sys_config/sys_config.o
 .debug_macro   0x00000dee       0x3a ./firmware/drivers_config/sys_config/sys_config.o
 .debug_macro   0x00000e28       0x34 ./firmware/drivers_config/sys_config/sys_config.o
 .debug_macro   0x00000e5c      0xc83 ./firmware/drivers_config/sys_config/sys_config.o
 .debug_macro   0x00001adf      0x265 ./firmware/drivers_config/sys_config/sys_config.o
 .debug_macro   0x00001d44       0x3a ./firmware/drivers_config/sys_config/sys_config.o
 .debug_macro   0x00001d7e       0x34 ./firmware/drivers_config/sys_config/sys_config.o
 .debug_macro   0x00001db2      0x14b ./firmware/drivers/mss_sys_services/mss_comblk.o
 .debug_macro   0x00001efd      0x3bd ./firmware/drivers/mss_sys_services/mss_sys_services.o
 .debug_macro   0x000022ba      0x2f8 ./firmware/drivers/mss_sys_services/mss_sys_services.o
 .debug_macro   0x000025b2      0x16d ./firmware/drivers/mss_sys_services/mss_sys_services.o
 .debug_macro   0x0000271f       0x52 ./firmware/drivers/mss_sys_services/mss_sys_services.o
 .debug_macro   0x00002771       0x16 ./firmware/drivers/mss_sys_services/mss_sys_services.o
 .debug_macro   0x00002787       0x43 ./firmware/drivers/mss_sys_services/mss_sys_services.o
 .debug_macro   0x000027ca      0x180 ./firmware/drivers/mss_sys_services/mss_sys_services.o
 .debug_macro   0x0000294a      0x27a ./firmware/drivers/mss_sys_services/mss_sys_services.o
 .debug_macro   0x00002bc4       0x10 ./firmware/drivers/mss_sys_services/mss_sys_services.o
 .debug_macro   0x00002bd4       0x35 ./firmware/drivers/mss_sys_services/mss_sys_services.o
 .debug_macro   0x00002c09      0x1fb ./firmware/drivers/mss_rtc/mss_rtc.o
 .debug_macro   0x00002e04       0x4a ./firmware/drivers/mss_rtc/mss_rtc.o
 .debug_macro   0x00002e4e      0x184 ./firmware/drivers/mss_pdma/mss_pdma.o
 .debug_macro   0x00002fd2      0x273 ./firmware/drivers/mss_pdma/mss_pdma.o
 .debug_macro   0x00003245      0x292 ./firmware/drivers/mss_nvm/mss_nvm.o
 .debug_macro   0x000034d7       0x16 ./firmware/drivers/mss_nvm/mss_nvm.o
 .debug_macro   0x000034ed      0x134 ./firmware/drivers/mss_hpdma/mss_hpdma.o
 .debug_macro   0x00003621       0x4a ./firmware/drivers/mss_hpdma/mss_hpdma.o
 .debug_macro   0x0000366b       0x10 ./firmware/drivers/mss_hpdma/mss_hpdma.o
 .debug_macro   0x0000367b      0x123 ./firmware/drivers/CoreUARTapb/core_uart_apb.o
 .debug_macro   0x0000379e       0x64 ./firmware/drivers/CoreUARTapb/core_uart_apb.o
 .debug_macro   0x00003802      0x106 ./firmware/drivers/CoreUARTapb/core_uart_apb.o
 .debug_macro   0x00003908       0x40 ./firmware/drivers/CoreUARTapb/core_uart_apb.o
 .debug_macro   0x00003948      0x25b ./firmware/drivers/CoreI2C/core_i2c.o
 .debug_macro   0x00003ba3      0x1c1 ./firmware/drivers/CoreI2C/core_i2c.o
 .debug_macro   0x00003d64       0x3c ./firmware/drivers/CoreI2C/core_i2c.o
 .debug_macro   0x00003da0       0xe6 ./firmware/drivers/CoreI2C/i2c_interrupt.o
 .debug_macro   0x00003e86       0x35 ./firmware/drivers/CoreI2C/i2c_interrupt.o
 .debug_macro   0x00003ebb      0x186 ./firmware/CMSIS/startup_gcc/newlib_stubs.o
 .debug_macro   0x00004041       0x16 ./firmware/CMSIS/startup_gcc/newlib_stubs.o
 .debug_macro   0x00004057      0x10e ./firmware/CMSIS/startup_gcc/newlib_stubs.o
 .debug_macro   0x00004165       0x86 ./firmware/CMSIS/startup_gcc/newlib_stubs.o
 .debug_macro   0x000041eb       0x16 ./firmware/CMSIS/startup_gcc/newlib_stubs.o
 .debug_macro   0x00004201       0x29 ./firmware/CMSIS/startup_gcc/newlib_stubs.o
 .debug_macro   0x0000422a       0x16 ./firmware/CMSIS/startup_gcc/newlib_stubs.o
 .debug_macro   0x00004240       0x10 ./firmware/CMSIS/startup_gcc/newlib_stubs.o
 .debug_macro   0x00004250       0x22 ./firmware/CMSIS/startup_gcc/newlib_stubs.o
 .debug_macro   0x00004272       0xbe ./firmware/CMSIS/startup_gcc/newlib_stubs.o
 .debug_macro   0x00004330      0x48e ./firmware/CMSIS/startup_gcc/newlib_stubs.o
 .debug_macro   0x000047be       0x16 ./firmware/CMSIS/startup_gcc/newlib_stubs.o
 .debug_macro   0x000047d4       0x10 ./firmware/CMSIS/startup_gcc/newlib_stubs.o
 .debug_macro   0x000047e4       0x10 ./firmware/CMSIS/startup_gcc/newlib_stubs.o
 .debug_macro   0x000047f4       0x10 ./firmware/CMSIS/startup_gcc/newlib_stubs.o
 .debug_macro   0x00004804       0x35 ./firmware/CMSIS/startup_gcc/newlib_stubs.o
 .debug_macro   0x00004839      0x122 ./firmware/CMSIS/startup_gcc/newlib_stubs.o
 .debug_macro   0x0000495b       0x10 ./firmware/CMSIS/startup_gcc/newlib_stubs.o
 .debug_macro   0x0000496b      0x241 ./firmware/CMSIS/startup_gcc/newlib_stubs.o
 .debug_macro   0x00004bac      0x155 ./firmware/CMSIS/system_m2sxxx.o

.comment        0x00000000       0x70
 .comment       0x00000000       0x70 ./src/main.o
                                 0x71 (size before relaxing)
 .comment       0x00000000       0x71 ./firmware/hal/CortexM3/cortex_nvic.o
 .comment       0x00000000       0x71 ./firmware/drivers_config/sys_config/sys_config.o
 .comment       0x00000000       0x71 ./firmware/drivers/mss_sys_services/mss_comblk.o
 .comment       0x00000000       0x71 ./firmware/drivers/mss_sys_services/mss_sys_services.o
 .comment       0x00000000       0x71 ./firmware/drivers/mss_rtc/mss_rtc.o
 .comment       0x00000000       0x71 ./firmware/drivers/mss_pdma/mss_pdma.o
 .comment       0x00000000       0x71 ./firmware/drivers/mss_nvm/mss_nvm.o
 .comment       0x00000000       0x71 ./firmware/drivers/mss_hpdma/mss_hpdma.o
 .comment       0x00000000       0x71 ./firmware/drivers/CoreUARTapb/core_uart_apb.o
 .comment       0x00000000       0x71 ./firmware/drivers/CoreI2C/core_i2c.o
 .comment       0x00000000       0x71 ./firmware/drivers/CoreI2C/i2c_interrupt.o
 .comment       0x00000000       0x71 ./firmware/CMSIS/startup_gcc/newlib_stubs.o
 .comment       0x00000000       0x71 ./firmware/CMSIS/system_m2sxxx.o
