Archive member included because of file (symbol)

c:/microsemi/softconsole_v4.0/arm-none-eabi-gcc/bin/../lib/gcc/arm-none-eabi/4.9.3/armv7-m\libgcc.a(_arm_addsubdf3.o)
                              ./inc/MPU6050/mpu6050.o (__aeabi_dsub)
c:/microsemi/softconsole_v4.0/arm-none-eabi-gcc/bin/../lib/gcc/arm-none-eabi/4.9.3/armv7-m\libgcc.a(_arm_muldivdf3.o)
                              ./inc/MPU6050/mpu6050.o (__aeabi_dmul)
c:/microsemi/softconsole_v4.0/arm-none-eabi-gcc/bin/../lib/gcc/arm-none-eabi/4.9.3/armv7-m\libgcc.a(_arm_truncdfsf2.o)
                              ./inc/MPU6050/mpu6050.o (__aeabi_d2f)
c:/microsemi/softconsole_v4.0/arm-none-eabi-gcc/bin/../lib/gcc/arm-none-eabi/4.9.3/armv7-m\libgcc.a(_arm_addsubsf3.o)
                              ./inc/MPU6050/mpu6050.o (__aeabi_fsub)
c:/microsemi/softconsole_v4.0/arm-none-eabi-gcc/bin/../lib/gcc/arm-none-eabi/4.9.3/armv7-m\libgcc.a(_arm_muldivsf3.o)
                              ./inc/MPU6050/mpu6050.o (__aeabi_fmul)
c:/microsemi/softconsole_v4.0/arm-none-eabi-gcc/bin/../lib/gcc/arm-none-eabi/4.9.3/armv7-m\libgcc.a(_arm_cmpsf2.o)
                              ./inc/MPU6050/mpu6050.o (__aeabi_fcmplt)
c:/microsemi/softconsole_v4.0/arm-none-eabi-gcc/bin/../lib/gcc/arm-none-eabi/4.9.3/../../../../arm-none-eabi/lib/armv7-m\libg_nano.a(lib_a-calloc.o)
                              ./inc/HM11/hm11.o (calloc)
c:/microsemi/softconsole_v4.0/arm-none-eabi-gcc/bin/../lib/gcc/arm-none-eabi/4.9.3/../../../../arm-none-eabi/lib/armv7-m\libg_nano.a(lib_a-errno.o)
                              ./firmware/CMSIS/startup_gcc/newlib_stubs.o (__errno)
c:/microsemi/softconsole_v4.0/arm-none-eabi-gcc/bin/../lib/gcc/arm-none-eabi/4.9.3/../../../../arm-none-eabi/lib/armv7-m\libg_nano.a(lib_a-exit.o)
                              c:/microsemi/softconsole_v4.0/arm-none-eabi-gcc/bin/../lib/gcc/arm-none-eabi/4.9.3/../../../../arm-none-eabi/lib/armv7-m/crt0.o (exit)
c:/microsemi/softconsole_v4.0/arm-none-eabi-gcc/bin/../lib/gcc/arm-none-eabi/4.9.3/../../../../arm-none-eabi/lib/armv7-m\libg_nano.a(lib_a-impure.o)
                              c:/microsemi/softconsole_v4.0/arm-none-eabi-gcc/bin/../lib/gcc/arm-none-eabi/4.9.3/../../../../arm-none-eabi/lib/armv7-m\libg_nano.a(lib_a-exit.o) (_global_impure_ptr)
c:/microsemi/softconsole_v4.0/arm-none-eabi-gcc/bin/../lib/gcc/arm-none-eabi/4.9.3/../../../../arm-none-eabi/lib/armv7-m\libg_nano.a(lib_a-init.o)
                              c:/microsemi/softconsole_v4.0/arm-none-eabi-gcc/bin/../lib/gcc/arm-none-eabi/4.9.3/../../../../arm-none-eabi/lib/armv7-m/crt0.o (__libc_init_array)
c:/microsemi/softconsole_v4.0/arm-none-eabi-gcc/bin/../lib/gcc/arm-none-eabi/4.9.3/../../../../arm-none-eabi/lib/armv7-m\libg_nano.a(lib_a-memcpy.o)
                              ./firmware/drivers/mss_sys_services/mss_sys_services.o (memcpy)
c:/microsemi/softconsole_v4.0/arm-none-eabi-gcc/bin/../lib/gcc/arm-none-eabi/4.9.3/../../../../arm-none-eabi/lib/armv7-m\libg_nano.a(lib_a-memset.o)
                              c:/microsemi/softconsole_v4.0/arm-none-eabi-gcc/bin/../lib/gcc/arm-none-eabi/4.9.3/../../../../arm-none-eabi/lib/armv7-m/crt0.o (memset)
c:/microsemi/softconsole_v4.0/arm-none-eabi-gcc/bin/../lib/gcc/arm-none-eabi/4.9.3/../../../../arm-none-eabi/lib/armv7-m\libg_nano.a(lib_a-nano-callocr.o)
                              c:/microsemi/softconsole_v4.0/arm-none-eabi-gcc/bin/../lib/gcc/arm-none-eabi/4.9.3/../../../../arm-none-eabi/lib/armv7-m\libg_nano.a(lib_a-calloc.o) (_calloc_r)
c:/microsemi/softconsole_v4.0/arm-none-eabi-gcc/bin/../lib/gcc/arm-none-eabi/4.9.3/../../../../arm-none-eabi/lib/armv7-m\libg_nano.a(lib_a-nano-mallocr.o)
                              c:/microsemi/softconsole_v4.0/arm-none-eabi-gcc/bin/../lib/gcc/arm-none-eabi/4.9.3/../../../../arm-none-eabi/lib/armv7-m\libg_nano.a(lib_a-nano-callocr.o) (_malloc_r)
c:/microsemi/softconsole_v4.0/arm-none-eabi-gcc/bin/../lib/gcc/arm-none-eabi/4.9.3/../../../../arm-none-eabi/lib/armv7-m\libg_nano.a(lib_a-printf.o)
                              ./inc/MPU6050/mpu6050.o (printf)
c:/microsemi/softconsole_v4.0/arm-none-eabi-gcc/bin/../lib/gcc/arm-none-eabi/4.9.3/../../../../arm-none-eabi/lib/armv7-m\libg_nano.a(lib_a-puts.o)
                              ./src/main.o (puts)
c:/microsemi/softconsole_v4.0/arm-none-eabi-gcc/bin/../lib/gcc/arm-none-eabi/4.9.3/../../../../arm-none-eabi/lib/armv7-m\libg_nano.a(lib_a-sbrkr.o)
                              c:/microsemi/softconsole_v4.0/arm-none-eabi-gcc/bin/../lib/gcc/arm-none-eabi/4.9.3/../../../../arm-none-eabi/lib/armv7-m\libg_nano.a(lib_a-nano-mallocr.o) (_sbrk_r)
c:/microsemi/softconsole_v4.0/arm-none-eabi-gcc/bin/../lib/gcc/arm-none-eabi/4.9.3/../../../../arm-none-eabi/lib/armv7-m\libg_nano.a(lib_a-wbuf.o)
                              c:/microsemi/softconsole_v4.0/arm-none-eabi-gcc/bin/../lib/gcc/arm-none-eabi/4.9.3/../../../../arm-none-eabi/lib/armv7-m\libg_nano.a(lib_a-puts.o) (__swbuf_r)
[...]
Memory Configuration

Name             Origin             Length             Attributes
ram              0x20000000         0x00010000         xrw
*default*        0x00000000         0xffffffff

Linker script and memory map

LOAD c:/microsemi/softconsole_v4.0/arm-none-eabi-gcc/bin/../lib/gcc/arm-none-eabi/4.9.3/armv7-m/crti.o
LOAD c:/microsemi/softconsole_v4.0/arm-none-eabi-gcc/bin/../lib/gcc/arm-none-eabi/4.9.3/armv7-m/crtbegin.o
LOAD c:/microsemi/softconsole_v4.0/arm-none-eabi-gcc/bin/../lib/gcc/arm-none-eabi/4.9.3/../../../../arm-none-eabi/lib/armv7-m/crt0.o
LOAD ./src/main.o
LOAD ./inc/MPU6050/mpu6050.o
LOAD ./inc/MPU6050/mpu6050_ut.o
LOAD ./inc/HM11/hm11.o
LOAD ./inc/HM11/hm11_ut.o
LOAD ./inc/CRC8/crc8.o
LOAD ./firmware/hal/CortexM3/GNU/hal.o
LOAD ./firmware/hal/CortexM3/GNU/hw_reg_access.o
LOAD ./firmware/hal/CortexM3/cortex_nvic.o
LOAD ./firmware/drivers_config/sys_config/sys_config.o
LOAD ./firmware/drivers/mss_sys_services/mss_comblk.o
LOAD ./firmware/drivers/mss_sys_services/mss_sys_services.o
LOAD ./firmware/drivers/mss_rtc/mss_rtc.o
LOAD ./firmware/drivers/mss_pdma/mss_pdma.o
LOAD ./firmware/drivers/mss_nvm/mss_nvm.o
LOAD ./firmware/drivers/mss_hpdma/mss_hpdma.o
LOAD ./firmware/drivers/CoreUARTapb/core_uart_apb.o
LOAD ./firmware/drivers/CoreI2C/core_i2c.o
LOAD ./firmware/drivers/CoreI2C/i2c_interrupt.o
LOAD ./firmware/CMSIS/startup_gcc/newlib_stubs.o
LOAD ./firmware/CMSIS/startup_gcc/startup_m2sxxx.o
LOAD ./firmware/CMSIS/system_m2sxxx.o
START GROUP
LOAD c:/microsemi/softconsole_v4.0/arm-none-eabi-gcc/bin/../lib/gcc/arm-none-eabi/4.9.3/armv7-m\libgcc.a
LOAD c:/microsemi/softconsole_v4.0/arm-none-eabi-gcc/bin/../lib/gcc/arm-none-eabi/4.9.3/../../../../arm-none-eabi/lib/armv7-m\libg_nano.a
LOAD c:/microsemi/softconsole_v4.0/arm-none-eabi-gcc/bin/../lib/gcc/arm-none-eabi/4.9.3/../../../../arm-none-eabi/lib/armv7-m\libc_nano.a
END GROUP
START GROUP
LOAD c:/microsemi/softconsole_v4.0/arm-none-eabi-gcc/bin/../lib/gcc/arm-none-eabi/4.9.3/armv7-m\libgcc.a
LOAD c:/microsemi/softconsole_v4.0/arm-none-eabi-gcc/bin/../lib/gcc/arm-none-eabi/4.9.3/../../../../arm-none-eabi/lib/armv7-m\libc_nano.a
END GROUP
LOAD c:/microsemi/softconsole_v4.0/arm-none-eabi-gcc/bin/../lib/gcc/arm-none-eabi/4.9.3/armv7-m/crtend.o
LOAD c:/microsemi/softconsole_v4.0/arm-none-eabi-gcc/bin/../lib/gcc/arm-none-eabi/4.9.3/armv7-m/crtn.o
START GROUP
LOAD c:/microsemi/softconsole_v4.0/arm-none-eabi-gcc/bin/../lib/gcc/arm-none-eabi/4.9.3/../../../../arm-none-eabi/lib/armv7-m\libc.a
LOAD c:/microsemi/softconsole_v4.0/arm-none-eabi-gcc/bin/../lib/gcc/arm-none-eabi/4.9.3/armv7-m\libgcc.a
LOAD c:/microsemi/softconsole_v4.0/arm-none-eabi-gcc/bin/../lib/gcc/arm-none-eabi/4.9.3/../../../../arm-none-eabi/lib/armv7-m\libm.a
END GROUP
                0x00000000                __DYNAMIC = 0x0
                0x20000000                RAM_START_ADDRESS = 0x20000000
                0x00010000                RAM_SIZE = 0x10000
                0x00001000                MAIN_STACK_SIZE = 0x1000
                0x00001000                MIN_SIZE_HEAP = 0x1000
                0x20010000                PROVIDE (__main_stack_start, (RAM_START_ADDRESS + RAM_SIZE))
                0x20010000                PROVIDE (_estack, __main_stack_start)
                0x00000000                PROVIDE (__mirrored_nvm, 0x0)
                0x00000000                PROVIDE (__smartfusion2_memory_remap, 0x0)

.vector_table   0x20000000      0x190
                0x20000000                __vector_table_load = LOADADDR (.vector_table)
                0x20000000                __vector_table_start = .
                0x20000000                __vector_table_vma_base_address = .
 *(.isr_vector)
 .isr_vector    0x20000000      0x190 ./firmware/CMSIS/startup_gcc/startup_m2sxxx.o
                0x20000000                g_pfnVectors
                0x20000190                . = ALIGN (0x10)
                0x20000190                _evector_table = .

.boot_code      0x20000190      0x330
 *(.boot_code)
 .boot_code     0x20000190      0x324 ./firmware/CMSIS/startup_gcc/startup_m2sxxx.o
                0x20000190                Reset_Handler
                0x2000037e                NMI_Handler
                0x20000380                HardFault_Handler
                0x20000382                MemManage_Handler
                0x20000384                BusFault_Handler
                0x20000386                UsageFault_Handler
                0x20000388                SVC_Handler
                0x2000038a                DebugMon_Handler
                0x2000038c                PendSV_Handler
                0x20000390                WdogWakeup_IRQHandler
                0x20000392                RTC_Wakeup_IRQHandler
                0x20000394                SPI0_IRQHandler
                0x20000396                SPI1_IRQHandler
                0x20000398                I2C0_IRQHandler
                0x2000039a                I2C0_SMBAlert_IRQHandler
                0x2000039c                I2C0_SMBus_IRQHandler
                0x2000039e                I2C1_IRQHandler
                0x200003a0                I2C1_SMBAlert_IRQHandler
                0x200003a2                I2C1_SMBus_IRQHandler
                0x200003a4                UART0_IRQHandler
                0x200003a6                UART1_IRQHandler
                0x200003a8                EthernetMAC_IRQHandler
                0x200003ac                Timer1_IRQHandler
                0x200003ae                Timer2_IRQHandler
                0x200003b0                CAN_IRQHandler
                0x200003b2                ENVM0_IRQHandler
                0x200003b4                ENVM1_IRQHandler
                0x200003b8                USB_IRQHandler
                0x200003ba                USB_DMA_IRQHandler
                0x200003bc                PLL_Lock_IRQHandler
                0x200003be                PLL_LockLost_IRQHandler
                0x200003c0                CommSwitchError_IRQHandler
                0x200003c2                CacheError_IRQHandler
                0x200003c4                DDR_IRQHandler
                0x200003ca                ECC_Error_IRQHandler
                0x200003cc                MDDR_IOCalib_IRQHandler
                0x200003ce                FAB_PLL_Lock_IRQHandler
                0x200003d0                FAB_PLL_LockLost_IRQHandler
                0x200003d2                FIC64_IRQHandler
                0x200003d8                FabricIrq2_IRQHandler
                0x200003da                FabricIrq3_IRQHandler
                0x200003dc                FabricIrq4_IRQHandler
                0x200003de                FabricIrq5_IRQHandler
                0x200003e0                FabricIrq6_IRQHandler
                0x200003e2                FabricIrq7_IRQHandler
                0x200003e4                FabricIrq8_IRQHandler
                0x200003e6                FabricIrq9_IRQHandler
                0x200003e8                FabricIrq10_IRQHandler
                0x200003ea                FabricIrq11_IRQHandler
                0x200003ec                FabricIrq12_IRQHandler
                0x200003ee                FabricIrq13_IRQHandler
                0x200003f0                FabricIrq14_IRQHandler
                0x200003f2                FabricIrq15_IRQHandler
                0x200003f4                GPIO0_IRQHandler
                0x200003f6                GPIO1_IRQHandler
                0x200003f8                GPIO2_IRQHandler
                0x200003fa                GPIO3_IRQHandler
                0x200003fc                GPIO4_IRQHandler
                0x200003fe                GPIO5_IRQHandler
                0x20000400                GPIO6_IRQHandler
                0x20000402                GPIO7_IRQHandler
                0x20000404                GPIO8_IRQHandler
                0x20000406                GPIO9_IRQHandler
                0x20000408                GPIO10_IRQHandler
                0x2000040a                GPIO11_IRQHandler
                0x2000040c                GPIO12_IRQHandler
                0x2000040e                GPIO13_IRQHandler
                0x20000410                GPIO14_IRQHandler
                0x20000412                GPIO15_IRQHandler
                0x20000414                GPIO16_IRQHandler
                0x20000416                GPIO17_IRQHandler
                0x20000418                GPIO18_IRQHandler
                0x2000041a                GPIO19_IRQHandler
                0x2000041c                GPIO20_IRQHandler
                0x2000041e                GPIO21_IRQHandler
                0x20000420                GPIO22_IRQHandler
                0x20000422                GPIO23_IRQHandler
                0x20000424                GPIO24_IRQHandler
                0x20000426                GPIO25_IRQHandler
                0x20000428                GPIO26_IRQHandler
                0x2000042a                GPIO27_IRQHandler
                0x2000042c                GPIO28_IRQHandler
                0x2000042e                GPIO29_IRQHandler
                0x20000430                GPIO30_IRQHandler
                0x20000432                GPIO31_IRQHandler
                0x20000434                mscc_post_hw_cfg_init
                0x200004c0                . = ALIGN (0x10)
 *fill*         0x200004b4        0xc 

.text           0x200004c0     0x5f30
 CREATE_OBJECT_SYMBOLS
                0x200004c0                __text_load = LOADADDR (.text)
                0x200004c0                __text_start = .
 *(.text .text.* .gnu.linkonce.t.*)
 .text          0x200004c0       0x5c c:/microsemi/softconsole_v4.0/arm-none-eabi-gcc/bin/../lib/gcc/arm-none-eabi/4.9.3/armv7-m/crtbegin.o
 .text.main     0x2000051c       0x38 ./src/main.o
                0x2000051c                main
 .text.NVIC_SetPriority
                0x20000554       0x54 ./inc/MPU6050/mpu6050.o
 .text.SysTick_Config
                0x200005a8       0x44 ./inc/MPU6050/mpu6050.o
 .text.i2c_MPU6050_write
                0x200005ec       0x40 ./inc/MPU6050/mpu6050.o
 .text.i2c_MPU6050_read
                0x2000062c       0x7c ./inc/MPU6050/mpu6050.o
 .text.accel_sensitiviy_config
                0x200006a8       0x80 ./inc/MPU6050/mpu6050.o
 .text.gyro_sensitiviy_config
                0x20000728       0x88 ./inc/MPU6050/mpu6050.o
 .text.MPU6050_self_test
                0x200007b0      0x5a4 ./inc/MPU6050/mpu6050.o
 .text.MPU6050_set_power_mode
                0x20000d54      0x108 ./inc/MPU6050/mpu6050.o
                0x20000d54                MPU6050_set_power_mode
 .text.MPU6050_Init
                0x20000e5c      0x140 ./inc/MPU6050/mpu6050.o
                0x20000e5c                MPU6050_Init
 .text.MPU6050_Read_Sens
                0x20000f9c       0x40 ./inc/MPU6050/mpu6050.o
                0x20000f9c                MPU6050_Read_Sens
 .text.MPU6050_Read_All
                0x20000fdc       0xa0 ./inc/MPU6050/mpu6050.o
                0x20000fdc                MPU6050_Read_All
 .text.I2C_Initalize
                0x2000107c       0x20 ./inc/MPU6050/mpu6050.o
 .text.FabricIrq0_IRQHandler
                0x2000109c       0x10 ./inc/MPU6050/mpu6050.o
                0x2000109c                FabricIrq0_IRQHandler
 .text.NVIC_EnableIRQ
                0x200010ac       0x30 ./inc/HM11/hm11.o
 .text.Hm11_Init
                0x200010dc       0x70 ./inc/HM11/hm11.o
                0x200010dc                Hm11_Init
 .text.Hm11_Packet
                0x2000114c      0x190 ./inc/HM11/hm11.o
                0x2000114c                Hm11_Packet
 .text.Hm11_Is_Rx_Full
                0x200012dc       0x60 ./inc/HM11/hm11.o
                0x200012dc                Hm11_Is_Rx_Full
 .text.Hm11_Config_By_Cmd
                0x2000133c       0xa0 ./inc/HM11/hm11.o
                0x2000133c                Hm11_Config_By_Cmd
 .text.Hm11_reset
                0x200013dc       0x8c ./inc/HM11/hm11.o
                0x200013dc                Hm11_reset
 .text.FabricIrq1_IRQHandler
                0x20001468       0x54 ./inc/HM11/hm11.o
                0x20001468                FabricIrq1_IRQHandler
 .text.SysTick_Handler
                0x200014bc       0x98 ./inc/HM11/hm11.o
                0x200014bc                SysTick_Handler
 .text.Crc8     0x20001554       0x78 ./inc/CRC8/crc8.o
                0x20001554                Crc8
 .text          0x200015cc        0xe ./firmware/hal/CortexM3/GNU/hal.o
                0x200015cc                HAL_disable_interrupts
                0x200015d4                HAL_restore_interrupts
 .text          0x200015da       0x90 ./firmware/hal/CortexM3/GNU/hw_reg_access.o
                0x200015da                HW_set_32bit_reg
                0x200015de                HW_get_32bit_reg
                0x200015e2                HW_set_32bit_reg_field
                0x200015fe                HW_get_32bit_reg_field
                0x2000160a                HW_set_16bit_reg
                0x2000160e                HW_get_16bit_reg
                0x20001612                HW_set_16bit_reg_field
                0x2000162e                HW_get_16bit_reg_field
                0x2000163a                HW_set_8bit_reg
                0x2000163e                HW_get_8bit_reg
                0x20001642                HW_set_8bit_reg_field
                0x2000165e                HW_get_8bit_reg_field
 *fill*         0x2000166a        0x2 
 .text.ComBlk_IRQHandler
                0x2000166c       0x48 ./firmware/drivers/mss_sys_services/mss_comblk.o
                0x2000166c                ComBlk_IRQHandler
 .text.handle_tx_okay_irq
                0x200016b4      0x1b0 ./firmware/drivers/mss_sys_services/mss_comblk.o
 .text.handle_rx_okay_irq
                0x20001864      0x204 ./firmware/drivers/mss_sys_services/mss_comblk.o
 .text.complete_request
                0x20001a68       0x40 ./firmware/drivers/mss_sys_services/mss_comblk.o
 .text.abort_current_cmd
                0x20001aa8       0x4c ./firmware/drivers/mss_sys_services/mss_comblk.o
 .text.fill_tx_fifo
                0x20001af4       0x64 ./firmware/drivers/mss_sys_services/mss_comblk.o
 .text.process_sys_ctrl_command
                0x20001b58       0x28 ./firmware/drivers/mss_sys_services/mss_comblk.o
 .text.get_channel_id_from_status
                0x20001b80       0xa0 ./firmware/drivers/mss_pdma/mss_pdma.o
 .text.DMA_IRQHandler
                0x20001c20       0x7c ./firmware/drivers/mss_pdma/mss_pdma.o
                0x20001c20                DMA_IRQHandler
 .text.start_transfer
                0x20001c9c      0x14c ./firmware/drivers/mss_hpdma/mss_hpdma.o
 .text.HPDMA_Complete_IRQHandler
                0x20001de8       0xf4 ./firmware/drivers/mss_hpdma/mss_hpdma.o
                0x20001de8                HPDMA_Complete_IRQHandler
 .text.HPDMA_Error_IRQHandler
                0x20001edc      0x100 ./firmware/drivers/mss_hpdma/mss_hpdma.o
                0x20001edc                HPDMA_Error_IRQHandler
 .text.UART_init
                0x20001fdc      0x110 ./firmware/drivers/CoreUARTapb/core_uart_apb.o
                0x20001fdc                UART_init
 .text.UART_send
                0x200020ec       0x80 ./firmware/drivers/CoreUARTapb/core_uart_apb.o
                0x200020ec                UART_send
 .text.UART_get_rx
                0x2000216c       0xc0 ./firmware/drivers/CoreUARTapb/core_uart_apb.o
                0x2000216c                UART_get_rx
 .text.I2C_init
                0x2000222c       0xcc ./firmware/drivers/CoreI2C/core_i2c.o
                0x2000222c                I2C_init
 .text.I2C_write
                0x200022f8       0xc4 ./firmware/drivers/CoreI2C/core_i2c.o
                0x200022f8                I2C_write
 .text.I2C_read
                0x200023bc       0xc4 ./firmware/drivers/CoreI2C/core_i2c.o
                0x200023bc                I2C_read
 .text.I2C_get_status
                0x20002480       0x20 ./firmware/drivers/CoreI2C/core_i2c.o
                0x20002480                I2C_get_status
 .text.I2C_wait_complete
                0x200024a0       0x34 ./firmware/drivers/CoreI2C/core_i2c.o
                0x200024a0                I2C_wait_complete
 .text.I2C_system_tick
                0x200024d4       0x58 ./firmware/drivers/CoreI2C/core_i2c.o
                0x200024d4                I2C_system_tick
 .text.enable_slave_if_required
                0x2000252c       0x28 ./firmware/drivers/CoreI2C/core_i2c.o
 .text.I2C_isr  0x20002554      0x968 ./firmware/drivers/CoreI2C/core_i2c.o
                0x20002554                I2C_isr
 .text.NVIC_EnableIRQ
                0x20002ebc       0x30 ./firmware/drivers/CoreI2C/i2c_interrupt.o
 .text.NVIC_DisableIRQ
                0x20002eec       0x34 ./firmware/drivers/CoreI2C/i2c_interrupt.o
 .text.I2C_enable_irq
                0x20002f20       0x20 ./firmware/drivers/CoreI2C/i2c_interrupt.o
                0x20002f20                I2C_enable_irq
 .text.I2C_disable_irq
                0x20002f40       0x20 ./firmware/drivers/CoreI2C/i2c_interrupt.o
                0x20002f40                I2C_disable_irq
 .text._close   0x20002f60       0x18 ./firmware/CMSIS/startup_gcc/newlib_stubs.o
                0x20002f60                _close
 .text._exit    0x20002f78        0xc ./firmware/CMSIS/startup_gcc/newlib_stubs.o
                0x20002f78                _exit
 .text._fstat   0x20002f84       0x20 ./firmware/CMSIS/startup_gcc/newlib_stubs.o
                0x20002f84                _fstat
 .text._isatty  0x20002fa4       0x18 ./firmware/CMSIS/startup_gcc/newlib_stubs.o
                0x20002fa4                _isatty
 .text._lseek   0x20002fbc       0x1c ./firmware/CMSIS/startup_gcc/newlib_stubs.o
                0x20002fbc                _lseek
 .text._read    0x20002fd8       0x1c ./firmware/CMSIS/startup_gcc/newlib_stubs.o
                0x20002fd8                _read
 .text._write_r
                0x20002ff4       0x1c ./firmware/CMSIS/startup_gcc/newlib_stubs.o
                0x20002ff4                _write_r
 .text._sbrk    0x20003010       0x9c ./firmware/CMSIS/startup_gcc/newlib_stubs.o
                0x20003010                _sbrk
 .text.SystemInit
                0x200030ac       0x20 ./firmware/CMSIS/system_m2sxxx.o
                0x200030ac                SystemInit
 .text.get_silicon_revision
                0x200030cc       0x48 ./firmware/CMSIS/system_m2sxxx.o
 .text.silicon_workarounds
                0x20003114       0x20 ./firmware/CMSIS/system_m2sxxx.o
 .text.m2s050_rev_a_workarounds
                0x20003134       0x30 ./firmware/CMSIS/system_m2sxxx.o
 .text          0x20003164      0x370 c:/microsemi/softconsole_v4.0/arm-none-eabi-gcc/bin/../lib/gcc/arm-none-eabi/4.9.3/armv7-m\libgcc.a(_arm_addsubdf3.o)
                0x20003164                __aeabi_drsub
                0x2000316c                __aeabi_dsub
                0x2000316c                __subdf3
                0x20003170                __aeabi_dadd
                0x20003170                __adddf3
                0x200033e8                __floatunsidf
                0x200033e8                __aeabi_ui2d
                0x20003408                __floatsidf
                0x20003408                __aeabi_i2d
                0x2000342c                __aeabi_f2d
                0x2000342c                __extendsfdf2
                0x20003468                __floatundidf
                0x20003468                __aeabi_ul2d
                0x20003478                __floatdidf
                0x20003478                __aeabi_l2d
 .text          0x200034d4      0x424 c:/microsemi/softconsole_v4.0/arm-none-eabi-gcc/bin/../lib/gcc/arm-none-eabi/4.9.3/armv7-m\libgcc.a(_arm_muldivdf3.o)
                0x200034d4                __aeabi_dmul
                0x200034d4                __muldf3
                0x20003728                __divdf3
                0x20003728                __aeabi_ddiv
 .text          0x200038f8       0xa0 c:/microsemi/softconsole_v4.0/arm-none-eabi-gcc/bin/../lib/gcc/arm-none-eabi/4.9.3/armv7-m\libgcc.a(_arm_truncdfsf2.o)
                0x200038f8                __truncdfsf2
                0x200038f8                __aeabi_d2f
 .text          0x20003998      0x21c c:/microsemi/softconsole_v4.0/arm-none-eabi-gcc/bin/../lib/gcc/arm-none-eabi/4.9.3/armv7-m\libgcc.a(_arm_addsubsf3.o)
                0x20003998                __aeabi_frsub
                0x200039a0                __subsf3
                0x200039a0                __aeabi_fsub
                0x200039a4                __aeabi_fadd
                0x200039a4                __addsf3
                0x20003b04                __aeabi_ui2f
                0x20003b04                __floatunsisf
                0x20003b0c                __aeabi_i2f
                0x20003b0c                __floatsisf
                0x20003b28                __aeabi_ul2f
                0x20003b28                __floatundisf
                0x20003b38                __aeabi_l2f
                0x20003b38                __floatdisf
 .text          0x20003bb4      0x2a0 c:/microsemi/softconsole_v4.0/arm-none-eabi-gcc/bin/../lib/gcc/arm-none-eabi/4.9.3/armv7-m\libgcc.a(_arm_muldivsf3.o)
                0x20003bb4                __mulsf3
                0x20003bb4                __aeabi_fmul
                0x20003d1c                __aeabi_fdiv
                0x20003d1c                __divsf3
 .text          0x20003e54       0xec c:/microsemi/softconsole_v4.0/arm-none-eabi-gcc/bin/../lib/gcc/arm-none-eabi/4.9.3/armv7-m\libgcc.a(_arm_cmpsf2.o)
                0x20003e54                __gesf2
                0x20003e54                __gtsf2
                0x20003e5c                __lesf2
                0x20003e5c                __ltsf2
                0x20003e64                __nesf2
                0x20003e64                __eqsf2
                0x20003e64                __cmpsf2
                0x20003ec4                __aeabi_cfrcmple
                0x20003ecc                __aeabi_cfcmpeq
                0x20003ecc                __aeabi_cfcmple
                0x20003edc                __aeabi_fcmpeq
                0x20003ef0                __aeabi_fcmplt
                0x20003f04                __aeabi_fcmple
                0x20003f18                __aeabi_fcmpge
                0x20003f2c                __aeabi_fcmpgt
 .text.calloc   0x20003f40       0x14 c:/microsemi/softconsole_v4.0/arm-none-eabi-gcc/bin/../lib/gcc/arm-none-eabi/4.9.3/../../../../arm-none-eabi/lib/armv7-m\libg_nano.a(lib_a-calloc.o)
                0x20003f40                calloc
 .text.__errno  0x20003f54        0xc c:/microsemi/softconsole_v4.0/arm-none-eabi-gcc/bin/../lib/gcc/arm-none-eabi/4.9.3/../../../../arm-none-eabi/lib/armv7-m\libg_nano.a(lib_a-errno.o)
                0x20003f54                __errno
 .text.__libc_init_array
                0x20003f60       0x4c c:/microsemi/softconsole_v4.0/arm-none-eabi-gcc/bin/../lib/gcc/arm-none-eabi/4.9.3/../../../../arm-none-eabi/lib/armv7-m\libg_nano.a(lib_a-init.o)
                0x20003f60                __libc_init_array
 .text.memset   0x20003fac       0x10 c:/microsemi/softconsole_v4.0/arm-none-eabi-gcc/bin/../lib/gcc/arm-none-eabi/4.9.3/../../../../arm-none-eabi/lib/armv7-m\libg_nano.a(lib_a-memset.o)
                0x20003fac                memset
 .text._calloc_r
                0x20003fbc       0x1c c:/microsemi/softconsole_v4.0/arm-none-eabi-gcc/bin/../lib/gcc/arm-none-eabi/4.9.3/../../../../arm-none-eabi/lib/armv7-m\libg_nano.a(lib_a-nano-callocr.o)
                0x20003fbc                _calloc_r
 .text._malloc_r
                0x20003fd8       0xac c:/microsemi/softconsole_v4.0/arm-none-eabi-gcc/bin/../lib/gcc/arm-none-eabi/4.9.3/../../../../arm-none-eabi/lib/armv7-m\libg_nano.a(lib_a-nano-mallocr.o)
                0x20003fd8                _malloc_r
 .text.printf   0x20004084       0x30 c:/microsemi/softconsole_v4.0/arm-none-eabi-gcc/bin/../lib/gcc/arm-none-eabi/4.9.3/../../../../arm-none-eabi/lib/armv7-m\libg_nano.a(lib_a-printf.o)
                0x20004084                iprintf
                0x20004084                printf
 .text._puts_r  0x200040b4       0xbc c:/microsemi/softconsole_v4.0/arm-none-eabi-gcc/bin/../lib/gcc/arm-none-eabi/4.9.3/../../../../arm-none-eabi/lib/armv7-m\libg_nano.a(lib_a-puts.o)
                0x200040b4                _puts_r
 .text.puts     0x20004170       0x10 c:/microsemi/softconsole_v4.0/arm-none-eabi-gcc/bin/../lib/gcc/arm-none-eabi/4.9.3/../../../../arm-none-eabi/lib/armv7-m\libg_nano.a(lib_a-puts.o)
                0x20004170                puts
 .text._sbrk_r  0x20004180       0x20 c:/microsemi/softconsole_v4.0/arm-none-eabi-gcc/bin/../lib/gcc/arm-none-eabi/4.9.3/../../../../arm-none-eabi/lib/armv7-m\libg_nano.a(lib_a-sbrkr.o)
                0x20004180                _sbrk_r
 .text.__swbuf_r
                0x200041a0       0xa8 c:/microsemi/softconsole_v4.0/arm-none-eabi-gcc/bin/../lib/gcc/arm-none-eabi/4.9.3/../../../../arm-none-eabi/lib/armv7-m\libg_nano.a(lib_a-wbuf.o)
                0x200041a0                __swbuf_r
 .text.__swsetup_r
                0x20004248       0xd8 c:/microsemi/softconsole_v4.0/arm-none-eabi-gcc/bin/../lib/gcc/arm-none-eabi/4.9.3/../../../../arm-none-eabi/lib/armv7-m\libg_nano.a(lib_a-wsetup.o)
                0x20004248                __swsetup_r
 .text.__sflush_r
                0x20004320      0x106 c:/microsemi/softconsole_v4.0/arm-none-eabi-gcc/bin/../lib/gcc/arm-none-eabi/4.9.3/../../../../arm-none-eabi/lib/armv7-m\libg_nano.a(lib_a-fflush.o)
                0x20004320                __sflush_r
 *fill*         0x20004426        0x2 
 .text._fflush_r
                0x20004428       0x54 c:/microsemi/softconsole_v4.0/arm-none-eabi-gcc/bin/../lib/gcc/arm-none-eabi/4.9.3/../../../../arm-none-eabi/lib/armv7-m\libg_nano.a(lib_a-fflush.o)
                0x20004428                _fflush_r
 .text._cleanup_r
                0x2000447c        0xc c:/microsemi/softconsole_v4.0/arm-none-eabi-gcc/bin/../lib/gcc/arm-none-eabi/4.9.3/../../../../arm-none-eabi/lib/armv7-m\libg_nano.a(lib_a-findfp.o)
                0x2000447c                _cleanup_r
 .text.std.isra.0
                0x20004488       0x48 c:/microsemi/softconsole_v4.0/arm-none-eabi-gcc/bin/../lib/gcc/arm-none-eabi/4.9.3/../../../../arm-none-eabi/lib/armv7-m\libg_nano.a(lib_a-findfp.o)
 .text.__sfmoreglue
                0x200044d0       0x2c c:/microsemi/softconsole_v4.0/arm-none-eabi-gcc/bin/../lib/gcc/arm-none-eabi/4.9.3/../../../../arm-none-eabi/lib/armv7-m\libg_nano.a(lib_a-findfp.o)
                0x200044d0                __sfmoreglue
 .text.__sinit  0x200044fc       0x60 c:/microsemi/softconsole_v4.0/arm-none-eabi-gcc/bin/../lib/gcc/arm-none-eabi/4.9.3/../../../../arm-none-eabi/lib/armv7-m\libg_nano.a(lib_a-findfp.o)
                0x200044fc                __sinit
 .text.__sfp    0x2000455c       0x74 c:/microsemi/softconsole_v4.0/arm-none-eabi-gcc/bin/../lib/gcc/arm-none-eabi/4.9.3/../../../../arm-none-eabi/lib/armv7-m\libg_nano.a(lib_a-findfp.o)
                0x2000455c                __sfp
 .text._fwalk_reent
                0x200045d0       0x3c c:/microsemi/softconsole_v4.0/arm-none-eabi-gcc/bin/../lib/gcc/arm-none-eabi/4.9.3/../../../../arm-none-eabi/lib/armv7-m\libg_nano.a(lib_a-fwalk.o)
                0x200045d0                _fwalk_reent
 .text.__smakebuf_r
                0x2000460c       0x98 c:/microsemi/softconsole_v4.0/arm-none-eabi-gcc/bin/../lib/gcc/arm-none-eabi/4.9.3/../../../../arm-none-eabi/lib/armv7-m\libg_nano.a(lib_a-makebuf.o)
                0x2000460c                __smakebuf_r
 .text._free_r  0x200046a4       0x88 c:/microsemi/softconsole_v4.0/arm-none-eabi-gcc/bin/../lib/gcc/arm-none-eabi/4.9.3/../../../../arm-none-eabi/lib/armv7-m\libg_nano.a(lib_a-nano-freer.o)
                0x200046a4                _free_r
 .text.__sfputc_r
                0x2000472c       0x2c c:/microsemi/softconsole_v4.0/arm-none-eabi-gcc/bin/../lib/gcc/arm-none-eabi/4.9.3/../../../../arm-none-eabi/lib/armv7-m\libg_nano.a(lib_a-nano-vfprintf.o)
 .text.__sfputs_r
                0x20004758       0x24 c:/microsemi/softconsole_v4.0/arm-none-eabi-gcc/bin/../lib/gcc/arm-none-eabi/4.9.3/../../../../arm-none-eabi/lib/armv7-m\libg_nano.a(lib_a-nano-vfprintf.o)
                0x20004758                __sfputs_r
 .text._vfprintf_r
                0x2000477c      0x210 c:/microsemi/softconsole_v4.0/arm-none-eabi-gcc/bin/../lib/gcc/arm-none-eabi/4.9.3/../../../../arm-none-eabi/lib/armv7-m\libg_nano.a(lib_a-nano-vfprintf.o)
                0x2000477c                _vfprintf_r
                0x2000477c                _vfiprintf_r
 .text._printf_common
                0x2000498c       0xea c:/microsemi/softconsole_v4.0/arm-none-eabi-gcc/bin/../lib/gcc/arm-none-eabi/4.9.3/../../../../arm-none-eabi/lib/armv7-m\libg_nano.a(lib_a-nano-vfprintf_i.o)
                0x2000498c                _printf_common
 *fill*         0x20004a76        0x2 
 .text._printf_i
                0x20004a78      0x240 c:/microsemi/softconsole_v4.0/arm-none-eabi-gcc/bin/../lib/gcc/arm-none-eabi/4.9.3/../../../../arm-none-eabi/lib/armv7-m\libg_nano.a(lib_a-nano-vfprintf_i.o)
                0x20004a78                _printf_i
 .text.__sread  0x20004cb8       0x22 c:/microsemi/softconsole_v4.0/arm-none-eabi-gcc/bin/../lib/gcc/arm-none-eabi/4.9.3/../../../../arm-none-eabi/lib/armv7-m\libg_nano.a(lib_a-stdio.o)
                0x20004cb8                __sread
 .text.__swrite
                0x20004cda       0x38 c:/microsemi/softconsole_v4.0/arm-none-eabi-gcc/bin/../lib/gcc/arm-none-eabi/4.9.3/../../../../arm-none-eabi/lib/armv7-m\libg_nano.a(lib_a-stdio.o)
                0x20004cda                __swrite
 .text.__sseek  0x20004d12       0x24 c:/microsemi/softconsole_v4.0/arm-none-eabi-gcc/bin/../lib/gcc/arm-none-eabi/4.9.3/../../../../arm-none-eabi/lib/armv7-m\libg_nano.a(lib_a-stdio.o)
                0x20004d12                __sseek
 .text.__sclose
                0x20004d36        0x8 c:/microsemi/softconsole_v4.0/arm-none-eabi-gcc/bin/../lib/gcc/arm-none-eabi/4.9.3/../../../../arm-none-eabi/lib/armv7-m\libg_nano.a(lib_a-stdio.o)
                0x20004d36                __sclose
 *fill*         0x20004d3e        0x2 
 .text._close_r
                0x20004d40       0x20 c:/microsemi/softconsole_v4.0/arm-none-eabi-gcc/bin/../lib/gcc/arm-none-eabi/4.9.3/../../../../arm-none-eabi/lib/armv7-m\libg_nano.a(lib_a-closer.o)
                0x20004d40                _close_r
 .text._fstat_r
                0x20004d60       0x24 c:/microsemi/softconsole_v4.0/arm-none-eabi-gcc/bin/../lib/gcc/arm-none-eabi/4.9.3/../../../../arm-none-eabi/lib/armv7-m\libg_nano.a(lib_a-fstatr.o)
                0x20004d60                _fstat_r
 .text._isatty_r
                0x20004d84       0x20 c:/microsemi/softconsole_v4.0/arm-none-eabi-gcc/bin/../lib/gcc/arm-none-eabi/4.9.3/../../../../arm-none-eabi/lib/armv7-m\libg_nano.a(lib_a-isattyr.o)
                0x20004d84                _isatty_r
 .text._lseek_r
                0x20004da4       0x24 c:/microsemi/softconsole_v4.0/arm-none-eabi-gcc/bin/../lib/gcc/arm-none-eabi/4.9.3/../../../../arm-none-eabi/lib/armv7-m\libg_nano.a(lib_a-lseekr.o)
                0x20004da4                _lseek_r
 .text.memchr   0x20004dc8       0x1c c:/microsemi/softconsole_v4.0/arm-none-eabi-gcc/bin/../lib/gcc/arm-none-eabi/4.9.3/../../../../arm-none-eabi/lib/armv7-m\libg_nano.a(lib_a-memchr.o)
                0x20004dc8                memchr
 .text._read_r  0x20004de4       0x24 c:/microsemi/softconsole_v4.0/arm-none-eabi-gcc/bin/../lib/gcc/arm-none-eabi/4.9.3/../../../../arm-none-eabi/lib/armv7-m\libg_nano.a(lib_a-readr.o)
                0x20004de4                _read_r
 .text.pow      0x20004e08      0x2f0 c:/microsemi/softconsole_v4.0/arm-none-eabi-gcc/bin/../lib/gcc/arm-none-eabi/4.9.3/../../../../arm-none-eabi/lib/armv7-m\libm.a(lib_a-w_pow.o)
                0x20004e08                pow
 .text.__ieee754_pow
                0x200050f8      0xaa0 c:/microsemi/softconsole_v4.0/arm-none-eabi-gcc/bin/../lib/gcc/arm-none-eabi/4.9.3/../../../../arm-none-eabi/lib/armv7-m\libm.a(lib_a-e_pow.o)
                0x200050f8                __ieee754_pow
 .text.__ieee754_sqrt
                0x20005b98      0x18c c:/microsemi/softconsole_v4.0/arm-none-eabi-gcc/bin/../lib/gcc/arm-none-eabi/4.9.3/../../../../arm-none-eabi/lib/armv7-m\libm.a(lib_a-e_sqrt.o)
                0x20005b98                __ieee754_sqrt
 .text.fabs     0x20005d24        0x8 c:/microsemi/softconsole_v4.0/arm-none-eabi-gcc/bin/../lib/gcc/arm-none-eabi/4.9.3/../../../../arm-none-eabi/lib/armv7-m\libm.a(lib_a-s_fabs.o)
                0x20005d24                fabs
 .text.finite   0x20005d2c        0xc c:/microsemi/softconsole_v4.0/arm-none-eabi-gcc/bin/../lib/gcc/arm-none-eabi/4.9.3/../../../../arm-none-eabi/lib/armv7-m\libm.a(lib_a-s_finite.o)
                0x20005d2c                finite
 .text.__fpclassifyd
                0x20005d38       0x58 c:/microsemi/softconsole_v4.0/arm-none-eabi-gcc/bin/../lib/gcc/arm-none-eabi/4.9.3/../../../../arm-none-eabi/lib/armv7-m\libm.a(lib_a-s_fpclassify.o)
                0x20005d38                __fpclassifyd
 .text.matherr  0x20005d90        0x4 c:/microsemi/softconsole_v4.0/arm-none-eabi-gcc/bin/../lib/gcc/arm-none-eabi/4.9.3/../../../../arm-none-eabi/lib/armv7-m\libm.a(lib_a-s_matherr.o)
                0x20005d90                matherr
 .text.nan      0x20005d94        0xc c:/microsemi/softconsole_v4.0/arm-none-eabi-gcc/bin/../lib/gcc/arm-none-eabi/4.9.3/../../../../arm-none-eabi/lib/armv7-m\libm.a(lib_a-s_nan.o)
                0x20005d94                nan
 .text.rint     0x20005da0      0x11c c:/microsemi/softconsole_v4.0/arm-none-eabi-gcc/bin/../lib/gcc/arm-none-eabi/4.9.3/../../../../arm-none-eabi/lib/armv7-m\libm.a(lib_a-s_rint.o)
                0x20005da0                rint
 *fill*         0x20005ebc        0x4 
 .text.scalbn   0x20005ec0       0xec c:/microsemi/softconsole_v4.0/arm-none-eabi-gcc/bin/../lib/gcc/arm-none-eabi/4.9.3/../../../../arm-none-eabi/lib/armv7-m\libm.a(lib_a-s_scalbn.o)
                0x20005ec0                scalbn
 .text.copysign
                0x20005fac       0x10 c:/microsemi/softconsole_v4.0/arm-none-eabi-gcc/bin/../lib/gcc/arm-none-eabi/4.9.3/../../../../arm-none-eabi/lib/armv7-m\libm.a(lib_a-s_copysign.o)
                0x20005fac                copysign
 .text          0x20005fbc      0x110 c:/microsemi/softconsole_v4.0/arm-none-eabi-gcc/bin/../lib/gcc/arm-none-eabi/4.9.3/armv7-m\libgcc.a(_arm_cmpdf2.o)
                0x20005fbc                __gtdf2
                0x20005fbc                __gedf2
                0x20005fc4                __ltdf2
                0x20005fc4                __ledf2
                0x20005fcc                __nedf2
                0x20005fcc                __eqdf2
                0x20005fcc                __cmpdf2
                0x20006048                __aeabi_cdrcmple
                0x20006058                __aeabi_cdcmpeq
                0x20006058                __aeabi_cdcmple
                0x20006068                __aeabi_dcmpeq
                0x2000607c                __aeabi_dcmplt
                0x20006090                __aeabi_dcmple
                0x200060a4                __aeabi_dcmpge
                0x200060b8                __aeabi_dcmpgt
 *(.plt)
 *(.gnu.warning)
 *(.glue_7t)
 .glue_7t       0x00000000        0x0 linker stubs
 *(.glue_7)
 .glue_7        0x00000000        0x0 linker stubs
 *(.vfp11_veneer)
 .vfp11_veneer  0x00000000        0x0 linker stubs
                0x200060cc                . = ALIGN (0x4)
 *crtbegin.o(.ctors)
 *(EXCLUDE_FILE(*crtend.o) .ctors)
 *(SORT(.ctors.*))
 *crtend.o(.ctors)
 *crtbegin.o(.dtors)
 *(EXCLUDE_FILE(*crtend.o) .dtors)
 *(SORT(.dtors.*))
 *crtend.o(.dtors)
 *(.rodata .rodata.* .gnu.linkonce.r.*)
 .rodata        0x200060cc       0x1f ./src/main.o
 *fill*         0x200060eb        0x1 
 .rodata        0x200060ec      0x13d ./inc/MPU6050/mpu6050.o
 *fill*         0x20006229        0x3 
 .rodata        0x2000622c       0x25 ./inc/HM11/hm11.o
 *fill*         0x20006251        0x3 
 .rodata        0x20006254       0x60 ./firmware/drivers/mss_pdma/mss_pdma.o
 .rodata        0x200062b4       0x30 ./firmware/CMSIS/startup_gcc/newlib_stubs.o
 .rodata.str1.1
                0x200062e4        0x2 c:/microsemi/softconsole_v4.0/arm-none-eabi-gcc/bin/../lib/gcc/arm-none-eabi/4.9.3/../../../../arm-none-eabi/lib/armv7-m\libg_nano.a(lib_a-impure.o)
 *fill*         0x200062e6        0x2 
 .rodata._global_impure_ptr
                0x200062e8        0x4 c:/microsemi/softconsole_v4.0/arm-none-eabi-gcc/bin/../lib/gcc/arm-none-eabi/4.9.3/../../../../arm-none-eabi/lib/armv7-m\libg_nano.a(lib_a-impure.o)
                0x200062e8                _global_impure_ptr
 .rodata.__sf_fake_stdin
                0x200062ec       0x20 c:/microsemi/softconsole_v4.0/arm-none-eabi-gcc/bin/../lib/gcc/arm-none-eabi/4.9.3/../../../../arm-none-eabi/lib/armv7-m\libg_nano.a(lib_a-findfp.o)
                0x200062ec                __sf_fake_stdin
 .rodata.__sf_fake_stdout
                0x2000630c       0x20 c:/microsemi/softconsole_v4.0/arm-none-eabi-gcc/bin/../lib/gcc/arm-none-eabi/4.9.3/../../../../arm-none-eabi/lib/armv7-m\libg_nano.a(lib_a-findfp.o)
                0x2000630c                __sf_fake_stdout
 .rodata.__sf_fake_stderr
                0x2000632c       0x20 c:/microsemi/softconsole_v4.0/arm-none-eabi-gcc/bin/../lib/gcc/arm-none-eabi/4.9.3/../../../../arm-none-eabi/lib/armv7-m\libg_nano.a(lib_a-findfp.o)
                0x2000632c                __sf_fake_stderr
 .rodata.str1.1
                0x2000634c       0x11 c:/microsemi/softconsole_v4.0/arm-none-eabi-gcc/bin/../lib/gcc/arm-none-eabi/4.9.3/../../../../arm-none-eabi/lib/armv7-m\libg_nano.a(lib_a-nano-vfprintf.o)
 .rodata.str1.1
                0x2000635d       0x22 c:/microsemi/softconsole_v4.0/arm-none-eabi-gcc/bin/../lib/gcc/arm-none-eabi/4.9.3/../../../../arm-none-eabi/lib/armv7-m\libg_nano.a(lib_a-nano-vfprintf_i.o)
 *fill*         0x2000637f        0x1 
 .rodata.str1.4
                0x20006380        0x4 c:/microsemi/softconsole_v4.0/arm-none-eabi-gcc/bin/../lib/gcc/arm-none-eabi/4.9.3/../../../../arm-none-eabi/lib/armv7-m\libm.a(lib_a-w_pow.o)
 *fill*         0x20006384        0x4 
 .rodata.dp_h   0x20006388       0x10 c:/microsemi/softconsole_v4.0/arm-none-eabi-gcc/bin/../lib/gcc/arm-none-eabi/4.9.3/../../../../arm-none-eabi/lib/armv7-m\libm.a(lib_a-e_pow.o)
 .rodata.dp_l   0x20006398       0x10 c:/microsemi/softconsole_v4.0/arm-none-eabi-gcc/bin/../lib/gcc/arm-none-eabi/4.9.3/../../../../arm-none-eabi/lib/armv7-m\libm.a(lib_a-e_pow.o)
 .rodata.bp     0x200063a8       0x10 c:/microsemi/softconsole_v4.0/arm-none-eabi-gcc/bin/../lib/gcc/arm-none-eabi/4.9.3/../../../../arm-none-eabi/lib/armv7-m\libm.a(lib_a-e_pow.o)
 .rodata.str1.4
                0x200063b8        0x4 c:/microsemi/softconsole_v4.0/arm-none-eabi-gcc/bin/../lib/gcc/arm-none-eabi/4.9.3/../../../../arm-none-eabi/lib/armv7-m\libm.a(lib_a-e_pow.o)
                                  0x1 (size before relaxing)
 *fill*         0x200063bc        0x4 
 .rodata.TWO52  0x200063c0       0x10 c:/microsemi/softconsole_v4.0/arm-none-eabi-gcc/bin/../lib/gcc/arm-none-eabi/4.9.3/../../../../arm-none-eabi/lib/armv7-m\libm.a(lib_a-s_rint.o)
 *(.ARM.extab* .gnu.linkonce.armextab.*)
 *(.gcc_except_table)
 *(.eh_frame_hdr)
 *(.eh_frame)
 .eh_frame      0x200063d0        0x0 c:/microsemi/softconsole_v4.0/arm-none-eabi-gcc/bin/../lib/gcc/arm-none-eabi/4.9.3/armv7-m/crtbegin.o
 *(.vector_table)
 *(.init)
 .init          0x200063d0        0x4 c:/microsemi/softconsole_v4.0/arm-none-eabi-gcc/bin/../lib/gcc/arm-none-eabi/4.9.3/armv7-m/crti.o
                0x200063d0                _init
 .init          0x200063d4        0x8 c:/microsemi/softconsole_v4.0/arm-none-eabi-gcc/bin/../lib/gcc/arm-none-eabi/4.9.3/armv7-m/crtn.o
 *(.fini)
 .fini          0x200063dc        0x4 c:/microsemi/softconsole_v4.0/arm-none-eabi-gcc/bin/../lib/gcc/arm-none-eabi/4.9.3/armv7-m/crti.o
                0x200063dc                _fini
 .fini          0x200063e0        0x8 c:/microsemi/softconsole_v4.0/arm-none-eabi-gcc/bin/../lib/gcc/arm-none-eabi/4.9.3/armv7-m/crtn.o
                0x200063e8                PROVIDE (__preinit_array_start, .)
 *(.preinit_array)
                0x200063e8                PROVIDE (__preinit_array_end, .)
                0x200063e8                PROVIDE (__init_array_start, .)
 *(SORT(.init_array.*))
 *(.init_array)
 .init_array    0x200063e8        0x4 c:/microsemi/softconsole_v4.0/arm-none-eabi-gcc/bin/../lib/gcc/arm-none-eabi/4.9.3/armv7-m/crtbegin.o
                0x200063ec                PROVIDE (__init_array_end, .)
                0x200063ec                PROVIDE (__fini_array_start, .)
 *(.fini_array)
 .fini_array    0x200063ec        0x4 c:/microsemi/softconsole_v4.0/arm-none-eabi-gcc/bin/../lib/gcc/arm-none-eabi/4.9.3/armv7-m/crtbegin.o
 *(SORT(.fini_array.*))
                0x200063f0                PROVIDE (__fini_array_end, .)
                0x200063f0                . = ALIGN (0x10)
                0x200063f0                __exidx_start = .

.v4_bx          0x200063f0        0x0
 .v4_bx         0x00000000        0x0 linker stubs

.iplt           0x200063f0        0x0
 .iplt          0x00000000        0x0 c:/microsemi/softconsole_v4.0/arm-none-eabi-gcc/bin/../lib/gcc/arm-none-eabi/4.9.3/armv7-m/crtbegin.o

.rel.dyn        0x200063f0        0x0
 .rel.iplt      0x00000000        0x0 c:/microsemi/softconsole_v4.0/arm-none-eabi-gcc/bin/../lib/gcc/arm-none-eabi/4.9.3/armv7-m/crtbegin.o

.ARM.exidx
 *(.ARM.exidx* .gnu.linkonce.armexidx.*)
                0x200063f0                __exidx_end = .
                0x200063f0                _etext = .
                0x200063f0                PROVIDE (__text_end, .)

.data           0x200063f0       0x70
                0x200063f0                __data_load = LOADADDR (.data)
                0x200063f0                _sidata = LOADADDR (.data)
                0x200063f0                __data_start = .
                0x200063f0                _sdata = .
 *(.jcr)
 .jcr           0x200063f0        0x0 c:/microsemi/softconsole_v4.0/arm-none-eabi-gcc/bin/../lib/gcc/arm-none-eabi/4.9.3/armv7-m/crtbegin.o
 .jcr           0x200063f0        0x4 c:/microsemi/softconsole_v4.0/arm-none-eabi-gcc/bin/../lib/gcc/arm-none-eabi/4.9.3/armv7-m/crtend.o
 *(.got.plt)
 *(.got)
 *(.shdata)
 *(.data .data.* .gnu.linkonce.d.*)
 .data.impure_data
                0x200063f4       0x60 c:/microsemi/softconsole_v4.0/arm-none-eabi-gcc/bin/../lib/gcc/arm-none-eabi/4.9.3/../../../../arm-none-eabi/lib/armv7-m\libg_nano.a(lib_a-impure.o)
 .data._impure_ptr
                0x20006454        0x4 c:/microsemi/softconsole_v4.0/arm-none-eabi-gcc/bin/../lib/gcc/arm-none-eabi/4.9.3/../../../../arm-none-eabi/lib/armv7-m\libg_nano.a(lib_a-impure.o)
                0x20006454                _impure_ptr
 .data.__fdlib_version
                0x20006458        0x1 c:/microsemi/softconsole_v4.0/arm-none-eabi-gcc/bin/../lib/gcc/arm-none-eabi/4.9.3/../../../../arm-none-eabi/lib/armv7-m\libm.a(lib_a-s_lib_ver.o)
                0x20006458                __fdlib_version
                0x20006460                . = ALIGN (0x10)
 *fill*         0x20006459        0x7 
                0x20006460                _edata = .

.igot.plt       0x20006460        0x0
 .igot.plt      0x00000000        0x0 c:/microsemi/softconsole_v4.0/arm-none-eabi-gcc/bin/../lib/gcc/arm-none-eabi/4.9.3/armv7-m/crtbegin.o

.bss            0x20006460      0x150
                0x20006460                __bss_start__ = .
                0x20006460                _sbss = .
 *(.shbss)
 *(.bss .bss.* .gnu.linkonce.b.*)
 .bss           0x20006460       0x1c c:/microsemi/softconsole_v4.0/arm-none-eabi-gcc/bin/../lib/gcc/arm-none-eabi/4.9.3/armv7-m/crtbegin.o
 .bss.idx.8432  0x2000647c        0x1 ./inc/HM11/hm11.o
 *fill*         0x2000647d        0x1 
 .bss.last_tx_rate.8437
                0x2000647e        0x2 ./inc/HM11/hm11.o
 .bss.count.8436
                0x20006480        0x4 ./inc/HM11/hm11.o
 .bss.g_comblk_cmd_opcode
                0x20006484        0x1 ./firmware/drivers/mss_sys_services/mss_comblk.o
 *fill*         0x20006485        0x3 
 .bss.g_comblk_p_cmd
                0x20006488        0x4 ./firmware/drivers/mss_sys_services/mss_comblk.o
 .bss.g_comblk_cmd_size
                0x2000648c        0x2 ./firmware/drivers/mss_sys_services/mss_comblk.o
 *fill*         0x2000648e        0x2 
 .bss.g_comblk_p_data
                0x20006490        0x4 ./firmware/drivers/mss_sys_services/mss_comblk.o
 .bss.g_comblk_data_size
                0x20006494        0x4 ./firmware/drivers/mss_sys_services/mss_comblk.o
 .bss.g_comblk_p_response
                0x20006498        0x4 ./firmware/drivers/mss_sys_services/mss_comblk.o
 .bss.g_comblk_response_size
                0x2000649c        0x2 ./firmware/drivers/mss_sys_services/mss_comblk.o
 .bss.g_comblk_response_idx
                0x2000649e        0x2 ./firmware/drivers/mss_sys_services/mss_comblk.o
 .bss.g_comblk_completion_handler
                0x200064a0        0x4 ./firmware/drivers/mss_sys_services/mss_comblk.o
 .bss.g_comblk_page_handler
                0x200064a4        0x4 ./firmware/drivers/mss_sys_services/mss_comblk.o
 .bss.g_request_in_progress
                0x200064a8        0x1 ./firmware/drivers/mss_sys_services/mss_comblk.o
 .bss.g_comblk_state
                0x200064a9        0x1 ./firmware/drivers/mss_sys_services/mss_comblk.o
 *fill*         0x200064aa        0x2 
 .bss.g_async_event_handler
                0x200064ac        0x4 ./firmware/drivers/mss_sys_services/mss_comblk.o
 .bss.g_pdma_isr_table
                0x200064b0       0x20 ./firmware/drivers/mss_pdma/mss_pdma.o
 .bss.g_transfer
                0x200064d0       0x18 ./firmware/drivers/mss_hpdma/mss_hpdma.o
 .bss.g_hpdma_end_desc
                0x200064e8        0x4 ./firmware/drivers/mss_hpdma/mss_hpdma.o
 .bss.g_hpdma_current_desc
                0x200064ec        0x4 ./firmware/drivers/mss_hpdma/mss_hpdma.o
 .bss.heap_end.5162
                0x200064f0        0x4 ./firmware/CMSIS/startup_gcc/newlib_stubs.o
 .bss.__malloc_sbrk_start
                0x200064f4        0x4 c:/microsemi/softconsole_v4.0/arm-none-eabi-gcc/bin/../lib/gcc/arm-none-eabi/4.9.3/../../../../arm-none-eabi/lib/armv7-m\libg_nano.a(lib_a-nano-mallocr.o)
                0x200064f4                __malloc_sbrk_start
 .bss.__malloc_free_list
                0x200064f8        0x4 c:/microsemi/softconsole_v4.0/arm-none-eabi-gcc/bin/../lib/gcc/arm-none-eabi/4.9.3/../../../../arm-none-eabi/lib/armv7-m\libg_nano.a(lib_a-nano-mallocr.o)
                0x200064f8                __malloc_free_list
 *(COMMON)
 COMMON         0x200064fc       0xa8 ./src/main.o
                0x200064fc                Mpu6050_
                0x2000650c                g_core_i2c0
                0x20006578                _ble_TxBuff_
                0x2000657c                Hm11_
                0x2000658c                g_uart_0
                0x20006594                Mpu6050_Config_
                0x200065a0                _ble_RxBuff_
 COMMON         0x200065a4        0x4 c:/microsemi/softconsole_v4.0/arm-none-eabi-gcc/bin/../lib/gcc/arm-none-eabi/4.9.3/../../../../arm-none-eabi/lib/armv7-m\libg_nano.a(lib_a-reent.o)
                0x200065a4                errno
                0x200065b0                . = ALIGN (0x10)
 *fill*         0x200065a8        0x8 
                0x200065b0                __bss_end__ = .
                0x200065b0                _end = .
                0x200065b0                __end = _end
                0x200065b0                _ebss = .
                0x200065b0                PROVIDE (end, .)

.heap           0x200065b0     0x8a50
                0x200065b0                __heap_start__ = .
                0x200075b0                . = (. + MIN_SIZE_HEAP)
 *fill*         0x200065b0     0x1000 
                0x2000f000                . = (. + (((ABSOLUTE (RAM_START_ADDRESS) + RAM_SIZE) - MAIN_STACK_SIZE) - .))
 *fill*         0x200075b0     0x7a50 
                0x2000f000                _eheap = .

.stack          0x2000f000     0x1000
                0x2000f000                __stack_start__ = .
                0x20010000                . = (. + MAIN_STACK_SIZE)
 *fill*         0x2000f000     0x1000 
                0x20010000                _estack = .

.stab
 *(.stab)

.stabstr
 *(.stabstr)

.debug
 *(.debug)

.line
 *(.line)

.debug_srcinfo
 *(.debug_srcinfo)

.debug_sfnames
 *(.debug_sfnames)

.debug_aranges  0x00000000      0x950
 *(.debug_aranges)
 .debug_aranges
                0x00000000       0x20 ./src/main.o
 .debug_aranges
                0x00000020       0xa0 ./inc/MPU6050/mpu6050.o
 .debug_aranges
                0x000000c0       0x18 ./inc/MPU6050/mpu6050_ut.o
 .debug_aranges
                0x000000d8       0x58 ./inc/HM11/hm11.o
 .debug_aranges
                0x00000130       0x18 ./inc/HM11/hm11_ut.o
 .debug_aranges
                0x00000148       0x20 ./inc/CRC8/crc8.o
 .debug_aranges
                0x00000168       0x20 ./firmware/hal/CortexM3/GNU/hal.o
 .debug_aranges
                0x00000188       0x20 ./firmware/hal/CortexM3/GNU/hw_reg_access.o
 .debug_aranges
                0x000001a8       0x48 ./firmware/hal/CortexM3/cortex_nvic.o
 .debug_aranges
                0x000001f0       0x18 ./firmware/drivers_config/sys_config/sys_config.o
 .debug_aranges
                0x00000208       0x90 ./firmware/drivers/mss_sys_services/mss_comblk.o
 .debug_aranges
                0x00000298      0x1c8 ./firmware/drivers/mss_sys_services/mss_sys_services.o
 .debug_aranges
                0x00000460       0xc0 ./firmware/drivers/mss_rtc/mss_rtc.o
 .debug_aranges
                0x00000520       0x88 ./firmware/drivers/mss_pdma/mss_pdma.o
 .debug_aranges
                0x000005a8       0x80 ./firmware/drivers/mss_nvm/mss_nvm.o
 .debug_aranges
                0x00000628       0x80 ./firmware/drivers/mss_hpdma/mss_hpdma.o
 .debug_aranges
                0x000006a8       0x48 ./firmware/drivers/CoreUARTapb/core_uart_apb.o
 .debug_aranges
                0x000006f0      0x110 ./firmware/drivers/CoreI2C/core_i2c.o
 .debug_aranges
                0x00000800       0x38 ./firmware/drivers/CoreI2C/i2c_interrupt.o
 .debug_aranges
                0x00000838       0xa8 ./firmware/CMSIS/startup_gcc/newlib_stubs.o
 .debug_aranges
                0x000008e0       0x20 ./firmware/CMSIS/startup_gcc/startup_m2sxxx.o
 .debug_aranges
                0x00000900       0x50 ./firmware/CMSIS/system_m2sxxx.o

.debug_pubnames
 *(.debug_pubnames)

.debug_info     0x00000000     0xbcc0
 *(.debug_info .gnu.linkonce.wi.*)
 .debug_info    0x00000000      0x667 ./src/main.o
 .debug_info    0x00000667     0x1067 ./inc/MPU6050/mpu6050.o
 .debug_info    0x000016ce       0x21 ./inc/MPU6050/mpu6050_ut.o
 .debug_info    0x000016ef      0xa8b ./inc/HM11/hm11.o
 .debug_info    0x0000217a       0x21 ./inc/HM11/hm11_ut.o
 .debug_info    0x0000219b      0x102 ./inc/CRC8/crc8.o
 .debug_info    0x0000229d       0x80 ./firmware/hal/CortexM3/GNU/hal.o
 .debug_info    0x0000231d       0x8a ./firmware/hal/CortexM3/GNU/hw_reg_access.o
 .debug_info    0x000023a7      0x18b ./firmware/hal/CortexM3/cortex_nvic.o
 .debug_info    0x00002532       0x96 ./firmware/drivers_config/sys_config/sys_config.o
 .debug_info    0x000025c8      0xb0d ./firmware/drivers/mss_sys_services/mss_comblk.o
 .debug_info    0x000030d5     0x1e16 ./firmware/drivers/mss_sys_services/mss_sys_services.o
 .debug_info    0x00004eeb     0x1165 ./firmware/drivers/mss_rtc/mss_rtc.o
 .debug_info    0x00006050     0x10bd ./firmware/drivers/mss_pdma/mss_pdma.o
 .debug_info    0x0000710d     0x1158 ./firmware/drivers/mss_nvm/mss_nvm.o
 .debug_info    0x00008265     0x1169 ./firmware/drivers/mss_hpdma/mss_hpdma.o
 .debug_info    0x000093ce      0x353 ./firmware/drivers/CoreUARTapb/core_uart_apb.o
 .debug_info    0x00009721      0xc82 ./firmware/drivers/CoreI2C/core_i2c.o
 .debug_info    0x0000a3a3      0x75c ./firmware/drivers/CoreI2C/i2c_interrupt.o
 .debug_info    0x0000aaff      0x692 ./firmware/CMSIS/startup_gcc/newlib_stubs.o
 .debug_info    0x0000b191       0x8c ./firmware/CMSIS/startup_gcc/startup_m2sxxx.o
 .debug_info    0x0000b21d      0xaa3 ./firmware/CMSIS/system_m2sxxx.o

.debug_abbrev   0x00000000     0x1c42
 *(.debug_abbrev)
 .debug_abbrev  0x00000000      0x164 ./src/main.o
 .debug_abbrev  0x00000164      0x2ba ./inc/MPU6050/mpu6050.o
 .debug_abbrev  0x0000041e       0x13 ./inc/MPU6050/mpu6050_ut.o
 .debug_abbrev  0x00000431      0x1fc ./inc/HM11/hm11.o
 .debug_abbrev  0x0000062d       0x13 ./inc/HM11/hm11_ut.o
 .debug_abbrev  0x00000640       0xa7 ./inc/CRC8/crc8.o
 .debug_abbrev  0x000006e7       0x14 ./firmware/hal/CortexM3/GNU/hal.o
 .debug_abbrev  0x000006fb       0x14 ./firmware/hal/CortexM3/GNU/hw_reg_access.o
 .debug_abbrev  0x0000070f       0xa3 ./firmware/hal/CortexM3/cortex_nvic.o
 .debug_abbrev  0x000007b2       0x4e ./firmware/drivers_config/sys_config/sys_config.o
 .debug_abbrev  0x00000800      0x1d2 ./firmware/drivers/mss_sys_services/mss_comblk.o
 .debug_abbrev  0x000009d2      0x251 ./firmware/drivers/mss_sys_services/mss_sys_services.o
 .debug_abbrev  0x00000c23      0x268 ./firmware/drivers/mss_rtc/mss_rtc.o
 .debug_abbrev  0x00000e8b      0x20e ./firmware/drivers/mss_pdma/mss_pdma.o
 .debug_abbrev  0x00001099      0x1cb ./firmware/drivers/mss_nvm/mss_nvm.o
 .debug_abbrev  0x00001264      0x246 ./firmware/drivers/mss_hpdma/mss_hpdma.o
 .debug_abbrev  0x000014aa       0xfb ./firmware/drivers/CoreUARTapb/core_uart_apb.o
 .debug_abbrev  0x000015a5      0x1b9 ./firmware/drivers/CoreI2C/core_i2c.o
 .debug_abbrev  0x0000175e      0x183 ./firmware/drivers/CoreI2C/i2c_interrupt.o
 .debug_abbrev  0x000018e1      0x1c4 ./firmware/CMSIS/startup_gcc/newlib_stubs.o
 .debug_abbrev  0x00001aa5       0x14 ./firmware/CMSIS/startup_gcc/startup_m2sxxx.o
 .debug_abbrev  0x00001ab9      0x189 ./firmware/CMSIS/system_m2sxxx.o

.debug_line     0x00000000     0x5fe6
 *(.debug_line)
 .debug_line    0x00000000      0x5c5 ./src/main.o
 .debug_line    0x000005c5      0x6d7 ./inc/MPU6050/mpu6050.o
 .debug_line    0x00000c9c       0x3c ./inc/MPU6050/mpu6050_ut.o
 .debug_line    0x00000cd8      0x687 ./inc/HM11/hm11.o
 .debug_line    0x0000135f       0x36 ./inc/HM11/hm11_ut.o
 .debug_line    0x00001395      0x1f6 ./inc/CRC8/crc8.o
 .debug_line    0x0000158b       0x56 ./firmware/hal/CortexM3/GNU/hal.o
 .debug_line    0x000015e1       0x94 ./firmware/hal/CortexM3/GNU/hw_reg_access.o
 .debug_line    0x00001675      0x2c2 ./firmware/hal/CortexM3/cortex_nvic.o
 .debug_line    0x00001937      0x2f5 ./firmware/drivers_config/sys_config/sys_config.o
 .debug_line    0x00001c2c      0x586 ./firmware/drivers/mss_sys_services/mss_comblk.o
 .debug_line    0x000021b2      0xdf8 ./firmware/drivers/mss_sys_services/mss_sys_services.o
 .debug_line    0x00002faa      0x6ad ./firmware/drivers/mss_rtc/mss_rtc.o
 .debug_line    0x00003657      0x47e ./firmware/drivers/mss_pdma/mss_pdma.o
 .debug_line    0x00003ad5      0x6c0 ./firmware/drivers/mss_nvm/mss_nvm.o
 .debug_line    0x00004195      0x4a2 ./firmware/drivers/mss_hpdma/mss_hpdma.o
 .debug_line    0x00004637      0x4f9 ./firmware/drivers/CoreUARTapb/core_uart_apb.o
 .debug_line    0x00004b30      0x762 ./firmware/drivers/CoreI2C/core_i2c.o
 .debug_line    0x00005292      0x439 ./firmware/drivers/CoreI2C/i2c_interrupt.o
 .debug_line    0x000056cb      0x423 ./firmware/CMSIS/startup_gcc/newlib_stubs.o
 .debug_line    0x00005aee      0x199 ./firmware/CMSIS/startup_gcc/startup_m2sxxx.o
 .debug_line    0x00005c87      0x35f ./firmware/CMSIS/system_m2sxxx.o

.debug_frame    0x00000000     0x2cf0
 *(.debug_frame)
 .debug_frame   0x00000000       0x30 ./src/main.o
 .debug_frame   0x00000030      0x294 ./inc/MPU6050/mpu6050.o
 .debug_frame   0x000002c4      0x120 ./inc/HM11/hm11.o
 .debug_frame   0x000003e4       0x38 ./inc/CRC8/crc8.o
 .debug_frame   0x0000041c       0xf8 ./firmware/hal/CortexM3/cortex_nvic.o
 .debug_frame   0x00000514      0x240 ./firmware/drivers/mss_sys_services/mss_comblk.o
 .debug_frame   0x00000754      0x7e0 ./firmware/drivers/mss_sys_services/mss_sys_services.o
 .debug_frame   0x00000f34      0x324 ./firmware/drivers/mss_rtc/mss_rtc.o
 .debug_frame   0x00001258      0x234 ./firmware/drivers/mss_pdma/mss_pdma.o
 .debug_frame   0x0000148c      0x208 ./firmware/drivers/mss_nvm/mss_nvm.o
 .debug_frame   0x00001694      0x210 ./firmware/drivers/mss_hpdma/mss_hpdma.o
 .debug_frame   0x000018a4       0xf0 ./firmware/drivers/CoreUARTapb/core_uart_apb.o
 .debug_frame   0x00001994      0x480 ./firmware/drivers/CoreI2C/core_i2c.o
 .debug_frame   0x00001e14       0xa8 ./firmware/drivers/CoreI2C/i2c_interrupt.o
 .debug_frame   0x00001ebc      0x2a8 ./firmware/CMSIS/startup_gcc/newlib_stubs.o
 .debug_frame   0x00002164      0x10c ./firmware/CMSIS/system_m2sxxx.o
 .debug_frame   0x00002270       0x20 c:/microsemi/softconsole_v4.0/arm-none-eabi-gcc/bin/../lib/gcc/arm-none-eabi/4.9.3/../../../../arm-none-eabi/lib/armv7-m\libg_nano.a(lib_a-calloc.o)
 .debug_frame   0x00002290       0x20 c:/microsemi/softconsole_v4.0/arm-none-eabi-gcc/bin/../lib/gcc/arm-none-eabi/4.9.3/../../../../arm-none-eabi/lib/armv7-m\libg_nano.a(lib_a-errno.o)
 .debug_frame   0x000022b0       0x28 c:/microsemi/softconsole_v4.0/arm-none-eabi-gcc/bin/../lib/gcc/arm-none-eabi/4.9.3/../../../../arm-none-eabi/lib/armv7-m\libg_nano.a(lib_a-exit.o)
 .debug_frame   0x000022d8       0x2c c:/microsemi/softconsole_v4.0/arm-none-eabi-gcc/bin/../lib/gcc/arm-none-eabi/4.9.3/../../../../arm-none-eabi/lib/armv7-m\libg_nano.a(lib_a-init.o)
 .debug_frame   0x00002304       0x28 c:/microsemi/softconsole_v4.0/arm-none-eabi-gcc/bin/../lib/gcc/arm-none-eabi/4.9.3/../../../../arm-none-eabi/lib/armv7-m\libg_nano.a(lib_a-memcpy.o)
 .debug_frame   0x0000232c       0x20 c:/microsemi/softconsole_v4.0/arm-none-eabi-gcc/bin/../lib/gcc/arm-none-eabi/4.9.3/../../../../arm-none-eabi/lib/armv7-m\libg_nano.a(lib_a-memset.o)
 .debug_frame   0x0000234c       0x2c c:/microsemi/softconsole_v4.0/arm-none-eabi-gcc/bin/../lib/gcc/arm-none-eabi/4.9.3/../../../../arm-none-eabi/lib/armv7-m\libg_nano.a(lib_a-nano-callocr.o)
 .debug_frame   0x00002378       0x2c c:/microsemi/softconsole_v4.0/arm-none-eabi-gcc/bin/../lib/gcc/arm-none-eabi/4.9.3/../../../../arm-none-eabi/lib/armv7-m\libg_nano.a(lib_a-nano-mallocr.o)
 .debug_frame   0x000023a4       0x74 c:/microsemi/softconsole_v4.0/arm-none-eabi-gcc/bin/../lib/gcc/arm-none-eabi/4.9.3/../../../../arm-none-eabi/lib/armv7-m\libg_nano.a(lib_a-printf.o)
 .debug_frame   0x00002418       0x3c c:/microsemi/softconsole_v4.0/arm-none-eabi-gcc/bin/../lib/gcc/arm-none-eabi/4.9.3/../../../../arm-none-eabi/lib/armv7-m\libg_nano.a(lib_a-puts.o)
 .debug_frame   0x00002454       0x2c c:/microsemi/softconsole_v4.0/arm-none-eabi-gcc/bin/../lib/gcc/arm-none-eabi/4.9.3/../../../../arm-none-eabi/lib/armv7-m\libg_nano.a(lib_a-sbrkr.o)
 .debug_frame   0x00002480       0x3c c:/microsemi/softconsole_v4.0/arm-none-eabi-gcc/bin/../lib/gcc/arm-none-eabi/4.9.3/../../../../arm-none-eabi/lib/armv7-m\libg_nano.a(lib_a-wbuf.o)
 .debug_frame   0x000024bc       0x2c c:/microsemi/softconsole_v4.0/arm-none-eabi-gcc/bin/../lib/gcc/arm-none-eabi/4.9.3/../../../../arm-none-eabi/lib/armv7-m\libg_nano.a(lib_a-wsetup.o)
 .debug_frame   0x000024e8       0x68 c:/microsemi/softconsole_v4.0/arm-none-eabi-gcc/bin/../lib/gcc/arm-none-eabi/4.9.3/../../../../arm-none-eabi/lib/armv7-m\libg_nano.a(lib_a-fflush.o)
 .debug_frame   0x00002550      0x11c c:/microsemi/softconsole_v4.0/arm-none-eabi-gcc/bin/../lib/gcc/arm-none-eabi/4.9.3/../../../../arm-none-eabi/lib/armv7-m\libg_nano.a(lib_a-findfp.o)
 .debug_frame   0x0000266c       0x54 c:/microsemi/softconsole_v4.0/arm-none-eabi-gcc/bin/../lib/gcc/arm-none-eabi/4.9.3/../../../../arm-none-eabi/lib/armv7-m\libg_nano.a(lib_a-fwalk.o)
 .debug_frame   0x000026c0       0x34 c:/microsemi/softconsole_v4.0/arm-none-eabi-gcc/bin/../lib/gcc/arm-none-eabi/4.9.3/../../../../arm-none-eabi/lib/armv7-m\libg_nano.a(lib_a-makebuf.o)
 .debug_frame   0x000026f4       0x2c c:/microsemi/softconsole_v4.0/arm-none-eabi-gcc/bin/../lib/gcc/arm-none-eabi/4.9.3/../../../../arm-none-eabi/lib/armv7-m\libg_nano.a(lib_a-nano-freer.o)
 .debug_frame   0x00002720       0xb8 c:/microsemi/softconsole_v4.0/arm-none-eabi-gcc/bin/../lib/gcc/arm-none-eabi/4.9.3/../../../../arm-none-eabi/lib/armv7-m\libg_nano.a(lib_a-nano-vfprintf.o)
 .debug_frame   0x000027d8       0x58 c:/microsemi/softconsole_v4.0/arm-none-eabi-gcc/bin/../lib/gcc/arm-none-eabi/4.9.3/../../../../arm-none-eabi/lib/armv7-m\libg_nano.a(lib_a-nano-vfprintf_i.o)
 .debug_frame   0x00002830       0x5c c:/microsemi/softconsole_v4.0/arm-none-eabi-gcc/bin/../lib/gcc/arm-none-eabi/4.9.3/../../../../arm-none-eabi/lib/armv7-m\libg_nano.a(lib_a-reent.o)
 .debug_frame   0x0000288c       0x88 c:/microsemi/softconsole_v4.0/arm-none-eabi-gcc/bin/../lib/gcc/arm-none-eabi/4.9.3/../../../../arm-none-eabi/lib/armv7-m\libg_nano.a(lib_a-stdio.o)
 .debug_frame   0x00002914       0x2c c:/microsemi/softconsole_v4.0/arm-none-eabi-gcc/bin/../lib/gcc/arm-none-eabi/4.9.3/../../../../arm-none-eabi/lib/armv7-m\libg_nano.a(lib_a-closer.o)
 .debug_frame   0x00002940       0x2c c:/microsemi/softconsole_v4.0/arm-none-eabi-gcc/bin/../lib/gcc/arm-none-eabi/4.9.3/../../../../arm-none-eabi/lib/armv7-m\libg_nano.a(lib_a-fstatr.o)
 .debug_frame   0x0000296c       0x3c c:/microsemi/softconsole_v4.0/arm-none-eabi-gcc/bin/../lib/gcc/arm-none-eabi/4.9.3/../../../../arm-none-eabi/lib/armv7-m\libg_nano.a(lib_a-fvwrite.o)
 .debug_frame   0x000029a8       0x2c c:/microsemi/softconsole_v4.0/arm-none-eabi-gcc/bin/../lib/gcc/arm-none-eabi/4.9.3/../../../../arm-none-eabi/lib/armv7-m\libg_nano.a(lib_a-isattyr.o)
 .debug_frame   0x000029d4       0x2c c:/microsemi/softconsole_v4.0/arm-none-eabi-gcc/bin/../lib/gcc/arm-none-eabi/4.9.3/../../../../arm-none-eabi/lib/armv7-m\libg_nano.a(lib_a-lseekr.o)
 .debug_frame   0x00002a00       0x28 c:/microsemi/softconsole_v4.0/arm-none-eabi-gcc/bin/../lib/gcc/arm-none-eabi/4.9.3/../../../../arm-none-eabi/lib/armv7-m\libg_nano.a(lib_a-memchr.o)
 .debug_frame   0x00002a28       0x28 c:/microsemi/softconsole_v4.0/arm-none-eabi-gcc/bin/../lib/gcc/arm-none-eabi/4.9.3/../../../../arm-none-eabi/lib/armv7-m\libg_nano.a(lib_a-memmove.o)
 .debug_frame   0x00002a50       0x3c c:/microsemi/softconsole_v4.0/arm-none-eabi-gcc/bin/../lib/gcc/arm-none-eabi/4.9.3/../../../../arm-none-eabi/lib/armv7-m\libg_nano.a(lib_a-nano-reallocr.o)
 .debug_frame   0x00002a8c       0x2c c:/microsemi/softconsole_v4.0/arm-none-eabi-gcc/bin/../lib/gcc/arm-none-eabi/4.9.3/../../../../arm-none-eabi/lib/armv7-m\libg_nano.a(lib_a-readr.o)
 .debug_frame   0x00002ab8       0x20 c:/microsemi/softconsole_v4.0/arm-none-eabi-gcc/bin/../lib/gcc/arm-none-eabi/4.9.3/../../../../arm-none-eabi/lib/armv7-m\libg_nano.a(lib_a-nano-msizer.o)
 .debug_frame   0x00002ad8       0x44 c:/microsemi/softconsole_v4.0/arm-none-eabi-gcc/bin/../lib/gcc/arm-none-eabi/4.9.3/../../../../arm-none-eabi/lib/armv7-m\libm.a(lib_a-w_pow.o)
 .debug_frame   0x00002b1c       0x64 c:/microsemi/softconsole_v4.0/arm-none-eabi-gcc/bin/../lib/gcc/arm-none-eabi/4.9.3/../../../../arm-none-eabi/lib/armv7-m\libm.a(lib_a-e_pow.o)
 .debug_frame   0x00002b80       0x30 c:/microsemi/softconsole_v4.0/arm-none-eabi-gcc/bin/../lib/gcc/arm-none-eabi/4.9.3/../../../../arm-none-eabi/lib/armv7-m\libm.a(lib_a-e_sqrt.o)
 .debug_frame   0x00002bb0       0x20 c:/microsemi/softconsole_v4.0/arm-none-eabi-gcc/bin/../lib/gcc/arm-none-eabi/4.9.3/../../../../arm-none-eabi/lib/armv7-m\libm.a(lib_a-s_fabs.o)
 .debug_frame   0x00002bd0       0x20 c:/microsemi/softconsole_v4.0/arm-none-eabi-gcc/bin/../lib/gcc/arm-none-eabi/4.9.3/../../../../arm-none-eabi/lib/armv7-m\libm.a(lib_a-s_finite.o)
 .debug_frame   0x00002bf0       0x34 c:/microsemi/softconsole_v4.0/arm-none-eabi-gcc/bin/../lib/gcc/arm-none-eabi/4.9.3/../../../../arm-none-eabi/lib/armv7-m\libm.a(lib_a-s_fpclassify.o)
 .debug_frame   0x00002c24       0x20 c:/microsemi/softconsole_v4.0/arm-none-eabi-gcc/bin/../lib/gcc/arm-none-eabi/4.9.3/../../../../arm-none-eabi/lib/armv7-m\libm.a(lib_a-s_matherr.o)
 .debug_frame   0x00002c44       0x20 c:/microsemi/softconsole_v4.0/arm-none-eabi-gcc/bin/../lib/gcc/arm-none-eabi/4.9.3/../../../../arm-none-eabi/lib/armv7-m\libm.a(lib_a-s_nan.o)
 .debug_frame   0x00002c64       0x3c c:/microsemi/softconsole_v4.0/arm-none-eabi-gcc/bin/../lib/gcc/arm-none-eabi/4.9.3/../../../../arm-none-eabi/lib/armv7-m\libm.a(lib_a-s_rint.o)
 .debug_frame   0x00002ca0       0x30 c:/microsemi/softconsole_v4.0/arm-none-eabi-gcc/bin/../lib/gcc/arm-none-eabi/4.9.3/../../../../arm-none-eabi/lib/armv7-m\libm.a(lib_a-s_scalbn.o)
 .debug_frame   0x00002cd0       0x20 c:/microsemi/softconsole_v4.0/arm-none-eabi-gcc/bin/../lib/gcc/arm-none-eabi/4.9.3/../../../../arm-none-eabi/lib/armv7-m\libm.a(lib_a-s_copysign.o)

.debug_str      0x00000000    0x1777a
 *(.debug_str)
 .debug_str     0x00000000     0xcdb6 ./src/main.o
                               0xd043 (size before relaxing)
 .debug_str     0x0000cdb6      0x946 ./inc/MPU6050/mpu6050.o
                               0xd5d5 (size before relaxing)
 .debug_str     0x0000d6fc       0x1c ./inc/MPU6050/mpu6050_ut.o
                               0x247e (size before relaxing)
 .debug_str     0x0000d718      0x114 ./inc/HM11/hm11.o
                               0xd457 (size before relaxing)
 .debug_str     0x0000d82c       0x16 ./inc/HM11/hm11_ut.o
                               0x2478 (size before relaxing)
 .debug_str     0x0000d842       0x1d ./inc/CRC8/crc8.o
                               0x3040 (size before relaxing)
 .debug_str     0x0000d85f      0x1fe ./firmware/hal/CortexM3/cortex_nvic.o
                               0x3614 (size before relaxing)
 .debug_str     0x0000da5d       0x4d ./firmware/drivers_config/sys_config/sys_config.o
                               0x8709 (size before relaxing)
 .debug_str     0x0000daaa      0x4eb ./firmware/drivers/mss_sys_services/mss_comblk.o
                               0x94d1 (size before relaxing)
 .debug_str     0x0000df95     0x2b9d ./firmware/drivers/mss_sys_services/mss_sys_services.o
                               0xd6f3 (size before relaxing)
 .debug_str     0x00010b32      0x83b ./firmware/drivers/mss_rtc/mss_rtc.o
                               0xbe9d (size before relaxing)
 .debug_str     0x0001136d     0x14a7 ./firmware/drivers/mss_pdma/mss_pdma.o
                               0xab50 (size before relaxing)
 .debug_str     0x00012814      0xced ./firmware/drivers/mss_nvm/mss_nvm.o
                               0x9e41 (size before relaxing)
 .debug_str     0x00013501      0x76b ./firmware/drivers/mss_hpdma/mss_hpdma.o
                               0x9deb (size before relaxing)
 .debug_str     0x00013c6c      0xe19 ./firmware/drivers/CoreUARTapb/core_uart_apb.o
                               0x44db (size before relaxing)
 .debug_str     0x00014a85      0xd65 ./firmware/drivers/CoreI2C/core_i2c.o
                               0x6e62 (size before relaxing)
 .debug_str     0x000157ea       0x4b ./firmware/drivers/CoreI2C/i2c_interrupt.o
                               0x9a40 (size before relaxing)
 .debug_str     0x00015835     0x1a3e ./firmware/CMSIS/startup_gcc/newlib_stubs.o
                               0x6a23 (size before relaxing)
 .debug_str     0x00017273      0x507 ./firmware/CMSIS/system_m2sxxx.o
                               0x93b8 (size before relaxing)

.debug_loc
 *(.debug_loc)

.debug_macinfo
 *(.debug_macinfo)

.debug_weaknames
 *(.debug_weaknames)

.debug_funcnames
 *(.debug_funcnames)

.debug_typenames
 *(.debug_typenames)

.debug_varnames
 *(.debug_varnames)

.note.gnu.arm.ident
 *(.note.gnu.arm.ident)

.ARM.attributes
                0x00000000       0x29
 *(.ARM.attributes)
 .ARM.attributes
                0x00000000       0x1d c:/microsemi/softconsole_v4.0/arm-none-eabi-gcc/bin/../lib/gcc/arm-none-eabi/4.9.3/armv7-m/crti.o
 .ARM.attributes
                0x0000001d       0x2d c:/microsemi/softconsole_v4.0/arm-none-eabi-gcc/bin/../lib/gcc/arm-none-eabi/4.9.3/armv7-m/crtbegin.o
 .ARM.attributes
                0x0000004a       0x1b c:/microsemi/softconsole_v4.0/arm-none-eabi-gcc/bin/../lib/gcc/arm-none-eabi/4.9.3/../../../../arm-none-eabi/lib/armv7-m/crt0.o
 .ARM.attributes
                0x00000065       0x33 ./src/main.o
 .ARM.attributes
                0x00000098       0x33 ./inc/MPU6050/mpu6050.o
 .ARM.attributes
                0x000000cb       0x33 ./inc/MPU6050/mpu6050_ut.o
 .ARM.attributes
                0x000000fe       0x33 ./inc/HM11/hm11.o
 .ARM.attributes
                0x00000131       0x33 ./inc/HM11/hm11_ut.o
 .ARM.attributes
                0x00000164       0x33 ./inc/CRC8/crc8.o
 .ARM.attributes
                0x00000197       0x21 ./firmware/hal/CortexM3/GNU/hal.o
 .ARM.attributes
                0x000001b8       0x21 ./firmware/hal/CortexM3/GNU/hw_reg_access.o
 .ARM.attributes
                0x000001d9       0x33 ./firmware/hal/CortexM3/cortex_nvic.o
 .ARM.attributes
                0x0000020c       0x33 ./firmware/drivers_config/sys_config/sys_config.o
 .ARM.attributes
                0x0000023f       0x33 ./firmware/drivers/mss_sys_services/mss_comblk.o
 .ARM.attributes
                0x00000272       0x33 ./firmware/drivers/mss_sys_services/mss_sys_services.o
 .ARM.attributes
                0x000002a5       0x33 ./firmware/drivers/mss_rtc/mss_rtc.o
 .ARM.attributes
                0x000002d8       0x33 ./firmware/drivers/mss_pdma/mss_pdma.o
 .ARM.attributes
                0x0000030b       0x33 ./firmware/drivers/mss_nvm/mss_nvm.o
 .ARM.attributes
                0x0000033e       0x33 ./firmware/drivers/mss_hpdma/mss_hpdma.o
 .ARM.attributes
                0x00000371       0x33 ./firmware/drivers/CoreUARTapb/core_uart_apb.o
 .ARM.attributes
                0x000003a4       0x33 ./firmware/drivers/CoreI2C/core_i2c.o
 .ARM.attributes
                0x000003d7       0x33 ./firmware/drivers/CoreI2C/i2c_interrupt.o
 .ARM.attributes
                0x0000040a       0x33 ./firmware/CMSIS/startup_gcc/newlib_stubs.o
 .ARM.attributes
                0x0000043d       0x21 ./firmware/CMSIS/startup_gcc/startup_m2sxxx.o
 .ARM.attributes
                0x0000045e       0x33 ./firmware/CMSIS/system_m2sxxx.o
 .ARM.attributes
                0x00000491       0x1d c:/microsemi/softconsole_v4.0/arm-none-eabi-gcc/bin/../lib/gcc/arm-none-eabi/4.9.3/armv7-m\libgcc.a(_arm_addsubdf3.o)
 .ARM.attributes
                0x000004ae       0x1d c:/microsemi/softconsole_v4.0/arm-none-eabi-gcc/bin/../lib/gcc/arm-none-eabi/4.9.3/armv7-m\libgcc.a(_arm_muldivdf3.o)
 .ARM.attributes
                0x000004cb       0x1d c:/microsemi/softconsole_v4.0/arm-none-eabi-gcc/bin/../lib/gcc/arm-none-eabi/4.9.3/armv7-m\libgcc.a(_arm_truncdfsf2.o)
 .ARM.attributes
                0x000004e8       0x1d c:/microsemi/softconsole_v4.0/arm-none-eabi-gcc/bin/../lib/gcc/arm-none-eabi/4.9.3/armv7-m\libgcc.a(_arm_addsubsf3.o)
 .ARM.attributes
                0x00000505       0x1d c:/microsemi/softconsole_v4.0/arm-none-eabi-gcc/bin/../lib/gcc/arm-none-eabi/4.9.3/armv7-m\libgcc.a(_arm_muldivsf3.o)
 .ARM.attributes
                0x00000522       0x1d c:/microsemi/softconsole_v4.0/arm-none-eabi-gcc/bin/../lib/gcc/arm-none-eabi/4.9.3/armv7-m\libgcc.a(_arm_cmpsf2.o)
 .ARM.attributes
                0x0000053f       0x2d c:/microsemi/softconsole_v4.0/arm-none-eabi-gcc/bin/../lib/gcc/arm-none-eabi/4.9.3/../../../../arm-none-eabi/lib/armv7-m\libg_nano.a(lib_a-calloc.o)
 .ARM.attributes
                0x0000056c       0x2d c:/microsemi/softconsole_v4.0/arm-none-eabi-gcc/bin/../lib/gcc/arm-none-eabi/4.9.3/../../../../arm-none-eabi/lib/armv7-m\libg_nano.a(lib_a-errno.o)
 .ARM.attributes
                0x00000599       0x2d c:/microsemi/softconsole_v4.0/arm-none-eabi-gcc/bin/../lib/gcc/arm-none-eabi/4.9.3/../../../../arm-none-eabi/lib/armv7-m\libg_nano.a(lib_a-exit.o)
 .ARM.attributes
                0x000005c6       0x2d c:/microsemi/softconsole_v4.0/arm-none-eabi-gcc/bin/../lib/gcc/arm-none-eabi/4.9.3/../../../../arm-none-eabi/lib/armv7-m\libg_nano.a(lib_a-impure.o)
 .ARM.attributes
                0x000005f3       0x2d c:/microsemi/softconsole_v4.0/arm-none-eabi-gcc/bin/../lib/gcc/arm-none-eabi/4.9.3/../../../../arm-none-eabi/lib/armv7-m\libg_nano.a(lib_a-init.o)
 .ARM.attributes
                0x00000620       0x2d c:/microsemi/softconsole_v4.0/arm-none-eabi-gcc/bin/../lib/gcc/arm-none-eabi/4.9.3/../../../../arm-none-eabi/lib/armv7-m\libg_nano.a(lib_a-memcpy.o)
 .ARM.attributes
                0x0000064d       0x2d c:/microsemi/softconsole_v4.0/arm-none-eabi-gcc/bin/../lib/gcc/arm-none-eabi/4.9.3/../../../../arm-none-eabi/lib/armv7-m\libg_nano.a(lib_a-memset.o)
 .ARM.attributes
                0x0000067a       0x2d c:/microsemi/softconsole_v4.0/arm-none-eabi-gcc/bin/../lib/gcc/arm-none-eabi/4.9.3/../../../../arm-none-eabi/lib/armv7-m\libg_nano.a(lib_a-nano-callocr.o)
 .ARM.attributes
                0x000006a7       0x2d c:/microsemi/softconsole_v4.0/arm-none-eabi-gcc/bin/../lib/gcc/arm-none-eabi/4.9.3/../../../../arm-none-eabi/lib/armv7-m\libg_nano.a(lib_a-nano-mallocr.o)
 .ARM.attributes
                0x000006d4       0x2d c:/microsemi/softconsole_v4.0/arm-none-eabi-gcc/bin/../lib/gcc/arm-none-eabi/4.9.3/../../../../arm-none-eabi/lib/armv7-m\libg_nano.a(lib_a-printf.o)
 .ARM.attributes
                0x00000701       0x2d c:/microsemi/softconsole_v4.0/arm-none-eabi-gcc/bin/../lib/gcc/arm-none-eabi/4.9.3/../../../../arm-none-eabi/lib/armv7-m\libg_nano.a(lib_a-puts.o)
 .ARM.attributes
                0x0000072e       0x2d c:/microsemi/softconsole_v4.0/arm-none-eabi-gcc/bin/../lib/gcc/arm-none-eabi/4.9.3/../../../../arm-none-eabi/lib/armv7-m\libg_nano.a(lib_a-sbrkr.o)
 .ARM.attributes
                0x0000075b       0x2d c:/microsemi/softconsole_v4.0/arm-none-eabi-gcc/bin/../lib/gcc/arm-none-eabi/4.9.3/../../../../arm-none-eabi/lib/armv7-m\libg_nano.a(lib_a-wbuf.o)
 .ARM.attributes
                0x00000788       0x2d c:/microsemi/softconsole_v4.0/arm-none-eabi-gcc/bin/../lib/gcc/arm-none-eabi/4.9.3/../../../../arm-none-eabi/lib/armv7-m\libg_nano.a(lib_a-wsetup.o)
 .ARM.attributes
                0x000007b5       0x2d c:/microsemi/softconsole_v4.0/arm-none-eabi-gcc/bin/../lib/gcc/arm-none-eabi/4.9.3/../../../../arm-none-eabi/lib/armv7-m\libg_nano.a(lib_a-fflush.o)
 .ARM.attributes
                0x000007e2       0x2d c:/microsemi/softconsole_v4.0/arm-none-eabi-gcc/bin/../lib/gcc/arm-none-eabi/4.9.3/../../../../arm-none-eabi/lib/armv7-m\libg_nano.a(lib_a-findfp.o)
 .ARM.attributes
                0x0000080f       0x2d c:/microsemi/softconsole_v4.0/arm-none-eabi-gcc/bin/../lib/gcc/arm-none-eabi/4.9.3/../../../../arm-none-eabi/lib/armv7-m\libg_nano.a(lib_a-fwalk.o)
 .ARM.attributes
                0x0000083c       0x2d c:/microsemi/softconsole_v4.0/arm-none-eabi-gcc/bin/../lib/gcc/arm-none-eabi/4.9.3/../../../../arm-none-eabi/lib/armv7-m\libg_nano.a(lib_a-makebuf.o)
 .ARM.attributes
                0x00000869       0x2d c:/microsemi/softconsole_v4.0/arm-none-eabi-gcc/bin/../lib/gcc/arm-none-eabi/4.9.3/../../../../arm-none-eabi/lib/armv7-m\libg_nano.a(lib_a-nano-freer.o)
 .ARM.attributes
                0x00000896       0x2d c:/microsemi/softconsole_v4.0/arm-none-eabi-gcc/bin/../lib/gcc/arm-none-eabi/4.9.3/../../../../arm-none-eabi/lib/armv7-m\libg_nano.a(lib_a-nano-vfprintf.o)
 .ARM.attributes
                0x000008c3       0x2d c:/microsemi/softconsole_v4.0/arm-none-eabi-gcc/bin/../lib/gcc/arm-none-eabi/4.9.3/../../../../arm-none-eabi/lib/armv7-m\libg_nano.a(lib_a-nano-vfprintf_i.o)
 .ARM.attributes
                0x000008f0       0x2d c:/microsemi/softconsole_v4.0/arm-none-eabi-gcc/bin/../lib/gcc/arm-none-eabi/4.9.3/../../../../arm-none-eabi/lib/armv7-m\libg_nano.a(lib_a-reent.o)
 .ARM.attributes
                0x0000091d       0x2d c:/microsemi/softconsole_v4.0/arm-none-eabi-gcc/bin/../lib/gcc/arm-none-eabi/4.9.3/../../../../arm-none-eabi/lib/armv7-m\libg_nano.a(lib_a-stdio.o)
 .ARM.attributes
                0x0000094a       0x2d c:/microsemi/softconsole_v4.0/arm-none-eabi-gcc/bin/../lib/gcc/arm-none-eabi/4.9.3/../../../../arm-none-eabi/lib/armv7-m\libg_nano.a(lib_a-closer.o)
 .ARM.attributes
                0x00000977       0x2d c:/microsemi/softconsole_v4.0/arm-none-eabi-gcc/bin/../lib/gcc/arm-none-eabi/4.9.3/../../../../arm-none-eabi/lib/armv7-m\libg_nano.a(lib_a-fstatr.o)
 .ARM.attributes
                0x000009a4       0x2d c:/microsemi/softconsole_v4.0/arm-none-eabi-gcc/bin/../lib/gcc/arm-none-eabi/4.9.3/../../../../arm-none-eabi/lib/armv7-m\libg_nano.a(lib_a-fvwrite.o)
 .ARM.attributes
                0x000009d1       0x2d c:/microsemi/softconsole_v4.0/arm-none-eabi-gcc/bin/../lib/gcc/arm-none-eabi/4.9.3/../../../../arm-none-eabi/lib/armv7-m\libg_nano.a(lib_a-isattyr.o)
 .ARM.attributes
                0x000009fe       0x2d c:/microsemi/softconsole_v4.0/arm-none-eabi-gcc/bin/../lib/gcc/arm-none-eabi/4.9.3/../../../../arm-none-eabi/lib/armv7-m\libg_nano.a(lib_a-lseekr.o)
 .ARM.attributes
                0x00000a2b       0x2d c:/microsemi/softconsole_v4.0/arm-none-eabi-gcc/bin/../lib/gcc/arm-none-eabi/4.9.3/../../../../arm-none-eabi/lib/armv7-m\libg_nano.a(lib_a-memchr.o)
 .ARM.attributes
                0x00000a58       0x2d c:/microsemi/softconsole_v4.0/arm-none-eabi-gcc/bin/../lib/gcc/arm-none-eabi/4.9.3/../../../../arm-none-eabi/lib/armv7-m\libg_nano.a(lib_a-memmove.o)
 .ARM.attributes
                0x00000a85       0x2d c:/microsemi/softconsole_v4.0/arm-none-eabi-gcc/bin/../lib/gcc/arm-none-eabi/4.9.3/../../../../arm-none-eabi/lib/armv7-m\libg_nano.a(lib_a-nano-reallocr.o)
 .ARM.attributes
                0x00000ab2       0x2d c:/microsemi/softconsole_v4.0/arm-none-eabi-gcc/bin/../lib/gcc/arm-none-eabi/4.9.3/../../../../arm-none-eabi/lib/armv7-m\libg_nano.a(lib_a-readr.o)
 .ARM.attributes
                0x00000adf       0x2d c:/microsemi/softconsole_v4.0/arm-none-eabi-gcc/bin/../lib/gcc/arm-none-eabi/4.9.3/../../../../arm-none-eabi/lib/armv7-m\libg_nano.a(lib_a-nano-msizer.o)
 .ARM.attributes
                0x00000b0c       0x2d c:/microsemi/softconsole_v4.0/arm-none-eabi-gcc/bin/../lib/gcc/arm-none-eabi/4.9.3/armv7-m/crtend.o
 .ARM.attributes
                0x00000b39       0x1d c:/microsemi/softconsole_v4.0/arm-none-eabi-gcc/bin/../lib/gcc/arm-none-eabi/4.9.3/armv7-m/crtn.o
 .ARM.attributes
                0x00000b56       0x2d c:/microsemi/softconsole_v4.0/arm-none-eabi-gcc/bin/../lib/gcc/arm-none-eabi/4.9.3/../../../../arm-none-eabi/lib/armv7-m\libm.a(lib_a-w_pow.o)
 .ARM.attributes
                0x00000b83       0x2d c:/microsemi/softconsole_v4.0/arm-none-eabi-gcc/bin/../lib/gcc/arm-none-eabi/4.9.3/../../../../arm-none-eabi/lib/armv7-m\libm.a(lib_a-e_pow.o)
 .ARM.attributes
                0x00000bb0       0x2d c:/microsemi/softconsole_v4.0/arm-none-eabi-gcc/bin/../lib/gcc/arm-none-eabi/4.9.3/../../../../arm-none-eabi/lib/armv7-m\libm.a(lib_a-e_sqrt.o)
 .ARM.attributes
                0x00000bdd       0x2d c:/microsemi/softconsole_v4.0/arm-none-eabi-gcc/bin/../lib/gcc/arm-none-eabi/4.9.3/../../../../arm-none-eabi/lib/armv7-m\libm.a(lib_a-s_fabs.o)
 .ARM.attributes
                0x00000c0a       0x2d c:/microsemi/softconsole_v4.0/arm-none-eabi-gcc/bin/../lib/gcc/arm-none-eabi/4.9.3/../../../../arm-none-eabi/lib/armv7-m\libm.a(lib_a-s_finite.o)
 .ARM.attributes
                0x00000c37       0x2d c:/microsemi/softconsole_v4.0/arm-none-eabi-gcc/bin/../lib/gcc/arm-none-eabi/4.9.3/../../../../arm-none-eabi/lib/armv7-m\libm.a(lib_a-s_fpclassify.o)
 .ARM.attributes
                0x00000c64       0x2d c:/microsemi/softconsole_v4.0/arm-none-eabi-gcc/bin/../lib/gcc/arm-none-eabi/4.9.3/../../../../arm-none-eabi/lib/armv7-m\libm.a(lib_a-s_lib_ver.o)
 .ARM.attributes
                0x00000c91       0x2d c:/microsemi/softconsole_v4.0/arm-none-eabi-gcc/bin/../lib/gcc/arm-none-eabi/4.9.3/../../../../arm-none-eabi/lib/armv7-m\libm.a(lib_a-s_matherr.o)
 .ARM.attributes
                0x00000cbe       0x2d c:/microsemi/softconsole_v4.0/arm-none-eabi-gcc/bin/../lib/gcc/arm-none-eabi/4.9.3/../../../../arm-none-eabi/lib/armv7-m\libm.a(lib_a-s_nan.o)
 .ARM.attributes
                0x00000ceb       0x2d c:/microsemi/softconsole_v4.0/arm-none-eabi-gcc/bin/../lib/gcc/arm-none-eabi/4.9.3/../../../../arm-none-eabi/lib/armv7-m\libm.a(lib_a-s_rint.o)
 .ARM.attributes
                0x00000d18       0x2d c:/microsemi/softconsole_v4.0/arm-none-eabi-gcc/bin/../lib/gcc/arm-none-eabi/4.9.3/../../../../arm-none-eabi/lib/armv7-m\libm.a(lib_a-s_scalbn.o)
 .ARM.attributes
                0x00000d45       0x2d c:/microsemi/softconsole_v4.0/arm-none-eabi-gcc/bin/../lib/gcc/arm-none-eabi/4.9.3/../../../../arm-none-eabi/lib/armv7-m\libm.a(lib_a-s_copysign.o)
 .ARM.attributes
                0x00000d72       0x1d c:/microsemi/softconsole_v4.0/arm-none-eabi-gcc/bin/../lib/gcc/arm-none-eabi/4.9.3/armv7-m\libgcc.a(_arm_cmpdf2.o)

/DISCARD/
 *(.note.GNU-stack)
 *(.isr_vector)
OUTPUT(BT-Gyro-SW.elf elf32-littlearm)

.debug_ranges   0x00000000      0x7a8
 .debug_ranges  0x00000000       0x10 ./src/main.o
 .debug_ranges  0x00000010       0x90 ./inc/MPU6050/mpu6050.o
 .debug_ranges  0x000000a0       0x48 ./inc/HM11/hm11.o
 .debug_ranges  0x000000e8       0x10 ./inc/CRC8/crc8.o
 .debug_ranges  0x000000f8       0x38 ./firmware/hal/CortexM3/cortex_nvic.o
 .debug_ranges  0x00000130       0x80 ./firmware/drivers/mss_sys_services/mss_comblk.o
 .debug_ranges  0x000001b0      0x1b8 ./firmware/drivers/mss_sys_services/mss_sys_services.o
 .debug_ranges  0x00000368       0xb0 ./firmware/drivers/mss_rtc/mss_rtc.o
 .debug_ranges  0x00000418       0x78 ./firmware/drivers/mss_pdma/mss_pdma.o
 .debug_ranges  0x00000490       0x70 ./firmware/drivers/mss_nvm/mss_nvm.o
 .debug_ranges  0x00000500       0x70 ./firmware/drivers/mss_hpdma/mss_hpdma.o
 .debug_ranges  0x00000570       0x38 ./firmware/drivers/CoreUARTapb/core_uart_apb.o
 .debug_ranges  0x000005a8      0x100 ./firmware/drivers/CoreI2C/core_i2c.o
 .debug_ranges  0x000006a8       0x28 ./firmware/drivers/CoreI2C/i2c_interrupt.o
 .debug_ranges  0x000006d0       0x98 ./firmware/CMSIS/startup_gcc/newlib_stubs.o
 .debug_ranges  0x00000768       0x40 ./firmware/CMSIS/system_m2sxxx.o

.debug_macro    0x00000000     0x5adc
 .debug_macro   0x00000000      0x237 ./src/main.o
 .debug_macro   0x00000237      0x862 ./src/main.o
 .debug_macro   0x00000a99       0x22 ./src/main.o
 .debug_macro   0x00000abb       0x44 ./src/main.o
 .debug_macro   0x00000aff       0x58 ./src/main.o
 .debug_macro   0x00000b57       0x22 ./src/main.o
 .debug_macro   0x00000b79      0x1df ./src/main.o
 .debug_macro   0x00000d58       0x58 ./src/main.o
 .debug_macro   0x00000db0       0x35 ./src/main.o
 .debug_macro   0x00000de5       0x9c ./src/main.o
 .debug_macro   0x00000e81      0x16d ./src/main.o
 .debug_macro   0x00000fee       0x52 ./src/main.o
 .debug_macro   0x00001040       0x16 ./src/main.o
 .debug_macro   0x00001056       0x43 ./src/main.o
 .debug_macro   0x00001099      0x180 ./src/main.o
 .debug_macro   0x00001219      0x27a ./src/main.o
 .debug_macro   0x00001493       0x10 ./src/main.o
 .debug_macro   0x000014a3       0x35 ./src/main.o
 .debug_macro   0x000014d8       0x16 ./src/main.o
 .debug_macro   0x000014ee       0x16 ./src/main.o
 .debug_macro   0x00001504       0x29 ./src/main.o
 .debug_macro   0x0000152d       0x40 ./src/main.o
 .debug_macro   0x0000156d       0x26 ./src/main.o
 .debug_macro   0x00001593       0x3a ./src/main.o
 .debug_macro   0x000015cd       0x34 ./src/main.o
 .debug_macro   0x00001601      0xc83 ./src/main.o
 .debug_macro   0x00002284      0x265 ./src/main.o
 .debug_macro   0x000024e9       0x46 ./src/main.o
 .debug_macro   0x0000252f       0x1c ./src/main.o
 .debug_macro   0x0000254b       0x10 ./src/main.o
 .debug_macro   0x0000255b       0x10 ./src/main.o
 .debug_macro   0x0000256b       0x22 ./src/main.o
 .debug_macro   0x0000258d       0xbe ./src/main.o
 .debug_macro   0x0000264b       0x16 ./src/main.o
 .debug_macro   0x00002661      0x197 ./src/main.o
 .debug_macro   0x000027f8      0x1e1 ./src/main.o
 .debug_macro   0x000029d9       0x35 ./src/main.o
 .debug_macro   0x00002a0e       0x3a ./src/main.o
 .debug_macro   0x00002a48       0x34 ./src/main.o
 .debug_macro   0x00002a7c      0x13c ./src/main.o
 .debug_macro   0x00002bb8      0x1d7 ./inc/MPU6050/mpu6050.o
 .debug_macro   0x00002d8f       0x16 ./inc/MPU6050/mpu6050.o
 .debug_macro   0x00002da5       0x97 ./inc/MPU6050/mpu6050.o
 .debug_macro   0x00002e3c       0xf6 ./inc/MPU6050/mpu6050.o
 .debug_macro   0x00002f32       0x16 ./inc/MPU6050/mpu6050.o
 .debug_macro   0x00002f48       0x11 ./inc/MPU6050/mpu6050_ut.o
 .debug_macro   0x00002f59      0x237 ./inc/HM11/hm11.o
 .debug_macro   0x00003190       0x11 ./inc/HM11/hm11_ut.o
 .debug_macro   0x000031a1       0x5e ./inc/CRC8/crc8.o
 .debug_macro   0x000031ff       0xa8 ./firmware/hal/CortexM3/cortex_nvic.o
 .debug_macro   0x000032a7       0x1c ./firmware/hal/CortexM3/cortex_nvic.o
 .debug_macro   0x000032c3       0xa9 ./firmware/drivers_config/sys_config/sys_config.o
 .debug_macro   0x0000336c      0x14b ./firmware/drivers/mss_sys_services/mss_comblk.o
 .debug_macro   0x000034b7      0x3bd ./firmware/drivers/mss_sys_services/mss_sys_services.o
 .debug_macro   0x00003874      0x2f8 ./firmware/drivers/mss_sys_services/mss_sys_services.o
 .debug_macro   0x00003b6c      0x1fb ./firmware/drivers/mss_rtc/mss_rtc.o
 .debug_macro   0x00003d67       0x4a ./firmware/drivers/mss_rtc/mss_rtc.o
 .debug_macro   0x00003db1      0x184 ./firmware/drivers/mss_pdma/mss_pdma.o
 .debug_macro   0x00003f35      0x273 ./firmware/drivers/mss_pdma/mss_pdma.o
 .debug_macro   0x000041a8      0x292 ./firmware/drivers/mss_nvm/mss_nvm.o
 .debug_macro   0x0000443a       0x16 ./firmware/drivers/mss_nvm/mss_nvm.o
 .debug_macro   0x00004450      0x134 ./firmware/drivers/mss_hpdma/mss_hpdma.o
 .debug_macro   0x00004584       0x4a ./firmware/drivers/mss_hpdma/mss_hpdma.o
 .debug_macro   0x000045ce       0x10 ./firmware/drivers/mss_hpdma/mss_hpdma.o
 .debug_macro   0x000045de      0x123 ./firmware/drivers/CoreUARTapb/core_uart_apb.o
 .debug_macro   0x00004701       0x64 ./firmware/drivers/CoreUARTapb/core_uart_apb.o
 .debug_macro   0x00004765      0x106 ./firmware/drivers/CoreUARTapb/core_uart_apb.o
 .debug_macro   0x0000486b      0x25b ./firmware/drivers/CoreI2C/core_i2c.o
 .debug_macro   0x00004ac6      0x1c1 ./firmware/drivers/CoreI2C/core_i2c.o
 .debug_macro   0x00004c87       0x3c ./firmware/drivers/CoreI2C/core_i2c.o
 .debug_macro   0x00004cc3      0x118 ./firmware/drivers/CoreI2C/i2c_interrupt.o
 .debug_macro   0x00004ddb      0x186 ./firmware/CMSIS/startup_gcc/newlib_stubs.o
 .debug_macro   0x00004f61      0x10e ./firmware/CMSIS/startup_gcc/newlib_stubs.o
 .debug_macro   0x0000506f       0x86 ./firmware/CMSIS/startup_gcc/newlib_stubs.o
 .debug_macro   0x000050f5       0x16 ./firmware/CMSIS/startup_gcc/newlib_stubs.o
 .debug_macro   0x0000510b      0x48e ./firmware/CMSIS/startup_gcc/newlib_stubs.o
 .debug_macro   0x00005599       0x16 ./firmware/CMSIS/startup_gcc/newlib_stubs.o
 .debug_macro   0x000055af       0x10 ./firmware/CMSIS/startup_gcc/newlib_stubs.o
 .debug_macro   0x000055bf       0x10 ./firmware/CMSIS/startup_gcc/newlib_stubs.o
 .debug_macro   0x000055cf       0x10 ./firmware/CMSIS/startup_gcc/newlib_stubs.o
 .debug_macro   0x000055df       0x35 ./firmware/CMSIS/startup_gcc/newlib_stubs.o
 .debug_macro   0x00005614      0x122 ./firmware/CMSIS/startup_gcc/newlib_stubs.o
 .debug_macro   0x00005736       0x10 ./firmware/CMSIS/startup_gcc/newlib_stubs.o
 .debug_macro   0x00005746      0x241 ./firmware/CMSIS/startup_gcc/newlib_stubs.o
 .debug_macro   0x00005987      0x155 ./firmware/CMSIS/system_m2sxxx.o

.comment        0x00000000       0x70
 .comment       0x00000000       0x70 ./src/main.o
                                 0x71 (size before relaxing)
 .comment       0x00000000       0x71 ./inc/MPU6050/mpu6050.o
 .comment       0x00000000       0x71 ./inc/MPU6050/mpu6050_ut.o
 .comment       0x00000000       0x71 ./inc/HM11/hm11.o
 .comment       0x00000000       0x71 ./inc/HM11/hm11_ut.o
 .comment       0x00000000       0x71 ./inc/CRC8/crc8.o
 .comment       0x00000000       0x71 ./firmware/hal/CortexM3/cortex_nvic.o
 .comment       0x00000000       0x71 ./firmware/drivers_config/sys_config/sys_config.o
 .comment       0x00000000       0x71 ./firmware/drivers/mss_sys_services/mss_comblk.o
 .comment       0x00000000       0x71 ./firmware/drivers/mss_sys_services/mss_sys_services.o
 .comment       0x00000000       0x71 ./firmware/drivers/mss_rtc/mss_rtc.o
 .comment       0x00000000       0x71 ./firmware/drivers/mss_pdma/mss_pdma.o
 .comment       0x00000000       0x71 ./firmware/drivers/mss_nvm/mss_nvm.o
 .comment       0x00000000       0x71 ./firmware/drivers/mss_hpdma/mss_hpdma.o
 .comment       0x00000000       0x71 ./firmware/drivers/CoreUARTapb/core_uart_apb.o
 .comment       0x00000000       0x71 ./firmware/drivers/CoreI2C/core_i2c.o
 .comment       0x00000000       0x71 ./firmware/drivers/CoreI2C/i2c_interrupt.o
 .comment       0x00000000       0x71 ./firmware/CMSIS/startup_gcc/newlib_stubs.o
 .comment       0x00000000       0x71 ./firmware/CMSIS/system_m2sxxx.o
